Component: ARM Compiler 5.06 update 6 (build 750) Tool: armlink [4d35ed]

==============================================================================

Section Cross References

    main.o(i.main) refers to memseta.o(.text) for __aeabi_memclr4
    main.o(i.main) refers to misc.o(i.NVIC_PriorityGroupConfig) for NVIC_PriorityGroupConfig
    main.o(i.main) refers to delay.o(i.delay_init) for delay_init
    main.o(i.main) refers to project_confi.o(i.function_config) for function_config
    main.o(i.main) refers to timer.o(i.TIM3_Int_Init) for TIM3_Int_Init
    main.o(i.main) refers to delay.o(i.delay_ms) for delay_ms
    main.o(i.main) refers to pageui.o(i.main_task) for main_task
    main.o(i.main) refers to bsp_key.o(i.key_value) for key_value
    main.o(i.main) refers to lv_hal_tick.o(i.lv_tick_inc) for lv_tick_inc
    main.o(i.main) refers to lv_task.o(i.lv_task_handler) for lv_task_handler
    main.o(i.main) refers to datahandle.o(i.datatransfer) for datatransfer
    main.o(i.main) refers to main.o(.constdata) for .constdata
    main.o(i.main) refers to project_confi.o(.bss) for bsp
    project_confi.o(i.adc_func_init) refers to bsp_adc.o(i.Rheostat_Init) for Rheostat_Init
    project_confi.o(i.adc_func_init) refers to project_confi.o(.bss) for bsp
    project_confi.o(i.adc_func_init) refers to stm32f4xx_adc.o(i.ADC_SoftwareStartConv) for ADC_SoftwareStartConv
    project_confi.o(i.adc_func_init) refers to bsp_adc.o(i.Get_Adc) for Get_Adc
    project_confi.o(i.adc_func_init) refers to bsp_adc.o(.data) for ADC_ConvertedValue
    project_confi.o(i.function_config) refers to project_confi.o(i.lcd_func_init) for lcd_func_init
    project_confi.o(i.function_config) refers to project_confi.o(i.usb_func_init) for usb_func_init
    project_confi.o(i.function_config) refers to project_confi.o(i.adc_func_init) for adc_func_init
    project_confi.o(i.function_config) refers to project_confi.o(i.led_func_init) for led_func_init
    project_confi.o(i.function_config) refers to project_confi.o(i.key_func_init) for key_func_init
    project_confi.o(i.function_config) refers to project_confi.o(i.nrf_func_init) for nrf_func_init
    project_confi.o(i.function_config) refers to project_confi.o(i.gui_func_init) for gui_func_init
    project_confi.o(i.function_config) refers to lv_obj.o(i.lv_init) for lv_init
    project_confi.o(i.function_config) refers to tft.o(i.tft_init) for tft_init
    project_confi.o(i.gui_func_init) refers to gui.o(i.LCD_BGR2RGB) for LCD_BGR2RGB
    project_confi.o(i.gui_func_init) refers to project_confi.o(.bss) for bsp
    project_confi.o(i.gui_func_init) refers to gui.o(i.Gui_Circle) for Gui_Circle
    project_confi.o(i.gui_func_init) refers to gui.o(i.Gui_DrawLine) for Gui_DrawLine
    project_confi.o(i.gui_func_init) refers to gui.o(i.Gui_box) for Gui_box
    project_confi.o(i.gui_func_init) refers to gui.o(i.Gui_box2) for Gui_box2
    project_confi.o(i.gui_func_init) refers to gui.o(i.DisplayButtonDown) for DisplayButtonDown
    project_confi.o(i.gui_func_init) refers to gui.o(i.DisplayButtonUp) for DisplayButtonUp
    project_confi.o(i.gui_func_init) refers to gui.o(i.Gui_DrawFont_GBK16) for Gui_DrawFont_GBK16
    project_confi.o(i.gui_func_init) refers to gui.o(i.Gui_DrawFont_GBK24) for Gui_DrawFont_GBK24
    project_confi.o(i.gui_func_init) refers to gui.o(i.Gui_DrawFont_Num32) for Gui_DrawFont_Num32
    project_confi.o(i.key_func_init) refers to bsp_key.o(i.Key_GPIO_Config) for Key_GPIO_Config
    project_confi.o(i.key_func_init) refers to project_confi.o(.bss) for bsp
    project_confi.o(i.key_func_init) refers to bsp_key.o(i.Key_Scan) for Key_Scan
    project_confi.o(i.key_func_init) refers to bsp_key.o(.data) for key_vlaues
    project_confi.o(i.lcd_func_init) refers to lcd_driver.o(i.Lcd_Init) for Lcd_Init
    project_confi.o(i.lcd_func_init) refers to project_confi.o(.bss) for bsp
    project_confi.o(i.lcd_func_init) refers to lcd_driver.o(i.Lcd_Clear) for Lcd_Clear
    project_confi.o(i.lcd_func_init) refers to lcd_driver.o(i.Lcd_SetXY) for Lcd_SetXY
    project_confi.o(i.lcd_func_init) refers to lcd_driver.o(i.Lcd_WriteData_16Bit) for Lcd_WriteData_16Bit
    project_confi.o(i.lcd_func_init) refers to lcd_driver.o(i.Lcd_DrawPoint) for Lcd_DrawPoint
    project_confi.o(i.lcd_func_init) refers to lcd_driver.o(i.Lcd_SetRegion) for Lcd_SetRegion
    project_confi.o(i.lcd_func_init) refers to lcd_driver.o(i.Lcd_Colorblock) for Lcd_Colorblock
    project_confi.o(i.led_func_init) refers to bsp_led.o(i.LED_GPIO_Config) for LED_GPIO_Config
    project_confi.o(i.led_func_init) refers to project_confi.o(.bss) for bsp
    project_confi.o(i.led_func_init) refers to stm32f4xx_gpio.o(i.GPIO_ResetBits) for GPIO_ResetBits
    project_confi.o(i.led_func_init) refers to stm32f4xx_gpio.o(i.GPIO_SetBits) for GPIO_SetBits
    project_confi.o(i.nrf_func_init) refers to nrf24l01.o(i.init_nrf24l01_io) for init_nrf24l01_io
    project_confi.o(i.nrf_func_init) refers to project_confi.o(.bss) for bsp
[...]
    lv_task_ready                            0x08011269   Thumb Code    18  lv_task.o(i.lv_task_ready)
    lv_theme_get_current                     0x0801127d   Thumb Code    14  lv_theme.o(i.lv_theme_get_current)
    lv_tick_elaps                            0x08011295   Thumb Code    26  lv_hal_tick.o(i.lv_tick_elaps)
    lv_tick_get                              0x080112b1   Thumb Code    22  lv_hal_tick.o(i.lv_tick_get)
    lv_tick_inc                              0x080112d1   Thumb Code    18  lv_hal_tick.o(i.lv_tick_inc)
    lv_txt_get_next_line                     0x080112ed   Thumb Code   524  lv_txt.o(i.lv_txt_get_next_line)
    lv_txt_get_size                          0x08011501   Thumb Code   204  lv_txt.o(i.lv_txt_get_size)
    lv_txt_get_width                         0x080115cd   Thumb Code   128  lv_txt.o(i.lv_txt_get_width)
    lv_txt_is_cmd                            0x08011651   Thumb Code    66  lv_txt.o(i.lv_txt_is_cmd)
    lv_ufs_close                             0x080119d9   Thumb Code    34  lv_ufs.o(i.lv_ufs_close)
    lv_ufs_dir_close                         0x080119fb   Thumb Code     6  lv_ufs.o(i.lv_ufs_dir_close)
    lv_ufs_dir_open                          0x08011a01   Thumb Code    20  lv_ufs.o(i.lv_ufs_dir_open)
    lv_ufs_dir_read                          0x08011a15   Thumb Code    56  lv_ufs.o(i.lv_ufs_dir_read)
    lv_ufs_free                              0x08011b21   Thumb Code    30  lv_ufs.o(i.lv_ufs_free)
    lv_ufs_init                              0x08011b41   Thumb Code   110  lv_ufs.o(i.lv_ufs_init)
    lv_ufs_open                              0x08011bf1   Thumb Code   112  lv_ufs.o(i.lv_ufs_open)
    lv_ufs_read                              0x08011c61   Thumb Code   110  lv_ufs.o(i.lv_ufs_read)
    lv_ufs_ready                             0x08011cd1   Thumb Code     6  lv_ufs.o(i.lv_ufs_ready)
    lv_ufs_remove                            0x08011cdd   Thumb Code    72  lv_ufs.o(i.lv_ufs_remove)
    lv_ufs_seek                              0x08011d29   Thumb Code    84  lv_ufs.o(i.lv_ufs_seek)
    lv_ufs_size                              0x08011da9   Thumb Code    16  lv_ufs.o(i.lv_ufs_size)
    lv_ufs_tell                              0x08011db9   Thumb Code    12  lv_ufs.o(i.lv_ufs_tell)
    lv_ufs_trunc                             0x08011dc5   Thumb Code    70  lv_ufs.o(i.lv_ufs_trunc)
    lv_ufs_write                             0x08011e39   Thumb Code   132  lv_ufs.o(i.lv_ufs_write)
    lv_vdb_flush                             0x08011ee9   Thumb Code    58  lv_vdb.o(i.lv_vdb_flush)
    lv_vdb_get                               0x08011f59   Thumb Code    14  lv_vdb.o(i.lv_vdb_get)
    lv_vfill                                 0x08011f71   Thumb Code   490  lv_draw_vbasic.o(i.lv_vfill)
    lv_vletter                               0x0801219d   Thumb Code   832  lv_draw_vbasic.o(i.lv_vletter)
    lv_vmap                                  0x08012551   Thumb Code   802  lv_draw_vbasic.o(i.lv_vmap)
    lv_vpx                                   0x080128b1   Thumb Code   218  lv_draw_vbasic.o(i.lv_vpx)
    main                                     0x080129c5   Thumb Code   320  main.o(i.main)
    main_task                                0x08012b11   Thumb Code   678  pageui.o(i.main_task)
    malloc                                   0x08012e29   Thumb Code    92  malloc.o(i.malloc)
    nrf_func_init                            0x08012ef1   Thumb Code    42  project_confi.o(i.nrf_func_init)
    tft_fill                                 0x08013161   Thumb Code    40  tft.o(i.tft_fill)
    tft_init                                 0x0801320d   Thumb Code    32  tft.o(i.tft_init)
    usbVCP_DataRX_Handle                     0x080132b5   Thumb Code     2  driver_usbvcp.o(i.usbVCP_DataRX_Handle)
    usbVCP_Init                              0x080132b9   Thumb Code    24  driver_usbvcp.o(i.usbVCP_Init)
    usbVCP_Printf                            0x080132e1   Thumb Code    64  driver_usbvcp.o(i.usbVCP_Printf)
    usbVCP_SendBuffer                        0x08013321   Thumb Code    24  driver_usbvcp.o(i.usbVCP_SendBuffer)
    usbVCP_SendByte                          0x08013339   Thumb Code    34  driver_usbvcp.o(i.usbVCP_SendByte)
    usbVCP_SendString                        0x08013365   Thumb Code    24  driver_usbvcp.o(i.usbVCP_SendString)
    usb_func_init                            0x0801337d   Thumb Code    26  project_confi.o(i.usb_func_init)
    usbd_cdc_DataIn                          0x080133b1   Thumb Code   160  driver_usbvcp.o(i.usbd_cdc_DataIn)
    usbd_cdc_DataOut                         0x08013461   Thumb Code    48  driver_usbvcp.o(i.usbd_cdc_DataOut)
    usbd_cdc_DeInit                          0x08013499   Thumb Code    40  driver_usbvcp.o(i.usbd_cdc_DeInit)
    usbd_cdc_EP0_RxReady                     0x080134c5   Thumb Code    38  driver_usbvcp.o(i.usbd_cdc_EP0_RxReady)
    usbd_cdc_Init                            0x080134fd   Thumb Code    74  driver_usbvcp.o(i.usbd_cdc_Init)
    usbd_cdc_SOF                             0x08013555   Thumb Code    36  driver_usbvcp.o(i.usbd_cdc_SOF)
    usbd_cdc_Setup                           0x0801357d   Thumb Code   180  driver_usbvcp.o(i.usbd_cdc_Setup)
    asc16                                    0x0801366e   Data        1521  gui.o(.constdata)
    sz32                                     0x08013c5f   Data        1921  gui.o(.constdata)
    hz16                                     0x080143e0   Data          34  gui.o(.constdata)
    hz24                                     0x08014402   Data          74  gui.o(.constdata)
    NRF_TX_ADDRESS                           0x0801444c   Data           5  nrf24l01.o(.constdata)
    NRF_RX_ADDRESS                           0x08014451   Data           5  nrf24l01.o(.constdata)
    px_fp                                    0x08014520   Data           4  lv_draw.o(.constdata)
    fill_fp                                  0x08014524   Data           4  lv_draw.o(.constdata)
    letter_fp                                0x08014528   Data           4  lv_draw.o(.constdata)
    map_fp                                   0x0801452c   Data           4  lv_draw.o(.constdata)
    Region$$Table$$Base                      0x0801ccc4   Number         0  anon$$obj.o(Region$$Table)
    Region$$Table$$Limit                     0x0801cce4   Number         0  anon$$obj.o(Region$$Table)
    ser1                                     0x20000000   Data           4  pageui.o(.data)
    ser2                                     0x20000004   Data           4  pageui.o(.data)
    ser3                                     0x20000008   Data           4  pageui.o(.data)
    ser4                                     0x2000000c   Data           4  pageui.o(.data)
    scr                                      0x20000010   Data           4  pageui.o(.data)
    chart                                    0x20000014   Data           4  pageui.o(.data)
    ch1                                      0x20000018   Data           4  pageui.o(.data)
    ch2                                      0x2000001c   Data           4  pageui.o(.data)
    ch3                                      0x20000020   Data           4  pageui.o(.data)
    ch4                                      0x20000024   Data           4  pageui.o(.data)
    box1                                     0x20000028   Data           4  pageui.o(.data)
    title1                                   0x2000002c   Data           4  pageui.o(.data)
    CmdBuff                                  0x20000034   Data           8  driver_usbvcp.o(.data)
    APP_Rx_ptr_in                            0x2000003c   Data           4  driver_usbvcp.o(.data)
    APP_Rx_ptr_out                           0x20000040   Data           4  driver_usbvcp.o(.data)
    APP_Rx_length                            0x20000044   Data           4  driver_usbvcp.o(.data)
    USB_Tx_State                             0x20000048   Data           1  driver_usbvcp.o(.data)
    USBD_CDC_cb                              0x20000054   Data          44  driver_usbvcp.o(.data)
    usbd_cdc_CfgDesc                         0x20000080   Data          67  driver_usbvcp.o(.data)
    VCP_fops                                 0x200000c4   Data          20  driver_usbvcp.o(.data)
    USR_desc                                 0x200000d8   Data          28  driver_usbvcp.o(.data)
    USBD_DeviceDesc                          0x200000f4   Data          18  driver_usbvcp.o(.data)
    USBD_DeviceQualifierDesc                 0x20000106   Data          10  driver_usbvcp.o(.data)
    USBD_LangIDDesc                          0x20000110   Data           4  driver_usbvcp.o(.data)
    USBD_StringSerial                        0x20000114   Data          26  driver_usbvcp.o(.data)
    USR_cb                                   0x20000130   Data          28  driver_usbvcp.o(.data)
    usbStatus                                0x2000014c   Data           1  driver_usbvcp.o(.data)
    usbPreemptionPriority                    0x2000014d   Data           1  driver_usbvcp.o(.data)
    usbSubPriority                           0x2000014e   Data           1  driver_usbvcp.o(.data)
    ADC_ConvertedValue                       0x20000154   Data           8  bsp_adc.o(.data)
    key                                      0x2000015c   Data           8  bsp_key.o(.data)
    key_vlaues                               0x20000164   Data           4  bsp_key.o(.data)
    i                                        0x20000168   Data           1  timer.o(.data)
    __stdout                                 0x20000180   Data           4  usart.o(.data)
    USART_RX_STA                             0x20000184   Data           2  usart.o(.data)
    SET_TEST_MODE                            0x20000188   Data           4  usbd_core.o(.data)
    USBD_DCD_INT_cb                          0x2000018c   Data          44  usbd_core.o(.data)
    USBD_DCD_INT_fops                        0x200001b8   Data           4  usbd_core.o(.data)
    USBD_ep_status                           0x200001bc   Data           4  usbd_req.o(.data)
    USBD_default_cfg                         0x200001c0   Data           4  usbd_req.o(.data)
    USBD_cfg_status                          0x200001c4   Data           4  usbd_req.o(.data)
    lv_font_dejavu_20                        0x20000218   Data          40  lv_font_dejavu_20.o(.data)
    lv_font_dejavu_20_cyrillic               0x20000240   Data          40  lv_font_dejavu_20_cyrillic.o(.data)
    lv_font_dejavu_20_latin_sup              0x20000268   Data          40  lv_font_dejavu_20_latin_sup.o(.data)
    lv_font_symbol_20                        0x20000290   Data          40  lv_font_symbol_20.o(.data)
    _lv_def_scr                              0x200002cc   Data           4  lv_gc.o(.data)
    _lv_act_scr                              0x200002d0   Data           4  lv_gc.o(.data)
    _lv_top_layer                            0x200002d4   Data           4  lv_gc.o(.data)
    _lv_sys_layer                            0x200002d8   Data           4  lv_gc.o(.data)
    _lv_task_act                             0x200002dc   Data           4  lv_gc.o(.data)
    _lv_indev_list                           0x200002e0   Data           4  lv_gc.o(.data)
    _lv_disp_list                            0x200002e4   Data           4  lv_gc.o(.data)
    lv_txt_encoded_size                      0x20000308   Data           4  lv_txt.o(.data)
    lv_txt_unicode_to_encoded                0x2000030c   Data           4  lv_txt.o(.data)
    lv_txt_encoded_conv_wc                   0x20000310   Data           4  lv_txt.o(.data)
    lv_txt_encoded_next                      0x20000314   Data           4  lv_txt.o(.data)
    lv_txt_encoded_prev                      0x20000318   Data           4  lv_txt.o(.data)
    lv_txt_encoded_get_byte_id               0x2000031c   Data           4  lv_txt.o(.data)
    lv_encoded_get_char_id                   0x20000320   Data           4  lv_txt.o(.data)
    lv_txt_get_encoded_length                0x20000324   Data           4  lv_txt.o(.data)
    __microlib_freelist                      0x20000358   Data           4  mvars.o(.data)
    __microlib_freelist_initialised          0x2000035c   Data           4  mvars.o(.data)
    scfft                                    0x20000360   Data          20  project_confi.o(.bss)
    simple                                   0x20000374   Data          16  project_confi.o(.bss)
    bsp                                      0x20000384   Data         152  project_confi.o(.bss)
    value                                    0x20000584   Data         800  datahandle.o(.bss)
    fft_value                                0x200008a4   Data         512  datahandle.o(.bss)
    sfft_value                               0x20000aa4   Data        1024  datahandle.o(.bss)
    usbd_cdc_OtherCfgDesc                    0x20000ea4   Data          67  driver_usbvcp.o(.bss)
    USB_Rx_Buffer                            0x20000ee7   Data          64  driver_usbvcp.o(.bss)
    APP_Rx_Buffer                            0x20000f27   Data        2048  driver_usbvcp.o(.bss)
    USBD_StrDesc                             0x20001727   Data         255  driver_usbvcp.o(.bss)
    USB_OTG_dev                              0x20001828   Data        1524  driver_usbvcp.o(.bss)
    USART_RX_BUF                             0x20001e1c   Data         200  usart.o(.bss)
    lv_style_scr                             0x20002024   Data          60  lv_style.o(.bss)
    lv_style_transp                          0x20002060   Data          60  lv_style.o(.bss)
    lv_style_transp_fit                      0x2000209c   Data          60  lv_style.o(.bss)
    lv_style_transp_tight                    0x200020d8   Data          60  lv_style.o(.bss)
    lv_style_plain                           0x20002114   Data          60  lv_style.o(.bss)
    lv_style_plain_color                     0x20002150   Data          60  lv_style.o(.bss)
    lv_style_pretty                          0x2000218c   Data          60  lv_style.o(.bss)
    lv_style_pretty_color                    0x200021c8   Data          60  lv_style.o(.bss)
    lv_style_btn_rel                         0x20002204   Data          60  lv_style.o(.bss)
    lv_style_btn_pr                          0x20002240   Data          60  lv_style.o(.bss)
    lv_style_btn_tgl_rel                     0x2000227c   Data          60  lv_style.o(.bss)
    lv_style_btn_tgl_pr                      0x200022b8   Data          60  lv_style.o(.bss)
    lv_style_btn_ina                         0x200022f4   Data          60  lv_style.o(.bss)
    _lv_task_ll                              0x200061b0   Data          12  lv_gc.o(.bss)
    _lv_scr_ll                               0x200061bc   Data          12  lv_gc.o(.bss)
    _lv_drv_ll                               0x200061c8   Data          12  lv_gc.o(.bss)
    _lv_file_ll                              0x200061d4   Data          12  lv_gc.o(.bss)
    _lv_anim_ll                              0x200061e0   Data          12  lv_gc.o(.bss)
    __heap_base                              0x20011fb8   Data           0  startup_stm32f40_41xxx.o(HEAP)
    __heap_limit                             0x200123b8   Data           0  startup_stm32f40_41xxx.o(HEAP)
    __initial_sp                             0x2001a3b8   Data           0  startup_stm32f40_41xxx.o(STACK)



==============================================================================

Memory Map of the image

  Image Entry point : 0x08000189

  Load Region LR_IROM1 (Base: 0x08000000, Size: 0x0001d044, Max: 0x00080000, ABSOLUTE, COMPRESSED[0x0001ce58])

    Execution Region ER_IROM1 (Exec base: 0x08000000, Load base: 0x08000000, Size: 0x0001cce4, Max: 0x00080000, ABSOLUTE)

    Exec Addr    Load Addr    Size         Type   Attr      Idx    E Section Name        Object

    0x08000000   0x08000000   0x00000188   Data   RO         1411    RESET               startup_stm32f40_41xxx.o
    0x08000188   0x08000188   0x00000000   Code   RO        13870  * .ARM.Collect$$$$00000000  mc_w.l(entry.o)
    0x08000188   0x08000188   0x00000004   Code   RO        13941    .ARM.Collect$$$$00000001  mc_w.l(entry2.o)
    0x0800018c   0x0800018c   0x00000004   Code   RO        13944    .ARM.Collect$$$$00000004  mc_w.l(entry5.o)
    0x08000190   0x08000190   0x00000000   Code   RO        13946    .ARM.Collect$$$$00000008  mc_w.l(entry7b.o)
    0x08000190   0x08000190   0x00000000   Code   RO        13948    .ARM.Collect$$$$0000000A  mc_w.l(entry8b.o)
    0x08000190   0x08000190   0x00000008   Code   RO        13949    .ARM.Collect$$$$0000000B  mc_w.l(entry9a.o)
    0x08000198   0x08000198   0x00000000   Code   RO        13951    .ARM.Collect$$$$0000000D  mc_w.l(entry10a.o)
    0x08000198   0x08000198   0x00000000   Code   RO        13953    .ARM.Collect$$$$0000000F  mc_w.l(entry11a.o)
    0x08000198   0x08000198   0x00000004   Code   RO        13942    .ARM.Collect$$$$00002712  mc_w.l(entry2.o)
    0x0800019c   0x0800019c   0x00000024   Code   RO         1412    .text               startup_stm32f40_41xxx.o
    0x080001c0   0x080001c0   0x00000024   Code   RO        13873    .text               mc_w.l(memcpya.o)
    0x080001e4   0x080001e4   0x00000024   Code   RO        13875    .text               mc_w.l(memseta.o)
    0x08000208   0x08000208   0x0000000e   Code   RO        13877    .text               mc_w.l(strlen.o)
    0x08000216   0x08000216   0x0000001c   Code   RO        13879    .text               mc_w.l(strcmp.o)
    0x08000232   0x08000232   0x00000012   Code   RO        13881    .text               mc_w.l(strcpy.o)
    0x08000244   0x08000244   0x0000002c   Code   RO        13955    .text               mc_w.l(uidiv.o)
    0x08000270   0x08000270   0x00000062   Code   RO        13957    .text               mc_w.l(uldiv.o)
    0x080002d2   0x080002d2   0x00000000   Code   RO        13961    .text               mc_w.l(iusefp.o)
    0x080002d2   0x080002d2   0x0000014e   Code   RO        13962    .text               mf_w.l(dadd.o)
    0x08000420   0x08000420   0x000000e4   Code   RO        13964    .text               mf_w.l(dmul.o)
    0x08000504   0x08000504   0x000000de   Code   RO        13966    .text               mf_w.l(ddiv.o)
    0x080005e2   0x080005e2   0x00000030   Code   RO        13968    .text               mf_w.l(dfixul.o)
    0x08000612   0x08000612   0x00000002   PAD
    0x08000614   0x08000614   0x00000030   Code   RO        13970    .text               mf_w.l(cdrcmple.o)
    0x08000644   0x08000644   0x00000024   Code   RO        13972    .text               mc_w.l(init.o)
    0x08000668   0x08000668   0x0000001e   Code   RO        13974    .text               mc_w.l(llshl.o)
    0x08000686   0x08000686   0x00000020   Code   RO        13976    .text               mc_w.l(llushr.o)
    0x080006a6   0x080006a6   0x00000024   Code   RO        13978    .text               mc_w.l(llsshr.o)
    0x080006ca   0x080006ca   0x000000ba   Code   RO        13980    .text               mf_w.l(depilogue.o)
    0x08000784   0x08000784   0x00000056   Code   RO        13990    .text               mc_w.l(__dczerorl2.o)
    0x080007da   0x080007da   0x00000016   Code   RO         1576    i.ADC_Cmd           stm32f4xx_adc.o
    0x080007f0   0x080007f0   0x00000030   Code   RO         1577    i.ADC_CommonInit    stm32f4xx_adc.o
    0x08000820   0x08000820   0x00000016   Code   RO         1580    i.ADC_DMACmd        stm32f4xx_adc.o
    0x08000836   0x08000836   0x00000016   Code   RO         1581    i.ADC_DMARequestAfterLastTransferCmd  stm32f4xx_adc.o
    0x0800084c   0x0800084c   0x00000008   Code   RO         1588    i.ADC_GetConversionValue  stm32f4xx_adc.o
    0x08000854   0x08000854   0x00000012   Code   RO         1589    i.ADC_GetFlagStatus  stm32f4xx_adc.o
    0x08000866   0x08000866   0x00000002   PAD
    0x08000868   0x08000868   0x00000054   Code   RO         1596    i.ADC_Init          stm32f4xx_adc.o
    0x080008bc   0x080008bc   0x000000b8   Code   RO         1601    i.ADC_RegularChannelConfig  stm32f4xx_adc.o
    0x08000974   0x08000974   0x0000000a   Code   RO         1603    i.ADC_SoftwareStartConv  stm32f4xx_adc.o
    0x0800097e   0x0800097e   0x00000014   Code   RO         1605    i.ADC_StructInit    stm32f4xx_adc.o
    0x08000992   0x08000992   0x00000004   Code   RO         1418    i.BusFault_Handler  stm32f4xx_it.o
    0x08000996   0x08000996   0x0000004a   Code   RO         4344    i.DCD_EP_Close      usb_dcd.o
    0x080009e0   0x080009e0   0x00000048   Code   RO         4345    i.DCD_EP_ClrStall   usb_dcd.o
    0x08000a28   0x08000a28   0x00000068   Code   RO         4347    i.DCD_EP_Open       usb_dcd.o
    0x08000a90   0x08000a90   0x00000052   Code   RO         4348    i.DCD_EP_PrepareRx  usb_dcd.o
    0x08000ae2   0x08000ae2   0x0000001c   Code   RO         4349    i.DCD_EP_SetAddress  usb_dcd.o
    0x08000afe   0x08000afe   0x00000048   Code   RO         4350    i.DCD_EP_Stall      usb_dcd.o
    0x08000b46   0x08000b46   0x0000004e   Code   RO         4351    i.DCD_EP_Tx         usb_dcd.o
    0x08000b94   0x08000b94   0x00000198   Code   RO         4434    i.DCD_HandleEnumDone_ISR  usb_dcd_int.o
    0x08000d2c   0x08000d2c   0x00000128   Code   RO         4435    i.DCD_HandleInEP_ISR  usb_dcd_int.o
    0x08000e54   0x08000e54   0x00000100   Code   RO         4436    i.DCD_HandleOutEP_ISR  usb_dcd_int.o
    0x08000f54   0x08000f54   0x0000006c   Code   RO         4437    i.DCD_HandleResume_ISR  usb_dcd_int.o
    0x08000fc0   0x08000fc0   0x000000b0   Code   RO         4438    i.DCD_HandleRxStatusQueueLevel_ISR  usb_dcd_int.o
    0x08001070   0x08001070   0x0000002c   Code   RO         4439    i.DCD_HandleSof_ISR  usb_dcd_int.o
    0x0800109c   0x0800109c   0x000000a8   Code   RO         4440    i.DCD_HandleUSBSuspend_ISR  usb_dcd_int.o
    0x08001144   0x08001144   0x00000104   Code   RO         4441    i.DCD_HandleUsbReset_ISR  usb_dcd_int.o
    0x08001248   0x08001248   0x0000009c   Code   RO         4353    i.DCD_Init          usb_dcd.o
    0x080012e4   0x080012e4   0x0000002c   Code   RO         4442    i.DCD_IsoINIncomplete_ISR  usb_dcd_int.o
    0x08001310   0x08001310   0x0000002c   Code   RO         4443    i.DCD_IsoOUTIncomplete_ISR  usb_dcd_int.o
    0x0800133c   0x0800133c   0x00000028   Code   RO         4444    i.DCD_ReadDevInEP   usb_dcd_int.o
    0x08001364   0x08001364   0x000000ac   Code   RO         4445    i.DCD_WriteEmptyTxFifo  usb_dcd_int.o
    0x08001410   0x08001410   0x00000016   Code   RO         3637    i.DMA_Cmd           stm32f4xx_dma.o
    0x08001426   0x08001426   0x00000002   PAD
    0x08001428   0x08001428   0x00000058   Code   RO         3649    i.DMA_Init          stm32f4xx_dma.o
    0x08001480   0x08001480   0x00000002   Code   RO         1419    i.DebugMon_Handler  stm32f4xx_it.o
    0x08001482   0x08001482   0x00000082   Code   RO         1050    i.DisplayButtonDown  gui.o
    0x08001504   0x08001504   0x00000082   Code   RO         1051    i.DisplayButtonUp   gui.o
    0x08001586   0x08001586   0x00000090   Code   RO         2122    i.GPIO_Init         stm32f4xx_gpio.o
    0x08001616   0x08001616   0x00000046   Code   RO         2123    i.GPIO_PinAFConfig  stm32f4xx_gpio.o
    0x0800165c   0x0800165c   0x00000012   Code   RO         2126    i.GPIO_ReadInputDataBit  stm32f4xx_gpio.o
    0x0800166e   0x0800166e   0x00000004   Code   RO         2129    i.GPIO_ResetBits    stm32f4xx_gpio.o
    0x08001672   0x08001672   0x00000004   Code   RO         2130    i.GPIO_SetBits      stm32f4xx_gpio.o
    0x08001676   0x08001676   0x00000002   PAD
    0x08001678   0x08001678   0x00000030   Code   RO          939    i.Get_Adc           bsp_adc.o
    0x080016a8   0x080016a8   0x00000034   Code   RO          633    i.Get_SerialNum     driver_usbvcp.o
    0x080016dc   0x080016dc   0x0000012c   Code   RO         1052    i.Gui_Circle        gui.o
    0x08001808   0x08001808   0x00000194   Code   RO         1053    i.Gui_DrawFont_GBK16  gui.o
    0x0800199c   0x0800199c   0x000001f0   Code   RO         1054    i.Gui_DrawFont_GBK24  gui.o
    0x08001b8c   0x08001b8c   0x00000080   Code   RO         1055    i.Gui_DrawFont_Num32  gui.o
    0x08001c0c   0x08001c0c   0x000000ba   Code   RO         1056    i.Gui_DrawLine      gui.o
    0x08001cc6   0x08001cc6   0x000000bc   Code   RO         1057    i.Gui_box           gui.o
    0x08001d82   0x08001d82   0x00000182   Code   RO         1058    i.Gui_box2          gui.o
    0x08001f04   0x08001f04   0x000000dc   Code   RO          634    i.Handle_USBAsynchXfer  driver_usbvcp.o
    0x08001fe0   0x08001fe0   0x00000004   Code   RO         1420    i.HardFault_Handler  stm32f4xx_it.o
    0x08001fe4   0x08001fe4   0x0000003e   Code   RO          635    i.IntToUnicode      driver_usbvcp.o
    0x08002022   0x08002022   0x00000002   PAD
    0x08002024   0x08002024   0x00000028   Code   RO          987    i.Key_GPIO_Config   bsp_key.o
    0x0800204c   0x0800204c   0x0000003a   Code   RO          988    i.Key_Scan          bsp_key.o
    0x08002086   0x08002086   0x0000001a   Code   RO         1059    i.LCD_BGR2RGB       gui.o
    0x080020a0   0x080020a0   0x00000034   Code   RO         1133    i.LCD_GPIO_Init     lcd_driver.o
    0x080020d4   0x080020d4   0x00000038   Code   RO         1030    i.LED_GPIO_Config   bsp_led.o
    0x0800210c   0x0800210c   0x0000005c   Code   RO         1135    i.Lcd_Clear         lcd_driver.o
    0x08002168   0x08002168   0x00000060   Code   RO         1136    i.Lcd_Colorblock    lcd_driver.o
    0x080021c8   0x080021c8   0x00000018   Code   RO         1137    i.Lcd_DrawPoint     lcd_driver.o
    0x080021e0   0x080021e0   0x0000021c   Code   RO         1138    i.Lcd_Init          lcd_driver.o
    0x080023fc   0x080023fc   0x00000024   Code   RO         1139    i.Lcd_Reset         lcd_driver.o
    0x08002420   0x08002420   0x00000036   Code   RO         1140    i.Lcd_SetRegion     lcd_driver.o
    0x08002456   0x08002456   0x00000026   Code   RO         1141    i.Lcd_SetXY         lcd_driver.o
    0x0800247c   0x0800247c   0x00000018   Code   RO         1142    i.Lcd_WriteData     lcd_driver.o
    0x08002494   0x08002494   0x00000012   Code   RO         1143    i.Lcd_WriteData_16Bit  lcd_driver.o
    0x080024a6   0x080024a6   0x00000002   PAD
    0x080024a8   0x080024a8   0x0000001c   Code   RO         1144    i.Lcd_WriteIndex    lcd_driver.o
    0x080024c4   0x080024c4   0x00000004   Code   RO         1421    i.MemManage_Handler  stm32f4xx_it.o
    0x080024c8   0x080024c8   0x00000002   Code   RO         1422    i.NMI_Handler       stm32f4xx_it.o
    0x080024ca   0x080024ca   0x00000002   PAD
    0x080024cc   0x080024cc   0x0000004c   Code   RO         1325    i.NRF_Check         nrf24l01.o
    0x08002518   0x08002518   0x00000064   Code   RO         1326    i.NRF_RX_Mode       nrf24l01.o
    0x0800257c   0x0800257c   0x00000048   Code   RO         1327    i.NRF_Rx_Dat        nrf24l01.o
    0x080025c4   0x080025c4   0x00000064   Code   RO         1328    i.NRF_tx_Dat        nrf24l01.o
    0x08002628   0x08002628   0x00000078   Code   RO         1526    i.NVIC_Init         misc.o
    0x080026a0   0x080026a0   0x00000014   Code   RO         1527    i.NVIC_PriorityGroupConfig  misc.o
    0x080026b4   0x080026b4   0x00000010   Code   RO          636    i.OTG_FS_IRQHandler  driver_usbvcp.o
    0x080026c4   0x080026c4   0x00000002   Code   RO         1423    i.PendSV_Handler    stm32f4xx_it.o
    0x080026c6   0x080026c6   0x00000002   PAD
    0x080026c8   0x080026c8   0x00000020   Code   RO         2269    i.RCC_AHB1PeriphClockCmd  stm32f4xx_rcc.o
    0x080026e8   0x080026e8   0x00000020   Code   RO         2272    i.RCC_AHB2PeriphClockCmd  stm32f4xx_rcc.o
    0x08002708   0x08002708   0x00000020   Code   RO         2278    i.RCC_APB1PeriphClockCmd  stm32f4xx_rcc.o
    0x08002728   0x08002728   0x00000020   Code   RO         2281    i.RCC_APB2PeriphClockCmd  stm32f4xx_rcc.o
    0x08002748   0x08002748   0x000000e8   Code   RO         2290    i.RCC_GetClocksFreq  stm32f4xx_rcc.o
    0x08002830   0x08002830   0x00000088   Code   RO          940    i.Rheostat_ADC_GPIO_Config  bsp_adc.o
    0x080028b8   0x080028b8   0x00000114   Code   RO          941    i.Rheostat_ADC_Mode_Config  bsp_adc.o
    0x080029cc   0x080029cc   0x0000000c   Code   RO          942    i.Rheostat_Init     bsp_adc.o
    0x080029d8   0x080029d8   0x00000048   Code   RO         1329    i.SPI_NRF_RW        nrf24l01.o
    0x08002a20   0x08002a20   0x00000040   Code   RO         1330    i.SPI_NRF_ReadBuf   nrf24l01.o
    0x08002a60   0x08002a60   0x0000002c   Code   RO         1331    i.SPI_NRF_ReadReg   nrf24l01.o
    0x08002a8c   0x08002a8c   0x00000040   Code   RO         1332    i.SPI_NRF_WriteBuf  nrf24l01.o
    0x08002acc   0x08002acc   0x0000002c   Code   RO         1333    i.SPI_NRF_WriteReg  nrf24l01.o
    0x08002af8   0x08002af8   0x0000003c   Code   RO         1148    i.SPIv_WriteData    lcd_driver.o
    0x08002b34   0x08002b34   0x00000002   Code   RO         1424    i.SVC_Handler       stm32f4xx_it.o
    0x08002b36   0x08002b36   0x00000002   PAD
    0x08002b38   0x08002b38   0x000000ec   Code   RO         1489    i.SetSysClock       system_stm32f4xx.o
    0x08002c24   0x08002c24   0x00000028   Code   RO         1530    i.SysTick_CLKSourceConfig  misc.o
    0x08002c4c   0x08002c4c   0x00000002   Code   RO         1425    i.SysTick_Handler   stm32f4xx_it.o
    0x08002c4e   0x08002c4e   0x00000002   PAD
    0x08002c50   0x08002c50   0x00000068   Code   RO         1491    i.SystemInit        system_stm32f4xx.o
    0x08002cb8   0x08002cb8   0x00000088   Code   RO         1292    i.TIM3_IRQHandler   timer.o
    0x08002d40   0x08002d40   0x0000005c   Code   RO         1293    i.TIM3_Int_Init     timer.o
    0x08002d9c   0x08002d9c   0x00000006   Code   RO         2834    i.TIM_ClearITPendingBit  stm32f4xx_tim.o
    0x08002da2   0x08002da2   0x00000018   Code   RO         2839    i.TIM_Cmd           stm32f4xx_tim.o
    0x08002dba   0x08002dba   0x00000022   Code   RO         2860    i.TIM_GetITStatus   stm32f4xx_tim.o
    0x08002ddc   0x08002ddc   0x00000012   Code   RO         2864    i.TIM_ITConfig      stm32f4xx_tim.o
    0x08002dee   0x08002dee   0x00000002   PAD
    0x08002df0   0x08002df0   0x00000084   Code   RO         2911    i.TIM_TimeBaseInit  stm32f4xx_tim.o
    0x08002e74   0x08002e74   0x00000088   Code   RO         3821    i.USART1_IRQHandler  usart.o
    0x08002efc   0x08002efc   0x00000054   Code   RO         3393    i.USART_GetITStatus  stm32f4xx_usart.o
    0x08002f50   0x08002f50   0x0000000a   Code   RO         3403    i.USART_ReceiveData  stm32f4xx_usart.o
    0x08002f5a   0x08002f5a   0x00000016   Code   RO         3870    i.USBD_ClrCfg       usbd_core.o
    0x08002f70   0x08002f70   0x00000048   Code   RO         4020    i.USBD_ClrFeature   usbd_req.o
    0x08002fb8   0x08002fb8   0x0000001e   Code   RO         3964    i.USBD_CtlContinueRx  usbd_ioreq.o
    0x08002fd6   0x08002fd6   0x0000001e   Code   RO         3965    i.USBD_CtlContinueSendData  usbd_ioreq.o
    0x08002ff4   0x08002ff4   0x0000001e   Code   RO         4021    i.USBD_CtlError     usbd_req.o
    0x08003012   0x08003012   0x0000002e   Code   RO         3966    i.USBD_CtlPrepareRx  usbd_ioreq.o
    0x08003040   0x08003040   0x00000024   Code   RO         3967    i.USBD_CtlReceiveStatus  usbd_ioreq.o
    0x08003064   0x08003064   0x0000002e   Code   RO         3968    i.USBD_CtlSendData  usbd_ioreq.o
    0x08003092   0x08003092   0x00000024   Code   RO         3969    i.USBD_CtlSendStatus  usbd_ioreq.o
    0x080030b6   0x080030b6   0x000000e8   Code   RO         3871    i.USBD_DataInStage  usbd_core.o
    0x0800319e   0x0800319e   0x00000096   Code   RO         3872    i.USBD_DataOutStage  usbd_core.o
    0x08003234   0x08003234   0x00000006   Code   RO         3873    i.USBD_DeInit       usbd_core.o
    0x0800323a   0x0800323a   0x00000002   PAD
    0x0800323c   0x0800323c   0x00000054   Code   RO         4022    i.USBD_GetConfig    usbd_req.o
    0x08003290   0x08003290   0x00000112   Code   RO         4023    i.USBD_GetDescriptor  usbd_req.o
    0x080033a2   0x080033a2   0x00000014   Code   RO         4024    i.USBD_GetLen       usbd_req.o
    0x080033b6   0x080033b6   0x00000002   PAD
    0x080033b8   0x080033b8   0x00000050   Code   RO         4025    i.USBD_GetStatus    usbd_req.o
    0x08003408   0x08003408   0x00000052   Code   RO         4026    i.USBD_GetString    usbd_req.o
    0x0800345a   0x0800345a   0x00000042   Code   RO         3874    i.USBD_Init         usbd_core.o
    0x0800349c   0x0800349c   0x00000012   Code   RO         3875    i.USBD_IsoINIncomplete  usbd_core.o
    0x080034ae   0x080034ae   0x00000012   Code   RO         3876    i.USBD_IsoOUTIncomplete  usbd_core.o
    0x080034c0   0x080034c0   0x000000e0   Code   RO         4446    i.USBD_OTG_ISR_Handler  usb_dcd_int.o
    0x080035a0   0x080035a0   0x00000048   Code   RO         4027    i.USBD_ParseSetupRequest  usbd_req.o
    0x080035e8   0x080035e8   0x00000032   Code   RO         3877    i.USBD_Reset        usbd_core.o
    0x0800361a   0x0800361a   0x0000001e   Code   RO         3878    i.USBD_Resume       usbd_core.o
    0x08003638   0x08003638   0x00000014   Code   RO         3879    i.USBD_RunTestMode  usbd_core.o
    0x0800364c   0x0800364c   0x0000001a   Code   RO         3880    i.USBD_SOF          usbd_core.o
    0x08003666   0x08003666   0x0000005c   Code   RO         4028    i.USBD_SetAddress   usbd_req.o
    0x080036c2   0x080036c2   0x0000001e   Code   RO         3881    i.USBD_SetCfg       usbd_core.o
    0x080036e0   0x080036e0   0x000000d0   Code   RO         4029    i.USBD_SetConfig    usbd_req.o
    0x080037b0   0x080037b0   0x000000b0   Code   RO         4030    i.USBD_SetFeature   usbd_req.o
    0x08003860   0x08003860   0x00000054   Code   RO         3882    i.USBD_SetupStage   usbd_core.o
    0x080038b4   0x080038b4   0x00000072   Code   RO         4031    i.USBD_StdDevReq    usbd_req.o
    0x08003926   0x08003926   0x00000002   PAD
    0x08003928   0x08003928   0x00000178   Code   RO         4032    i.USBD_StdEPReq     usbd_req.o
    0x08003aa0   0x08003aa0   0x0000004c   Code   RO         4033    i.USBD_StdItfReq    usbd_req.o
    0x08003aec   0x08003aec   0x00000020   Code   RO         3883    i.USBD_Suspend      usbd_core.o
    0x08003b0c   0x08003b0c   0x00000034   Code   RO          637    i.USBD_USR_ConfigStrDescriptor  driver_usbvcp.o
    0x08003b40   0x08003b40   0x0000000c   Code   RO          638    i.USBD_USR_DeviceConfigured  driver_usbvcp.o
    0x08003b4c   0x08003b4c   0x0000000c   Code   RO          639    i.USBD_USR_DeviceConnected  driver_usbvcp.o
    0x08003b58   0x08003b58   0x00000010   Code   RO          640    i.USBD_USR_DeviceDescriptor  driver_usbvcp.o
    0x08003b68   0x08003b68   0x0000000c   Code   RO          641    i.USBD_USR_DeviceDisconnected  driver_usbvcp.o
    0x08003b74   0x08003b74   0x00000002   Code   RO          642    i.USBD_USR_DeviceReset  driver_usbvcp.o
    0x08003b76   0x08003b76   0x00000002   PAD
    0x08003b78   0x08003b78   0x0000000c   Code   RO          643    i.USBD_USR_DeviceResumed  driver_usbvcp.o
    0x08003b84   0x08003b84   0x0000000c   Code   RO          644    i.USBD_USR_DeviceSuspended  driver_usbvcp.o
    0x08003b90   0x08003b90   0x00000002   Code   RO          645    i.USBD_USR_Init     driver_usbvcp.o
    0x08003b92   0x08003b92   0x00000002   PAD
    0x08003b94   0x08003b94   0x00000038   Code   RO          646    i.USBD_USR_InterfaceStrDescriptor  driver_usbvcp.o
    0x08003bcc   0x08003bcc   0x00000010   Code   RO          647    i.USBD_USR_LangIDStrDescriptor  driver_usbvcp.o
    0x08003bdc   0x08003bdc   0x0000002c   Code   RO          648    i.USBD_USR_ManufacturerStrDescriptor  driver_usbvcp.o
    0x08003c08   0x08003c08   0x00000070   Code   RO          649    i.USBD_USR_ProductStrDescriptor  driver_usbvcp.o
    0x08003c78   0x08003c78   0x00000018   Code   RO          650    i.USBD_USR_SerialStrDescriptor  driver_usbvcp.o
    0x08003c90   0x08003c90   0x00000010   Code   RO          651    i.USBD_cdc_GetCfgDesc  driver_usbvcp.o
    0x08003ca0   0x08003ca0   0x00000038   Code   RO          652    i.USB_OTG_BSP_EnableInterrupt  driver_usbvcp.o
    0x08003cd8   0x08003cd8   0x00000064   Code   RO          653    i.USB_OTG_BSP_Init  driver_usbvcp.o
    0x08003d3c   0x08003d3c   0x00000012   Code   RO          654    i.USB_OTG_BSP_mDelay  driver_usbvcp.o
    0x08003d4e   0x08003d4e   0x0000001e   Code   RO          655    i.USB_OTG_BSP_uDelay  driver_usbvcp.o
    0x08003d6c   0x08003d6c   0x00000126   Code   RO         4115    i.USB_OTG_CoreInit  usb_core.o
    0x08003e92   0x08003e92   0x0000020e   Code   RO         4116    i.USB_OTG_CoreInitDev  usb_core.o
    0x080040a0   0x080040a0   0x00000070   Code   RO         4117    i.USB_OTG_CoreReset  usb_core.o
    0x08004110   0x08004110   0x00000022   Code   RO         4118    i.USB_OTG_DisableGlobalInt  usb_core.o
    0x08004132   0x08004132   0x00000074   Code   RO         4119    i.USB_OTG_EP0Activate  usb_core.o
    0x080041a6   0x080041a6   0x00000156   Code   RO         4120    i.USB_OTG_EP0StartXfer  usb_core.o
    0x080042fc   0x080042fc   0x00000062   Code   RO         4121    i.USB_OTG_EP0_OutStart  usb_core.o
    0x0800435e   0x0800435e   0x00000098   Code   RO         4122    i.USB_OTG_EPActivate  usb_core.o
    0x080043f6   0x080043f6   0x00000050   Code   RO         4123    i.USB_OTG_EPClearStall  usb_core.o
    0x08004446   0x08004446   0x0000005e   Code   RO         4124    i.USB_OTG_EPDeactivate  usb_core.o
    0x080044a4   0x080044a4   0x00000064   Code   RO         4125    i.USB_OTG_EPSetStall  usb_core.o
    0x08004508   0x08004508   0x000001fe   Code   RO         4126    i.USB_OTG_EPStartXfer  usb_core.o
    0x08004706   0x08004706   0x00000034   Code   RO         4127    i.USB_OTG_EnableCommonInt  usb_core.o
    0x0800473a   0x0800473a   0x0000009a   Code   RO         4128    i.USB_OTG_EnableDevInt  usb_core.o
    0x080047d4   0x080047d4   0x00000022   Code   RO         4129    i.USB_OTG_EnableGlobalInt  usb_core.o
    0x080047f6   0x080047f6   0x00000002   PAD
    0x080047f8   0x080047f8   0x0000004c   Code   RO         4130    i.USB_OTG_FlushRxFifo  usb_core.o
    0x08004844   0x08004844   0x00000054   Code   RO         4131    i.USB_OTG_FlushTxFifo  usb_core.o
    0x08004898   0x08004898   0x00000038   Code   RO         4132    i.USB_OTG_GetDeviceSpeed  usb_core.o
    0x080048d0   0x080048d0   0x0000000c   Code   RO         4134    i.USB_OTG_GetMode   usb_core.o
    0x080048dc   0x080048dc   0x00000018   Code   RO         4135    i.USB_OTG_InitDevSpeed  usb_core.o
    0x080048f4   0x080048f4   0x00000016   Code   RO         4136    i.USB_OTG_IsDeviceMode  usb_core.o
    0x0800490a   0x0800490a   0x00000010   Code   RO         4138    i.USB_OTG_ReadCoreItr  usb_core.o
    0x0800491a   0x0800491a   0x00000010   Code   RO         4139    i.USB_OTG_ReadDevAllInEPItr  usb_core.o
    0x0800492a   0x0800492a   0x00000010   Code   RO         4140    i.USB_OTG_ReadDevAllOutEp_itr  usb_core.o
    0x0800493a   0x0800493a   0x00000014   Code   RO         4141    i.USB_OTG_ReadDevOutEP_itr  usb_core.o
    0x0800494e   0x0800494e   0x00000028   Code   RO         4143    i.USB_OTG_ReadPacket  usb_core.o
    0x08004976   0x08004976   0x00000002   PAD
    0x08004978   0x08004978   0x000000d0   Code   RO         4144    i.USB_OTG_SelectCore  usb_core.o
    0x08004a48   0x08004a48   0x0000004e   Code   RO         4145    i.USB_OTG_SetCurrentMode  usb_core.o
    0x08004a96   0x08004a96   0x00000040   Code   RO         4149    i.USB_OTG_WritePacket  usb_core.o
    0x08004ad6   0x08004ad6   0x00000004   Code   RO         1426    i.UsageFault_Handler  stm32f4xx_it.o
    0x08004ada   0x08004ada   0x00000006   Code   RO          657    i.VCP_Ctrl          driver_usbvcp.o
    0x08004ae0   0x08004ae0   0x00000012   Code   RO          658    i.VCP_DataRx        driver_usbvcp.o
    0x08004af2   0x08004af2   0x00000004   Code   RO          659    i.VCP_DataTx        driver_usbvcp.o
    0x08004af6   0x08004af6   0x00000004   Code   RO          660    i.VCP_DeInit        driver_usbvcp.o
    0x08004afa   0x08004afa   0x00000004   Code   RO          661    i.VCP_Init          driver_usbvcp.o
    0x08004afe   0x08004afe   0x00000002   PAD
    0x08004b00   0x08004b00   0x0000002c   Code   RO        13891    i.__0vsnprintf      mc_w.l(printfa.o)
    0x08004b2c   0x08004b2c   0x0000000e   Code   RO        13984    i.__scatterload_copy  mc_w.l(handlers.o)
    0x08004b3a   0x08004b3a   0x00000002   Code   RO        13985    i.__scatterload_null  mc_w.l(handlers.o)
    0x08004b3c   0x08004b3c   0x0000000e   Code   RO        13986    i.__scatterload_zeroinit  mc_w.l(handlers.o)
    0x08004b4a   0x08004b4a   0x00000002   PAD
    0x08004b4c   0x08004b4c   0x00000184   Code   RO        13893    i._fp_digits        mc_w.l(printfa.o)
    0x08004cd0   0x08004cd0   0x000006dc   Code   RO        13894    i._printf_core      mc_w.l(printfa.o)
    0x080053ac   0x080053ac   0x00000024   Code   RO        13895    i._printf_post_padding  mc_w.l(printfa.o)
    0x080053d0   0x080053d0   0x0000002e   Code   RO        13896    i._printf_pre_padding  mc_w.l(printfa.o)
    0x080053fe   0x080053fe   0x00000016   Code   RO        13897    i._snputc           mc_w.l(printfa.o)
    0x08005414   0x08005414   0x0000003c   Code   RO          472    i.adc_func_init     project_confi.o
    0x08005450   0x08005450   0x000000a4   Code   RO         6923    i.anim_ready_handler  lv_anim.o
    0x080054f4   0x080054f4   0x000000d0   Code   RO         6924    i.anim_task         lv_anim.o
    0x080055c4   0x080055c4   0x0000002c   Code   RO         6332    i.antialias_get_opa_circ  lv_draw_rect.o
    0x080055f0   0x080055f0   0x00000008   Code   RO          598    i.datatransfer      datahandle.o
    0x080055f8   0x080055f8   0x0000003c   Code   RO         3763    i.delay_init        delay.o
    0x08005634   0x08005634   0x00000038   Code   RO         3764    i.delay_ms          delay.o
    0x0800566c   0x0800566c   0x0000004c   Code   RO         3765    i.delay_us          delay.o
    0x080056b8   0x080056b8   0x0000004c   Code   RO         3766    i.delay_xms         delay.o
    0x08005704   0x08005704   0x000000f4   Code   RO          546    i.display_wave      pageui.o
    0x080057f8   0x080057f8   0x00000030   Code   RO         7556    i.ent_alloc         lv_mem.o
    0x08005828   0x08005828   0x00000030   Code   RO         7557    i.ent_get_next      lv_mem.o
    0x08005858   0x08005858   0x0000004c   Code   RO         7558    i.ent_trunc         lv_mem.o
    0x080058a4   0x080058a4   0x00000050   Code   RO        13913    i.free              mc_w.l(malloc.o)
    0x080058f4   0x080058f4   0x00000028   Code   RO          473    i.function_config   project_confi.o
    0x0800591c   0x0800591c   0x0000005c   Code   RO          474    i.gui_func_init     project_confi.o
    0x08005978   0x08005978   0x00000050   Code   RO         6122    i.hex_char_to_num   lv_draw_label.o
    0x080059c8   0x080059c8   0x00000060   Code   RO         1334    i.ifnnrf_tx_mode    nrf24l01.o
    0x08005a28   0x08005a28   0x00000056   Code   RO         4824    i.indev_button_proc  lv_indev.o
    0x08005a7e   0x08005a7e   0x00000002   PAD
    0x08005a80   0x08005a80   0x0000016c   Code   RO         4825    i.indev_drag        lv_indev.o
    0x08005bec   0x08005bec   0x0000010c   Code   RO         4826    i.indev_drag_throw  lv_indev.o
    0x08005cf8   0x08005cf8   0x000001f8   Code   RO         4827    i.indev_encoder_proc  lv_indev.o
    0x08005ef0   0x08005ef0   0x00000118   Code   RO         4828    i.indev_keypad_proc  lv_indev.o
    0x08006008   0x08006008   0x0000005a   Code   RO         4829    i.indev_pointer_proc  lv_indev.o
    0x08006062   0x08006062   0x00000002   PAD
    0x08006064   0x08006064   0x000001f8   Code   RO         4830    i.indev_proc_press  lv_indev.o
    0x0800625c   0x0800625c   0x00000124   Code   RO         4831    i.indev_proc_release  lv_indev.o
    0x08006380   0x08006380   0x0000004a   Code   RO         4832    i.indev_proc_reset_query_handler  lv_indev.o
    0x080063ca   0x080063ca   0x00000002   PAD
    0x080063cc   0x080063cc   0x00000108   Code   RO         4833    i.indev_proc_task   lv_indev.o
    0x080064d4   0x080064d4   0x00000076   Code   RO         4834    i.indev_search_obj  lv_indev.o
    0x0800654a   0x0800654a   0x00000002   PAD
    0x0800654c   0x0800654c   0x0000005c   Code   RO         1335    i.init_nrf24l01_io  nrf24l01.o
    0x080065a8   0x080065a8   0x0000002c   Code   RO         7709    i.is_break_char     lv_txt.o
    0x080065d4   0x080065d4   0x0000002c   Code   RO          475    i.key_func_init     project_confi.o
    0x08006600   0x08006600   0x000000ac   Code   RO          989    i.key_value         bsp_key.o
    0x080066ac   0x080066ac   0x00000040   Code   RO          476    i.lcd_func_init     project_confi.o
    0x080066ec   0x080066ec   0x00000024   Code   RO          477    i.led_func_init     project_confi.o
    0x08006710   0x08006710   0x000000e0   Code   RO         6171    i.line_draw_hor     lv_draw_line.o
    0x080067f0   0x080067f0   0x00000e08   Code   RO         6172    i.line_draw_skew    lv_draw_line.o
    0x080075f8   0x080075f8   0x000000dc   Code   RO         6173    i.line_draw_ver     lv_draw_line.o
    0x080076d4   0x080076d4   0x000000d4   Code   RO         6174    i.line_init         lv_draw_line.o
    0x080077a8   0x080077a8   0x00000068   Code   RO         6175    i.line_next         lv_draw_line.o
    0x08007810   0x08007810   0x00000022   Code   RO         6176    i.line_next_x       lv_draw_line.o
    0x08007832   0x08007832   0x00000022   Code   RO         6177    i.line_next_y       lv_draw_line.o
    0x08007854   0x08007854   0x000000d8   Code   RO         6926    i.lv_anim_create    lv_anim.o
    0x0800792c   0x0800792c   0x00000058   Code   RO         6927    i.lv_anim_del       lv_anim.o
    0x08007984   0x08007984   0x0000002c   Code   RO         6928    i.lv_anim_init      lv_anim.o
    0x080079b0   0x080079b0   0x00000034   Code   RO         6933    i.lv_anim_path_linear  lv_anim.o
    0x080079e4   0x080079e4   0x00000030   Code   RO         6936    i.lv_anim_speed_to_time  lv_anim.o
    0x08007a14   0x08007a14   0x0000000a   Code   RO         5039    i.lv_area_copy      lv_obj.o
    0x08007a1e   0x08007a1e   0x0000000a   Code   RO         5595    i.lv_area_copy      lv_refr.o
    0x08007a28   0x08007a28   0x0000000a   Code   RO         6333    i.lv_area_copy      lv_draw_rect.o
    0x08007a32   0x08007a32   0x0000000e   Code   RO         5596    i.lv_area_get_height  lv_refr.o
    0x08007a40   0x08007a40   0x0000000e   Code   RO         6334    i.lv_area_get_height  lv_draw_rect.o
    0x08007a4e   0x08007a4e   0x0000000e   Code   RO         9879    i.lv_area_get_height  lv_label.o
    0x08007a5c   0x08007a5c   0x00000022   Code   RO         7038    i.lv_area_get_size  lv_area.o
    0x08007a7e   0x08007a7e   0x0000000e   Code   RO         6123    i.lv_area_get_width  lv_draw_label.o
    0x08007a8c   0x08007a8c   0x0000000e   Code   RO         6335    i.lv_area_get_width  lv_draw_rect.o
    0x08007a9a   0x08007a9a   0x0000000e   Code   RO         6461    i.lv_area_get_width  lv_draw_vbasic.o
    0x08007aa8   0x08007aa8   0x0000000e   Code   RO         9880    i.lv_area_get_width  lv_label.o
    0x08007ab6   0x08007ab6   0x00000082   Code   RO         7039    i.lv_area_intersect  lv_area.o
    0x08007b38   0x08007b38   0x0000003a   Code   RO         7040    i.lv_area_is_in     lv_area.o
    0x08007b72   0x08007b72   0x0000003a   Code   RO         7041    i.lv_area_is_on     lv_area.o
    0x08007bac   0x08007bac   0x0000003a   Code   RO         7042    i.lv_area_is_point_on  lv_area.o
    0x08007be6   0x08007be6   0x00000064   Code   RO         7043    i.lv_area_join      lv_area.o
    0x08007c4a   0x08007c4a   0x0000000e   Code   RO         7044    i.lv_area_set       lv_area.o
    0x08007c58   0x08007c58   0x00000208   Code   RO         8229    i.lv_btn_create     lv_btn.o
    0x08007e60   0x08007e60   0x00000260   Code   RO         8230    i.lv_btn_design     lv_btn.o
    0x080080c0   0x080080c0   0x00000012   Code   RO         8235    i.lv_btn_get_state  lv_btn.o
    0x080080d2   0x080080d2   0x00000016   Code   RO         8237    i.lv_btn_get_toggle  lv_btn.o
    0x080080e8   0x080080e8   0x0000001c   Code   RO         8238    i.lv_btn_ink_effect_anim  lv_btn.o
    0x08008104   0x08008104   0x000000c0   Code   RO         8239    i.lv_btn_ink_effect_anim_ready  lv_btn.o
    0x080081c4   0x080081c4   0x0000002a   Code   RO         8244    i.lv_btn_set_state  lv_btn.o
    0x080081ee   0x080081ee   0x0000004c   Code   RO         8245    i.lv_btn_set_style  lv_btn.o
    0x0800823a   0x0800823a   0x00000002   PAD
    0x0800823c   0x0800823c   0x00000474   Code   RO         8247    i.lv_btn_signal     lv_btn.o
    0x080086b0   0x080086b0   0x000000c8   Code   RO         8997    i.lv_chart_add_series  lv_chart.o
    0x08008778   0x08008778   0x0000018c   Code   RO         8999    i.lv_chart_create   lv_chart.o
    0x08008904   0x08008904   0x0000009c   Code   RO         9000    i.lv_chart_design   lv_chart.o
    0x080089a0   0x080089a0   0x00000160   Code   RO         9001    i.lv_chart_draw_cols  lv_chart.o
    0x08008b00   0x08008b00   0x00000186   Code   RO         9002    i.lv_chart_draw_div  lv_chart.o
    0x08008c86   0x08008c86   0x00000002   PAD
    0x08008c88   0x08008c88   0x0000014c   Code   RO         9003    i.lv_chart_draw_lines  lv_chart.o
    0x08008dd4   0x08008dd4   0x00000164   Code   RO         9004    i.lv_chart_draw_points  lv_chart.o
    0x08008f38   0x08008f38   0x00000150   Code   RO         9005    i.lv_chart_draw_vertical_lines  lv_chart.o
    0x08009088   0x08009088   0x0000000c   Code   RO         9012    i.lv_chart_refresh  lv_chart.o
    0x08009094   0x08009094   0x00000034   Code   RO         9014    i.lv_chart_set_next  lv_chart.o
    0x080090c8   0x080090c8   0x00000158   Code   RO         9015    i.lv_chart_set_point_count  lv_chart.o
    0x08009220   0x08009220   0x00000034   Code   RO         9017    i.lv_chart_set_range  lv_chart.o
    0x08009254   0x08009254   0x00000022   Code   RO         9019    i.lv_chart_set_series_opa  lv_chart.o
    0x08009276   0x08009276   0x00000024   Code   RO         9020    i.lv_chart_set_series_width  lv_chart.o
    0x0800929a   0x0800929a   0x00000010   Code   RO         9021    i.lv_chart_set_style  lv_chart.o
    0x080092aa   0x080092aa   0x00000002   PAD
    0x080092ac   0x080092ac   0x0000008c   Code   RO         9023    i.lv_chart_signal   lv_chart.o
    0x08009338   0x08009338   0x00000016   Code   RO         7110    i.lv_circ_cont      lv_circ.o
    0x0800934e   0x0800934e   0x00000010   Code   RO         7111    i.lv_circ_init      lv_circ.o
    0x0800935e   0x0800935e   0x0000003c   Code   RO         7112    i.lv_circ_next      lv_circ.o
    0x0800939a   0x0800939a   0x0000007c   Code   RO         5712    i.lv_color_mix      lv_style.o
    0x08009416   0x08009416   0x0000007c   Code   RO         6336    i.lv_color_mix      lv_draw_rect.o
    0x08009492   0x08009492   0x0000007c   Code   RO         6462    i.lv_color_mix      lv_draw_vbasic.o
    0x0800950e   0x0800950e   0x0000007c   Code   RO         9024    i.lv_color_mix      lv_chart.o
    0x0800958a   0x0800958a   0x00000002   PAD
    0x0800958c   0x0800958c   0x00000158   Code   RO         9196    i.lv_cont_create    lv_cont.o
    0x080096e4   0x080096e4   0x00000014   Code   RO         9200    i.lv_cont_get_layout  lv_cont.o
    0x080096f8   0x080096f8   0x000000ec   Code   RO         9203    i.lv_cont_layout_center  lv_cont.o
    0x080097e4   0x080097e4   0x000000b6   Code   RO         9204    i.lv_cont_layout_col  lv_cont.o
    0x0800989a   0x0800989a   0x00000126   Code   RO         9205    i.lv_cont_layout_grid  lv_cont.o
    0x080099c0   0x080099c0   0x00000240   Code   RO         9206    i.lv_cont_layout_pretty  lv_cont.o
    0x08009c00   0x08009c00   0x000000bc   Code   RO         9207    i.lv_cont_layout_row  lv_cont.o
    0x08009cbc   0x08009cbc   0x000001c0   Code   RO         9208    i.lv_cont_refr_autofit  lv_cont.o
    0x08009e7c   0x08009e7c   0x0000006a   Code   RO         9209    i.lv_cont_refr_layout  lv_cont.o
    0x08009ee6   0x08009ee6   0x00000030   Code   RO         9211    i.lv_cont_set_layout  lv_cont.o
    0x08009f16   0x08009f16   0x00000010   Code   RO         9212    i.lv_cont_set_style  lv_cont.o
    0x08009f26   0x08009f26   0x00000002   PAD
    0x08009f28   0x08009f28   0x000000b4   Code   RO         9213    i.lv_cont_signal    lv_cont.o
    0x08009fdc   0x08009fdc   0x00000010   Code   RO         6714    i.lv_disp_drv_init  lv_hal_disp.o
    0x08009fec   0x08009fec   0x00000090   Code   RO         6715    i.lv_disp_drv_register  lv_hal_disp.o
    0x0800a07c   0x0800a07c   0x000000d0   Code   RO         6717    i.lv_disp_flush     lv_hal_disp.o
    0x0800a14c   0x0800a14c   0x0000000c   Code   RO         6718    i.lv_disp_get_active  lv_hal_disp.o
    0x0800a158   0x0800a158   0x00000020   Code   RO         6719    i.lv_disp_is_mem_blend_supported  lv_hal_disp.o
    0x0800a178   0x0800a178   0x00000020   Code   RO         6720    i.lv_disp_is_mem_fill_supported  lv_hal_disp.o
    0x0800a198   0x0800a198   0x00000038   Code   RO         6722    i.lv_disp_mem_blend  lv_hal_disp.o
    0x0800a1d0   0x0800a1d0   0x0000002c   Code   RO         6723    i.lv_disp_mem_fill  lv_hal_disp.o
    0x0800a1fc   0x0800a1fc   0x00000034   Code   RO         5865    i.lv_draw_aa_get_opa  lv_draw.o
    0x0800a230   0x0800a230   0x00000068   Code   RO         5866    i.lv_draw_aa_hor_seg  lv_draw.o
    0x0800a298   0x0800a298   0x00000068   Code   RO         5867    i.lv_draw_aa_ver_seg  lv_draw.o
    0x0800a300   0x0800a300   0x0000002a   Code   RO         6337    i.lv_draw_cont_radius_corr  lv_draw_rect.o
    0x0800a32a   0x0800a32a   0x00000002   PAD
    0x0800a32c   0x0800a32c   0x0000039c   Code   RO         6124    i.lv_draw_label     lv_draw_label.o
    0x0800a6c8   0x0800a6c8   0x0000028c   Code   RO         6178    i.lv_draw_line      lv_draw_line.o
    0x0800a954   0x0800a954   0x0000008c   Code   RO         6338    i.lv_draw_rect      lv_draw_rect.o
    0x0800a9e0   0x0800a9e0   0x000010f4   Code   RO         6339    i.lv_draw_rect_border_corner  lv_draw_rect.o
    0x0800bad4   0x0800bad4   0x000004b8   Code   RO         6340    i.lv_draw_rect_border_straight  lv_draw_rect.o
    0x0800bf8c   0x0800bf8c   0x00000c58   Code   RO         6341    i.lv_draw_rect_main_corner  lv_draw_rect.o
    0x0800cbe4   0x0800cbe4   0x00000130   Code   RO         6342    i.lv_draw_rect_main_mid  lv_draw_rect.o
    0x0800cd14   0x0800cd14   0x000000ae   Code   RO         6343    i.lv_draw_shadow    lv_draw_rect.o
    0x0800cdc2   0x0800cdc2   0x00000002   PAD
    0x0800cdc4   0x0800cdc4   0x00000260   Code   RO         6344    i.lv_draw_shadow_bottom  lv_draw_rect.o
    0x0800d024   0x0800d024   0x000003d8   Code   RO         6345    i.lv_draw_shadow_full  lv_draw_rect.o
    0x0800d3fc   0x0800d3fc   0x000001a8   Code   RO         6346    i.lv_draw_shadow_full_straight  lv_draw_rect.o
    0x0800d5a4   0x0800d5a4   0x0000000c   Code   RO         5767    i.lv_flush_ready    lv_vdb.o
    0x0800d5b0   0x0800d5b0   0x00000014   Code   RO         7161    i.lv_font_add       lv_font.o
    0x0800d5c4   0x0800d5c4   0x00000034   Code   RO         6543    i.lv_font_builtin_init  lv_font_builtin.o
    0x0800d5f8   0x0800d5f8   0x0000002a   Code   RO         7162    i.lv_font_get_bitmap  lv_font.o
    0x0800d622   0x0800d622   0x00000026   Code   RO         7163    i.lv_font_get_bitmap_continuous  lv_font.o
    0x0800d648   0x0800d648   0x00000026   Code   RO         7165    i.lv_font_get_bpp   lv_font.o
    0x0800d66e   0x0800d66e   0x00000008   Code   RO         9881    i.lv_font_get_height  lv_label.o
    0x0800d676   0x0800d676   0x0000002a   Code   RO         7166    i.lv_font_get_real_width  lv_font.o
    0x0800d6a0   0x0800d6a0   0x00000034   Code   RO         7167    i.lv_font_get_width  lv_font.o
    0x0800d6d4   0x0800d6d4   0x00000020   Code   RO         7168    i.lv_font_get_width_continuous  lv_font.o
    0x0800d6f4   0x0800d6f4   0x00000008   Code   RO         7170    i.lv_font_init      lv_font.o
    0x0800d6fc   0x0800d6fc   0x00000036   Code   RO         7171    i.lv_font_is_monospace  lv_font.o
    0x0800d732   0x0800d732   0x00000002   PAD
    0x0800d734   0x0800d734   0x00000060   Code   RO         7249    i.lv_fs_add_drv     lv_fs.o
    0x0800d794   0x0800d794   0x00000010   Code   RO         7260    i.lv_fs_init        lv_fs.o
    0x0800d7a4   0x0800d7a4   0x000000b4   Code   RO         4616    i.lv_group_add_obj  lv_group.o
    0x0800d858   0x0800d858   0x00000086   Code   RO         4620    i.lv_group_focus_next  lv_group.o
    0x0800d8de   0x0800d8de   0x00000088   Code   RO         4621    i.lv_group_focus_obj  lv_group.o
    0x0800d966   0x0800d966   0x00000086   Code   RO         4622    i.lv_group_focus_prev  lv_group.o
    0x0800d9ec   0x0800d9ec   0x00000012   Code   RO         4623    i.lv_group_get_click_focus  lv_group.o
    0x0800d9fe   0x0800d9fe   0x00000012   Code   RO         4624    i.lv_group_get_editing  lv_group.o
    0x0800da10   0x0800da10   0x00000016   Code   RO         4626    i.lv_group_get_focused  lv_group.o
    0x0800da26   0x0800da26   0x0000003a   Code   RO         4630    i.lv_group_mod_style  lv_group.o
    0x0800da60   0x0800da60   0x00000046   Code   RO         4631    i.lv_group_refocus  lv_group.o
    0x0800daa6   0x0800daa6   0x0000001e   Code   RO         4633    i.lv_group_send_data  lv_group.o
    0x0800dac4   0x0800dac4   0x00000044   Code   RO         4635    i.lv_group_set_editing  lv_group.o
    0x0800db08   0x0800db08   0x0000000c   Code   RO         4836    i.lv_indev_get_act  lv_indev.o
    0x0800db14   0x0800db14   0x00000020   Code   RO         4840    i.lv_indev_get_point  lv_indev.o
    0x0800db34   0x0800db34   0x0000001c   Code   RO         4843    i.lv_indev_init     lv_indev.o
    0x0800db50   0x0800db50   0x00000022   Code   RO         4844    i.lv_indev_is_dragging  lv_indev.o
    0x0800db72   0x0800db72   0x00000002   PAD
    0x0800db74   0x0800db74   0x0000001c   Code   RO         6847    i.lv_indev_next     lv_hal_indev.o
    0x0800db90   0x0800db90   0x000000b4   Code   RO         6848    i.lv_indev_read     lv_hal_indev.o
    0x0800dc44   0x0800dc44   0x0000003e   Code   RO         4845    i.lv_indev_reset    lv_indev.o
    0x0800dc82   0x0800dc82   0x00000002   PAD
    0x0800dc84   0x0800dc84   0x00000118   Code   RO         5040    i.lv_init           lv_obj.o
    0x0800dd9c   0x0800dd9c   0x000000bc   Code   RO         5597    i.lv_inv_area       lv_refr.o
    0x0800de58   0x0800de58   0x00000228   Code   RO         9882    i.lv_label_create   lv_label.o
    0x0800e080   0x0800e080   0x0000015c   Code   RO         9884    i.lv_label_design   lv_label.o
    0x0800e1dc   0x0800e1dc   0x00000014   Code   RO         9885    i.lv_label_get_align  lv_label.o
    0x0800e1f0   0x0800e1f0   0x00000014   Code   RO         9887    i.lv_label_get_body_draw  lv_label.o
    0x0800e204   0x0800e204   0x00000178   Code   RO         9888    i.lv_label_get_letter_on  lv_label.o
    0x0800e37c   0x0800e37c   0x00000010   Code   RO         9890    i.lv_label_get_long_mode  lv_label.o
    0x0800e38c   0x0800e38c   0x00000014   Code   RO         9891    i.lv_label_get_recolor  lv_label.o
    0x0800e3a0   0x0800e3a0   0x00000010   Code   RO         9892    i.lv_label_get_text  lv_label.o
    0x0800e3b0   0x0800e3b0   0x000003dc   Code   RO         9894    i.lv_label_refr_text  lv_label.o
    0x0800e78c   0x0800e78c   0x0000005c   Code   RO         9895    i.lv_label_revert_dots  lv_label.o
    0x0800e7e8   0x0800e7e8   0x0000002c   Code   RO         9896    i.lv_label_set_align  lv_label.o
    0x0800e814   0x0800e814   0x00000032   Code   RO         9899    i.lv_label_set_body_draw  lv_label.o
    0x0800e846   0x0800e846   0x00000002   PAD
    0x0800e848   0x0800e848   0x00000084   Code   RO         9900    i.lv_label_set_long_mode  lv_label.o
    0x0800e8cc   0x0800e8cc   0x00000018   Code   RO         9901    i.lv_label_set_offset_x  lv_label.o
    0x0800e8e4   0x0800e8e4   0x00000018   Code   RO         9902    i.lv_label_set_offset_y  lv_label.o
    0x0800e8fc   0x0800e8fc   0x0000002c   Code   RO         9903    i.lv_label_set_recolor  lv_label.o
    0x0800e928   0x0800e928   0x0000003a   Code   RO         9904    i.lv_label_set_static_text  lv_label.o
    0x0800e962   0x0800e962   0x00000002   PAD
    0x0800e964   0x0800e964   0x000000e0   Code   RO         9905    i.lv_label_set_text  lv_label.o
    0x0800ea44   0x0800ea44   0x00000114   Code   RO         9906    i.lv_label_signal   lv_label.o
    0x0800eb58   0x0800eb58   0x0000000c   Code   RO         5041    i.lv_layer_sys      lv_obj.o
    0x0800eb64   0x0800eb64   0x0000000c   Code   RO         5042    i.lv_layer_top      lv_obj.o
    0x0800eb70   0x0800eb70   0x0000003c   Code   RO         7407    i.lv_ll_chg_list    lv_ll.o
    0x0800ebac   0x0800ebac   0x00000030   Code   RO         7408    i.lv_ll_clear       lv_ll.o
    0x0800ebdc   0x0800ebdc   0x0000000a   Code   RO         7409    i.lv_ll_get_head    lv_ll.o
    0x0800ebe6   0x0800ebe6   0x00000016   Code   RO         7410    i.lv_ll_get_next    lv_ll.o
    0x0800ebfc   0x0800ebfc   0x00000014   Code   RO         7411    i.lv_ll_get_prev    lv_ll.o
    0x0800ec10   0x0800ec10   0x0000000a   Code   RO         7412    i.lv_ll_get_tail    lv_ll.o
    0x0800ec1a   0x0800ec1a   0x00000016   Code   RO         7413    i.lv_ll_init        lv_ll.o
    0x0800ec30   0x0800ec30   0x00000040   Code   RO         7414    i.lv_ll_ins_head    lv_ll.o
    0x0800ec70   0x0800ec70   0x00000072   Code   RO         7415    i.lv_ll_ins_prev    lv_ll.o
    0x0800ece2   0x0800ece2   0x00000046   Code   RO         7416    i.lv_ll_ins_tail    lv_ll.o
    0x0800ed28   0x0800ed28   0x0000008a   Code   RO         7418    i.lv_ll_rem         lv_ll.o
    0x0800edb2   0x0800edb2   0x00000002   PAD
    0x0800edb4   0x0800edb4   0x00000038   Code   RO         7507    i.lv_log_add        lv_log.o
    0x0800edec   0x0800edec   0x00000084   Code   RO         7559    i.lv_mem_alloc      lv_mem.o
    0x0800ee70   0x0800ee70   0x0000005c   Code   RO         7561    i.lv_mem_free       lv_mem.o
    0x0800eecc   0x0800eecc   0x00000020   Code   RO         7562    i.lv_mem_get_size   lv_mem.o
    0x0800eeec   0x0800eeec   0x00000028   Code   RO         7563    i.lv_mem_init       lv_mem.o
    0x0800ef14   0x0800ef14   0x00000084   Code   RO         7564    i.lv_mem_monitor    lv_mem.o
    0x0800ef98   0x0800ef98   0x000000b4   Code   RO         7565    i.lv_mem_realloc    lv_mem.o
    0x0800f04c   0x0800f04c   0x000003b2   Code   RO         5043    i.lv_obj_align      lv_obj.o
    0x0800f3fe   0x0800f3fe   0x000002f8   Code   RO         5044    i.lv_obj_align_origo  lv_obj.o
    0x0800f6f6   0x0800f6f6   0x00000014   Code   RO         5045    i.lv_obj_allocate_ext_attr  lv_obj.o
    0x0800f70a   0x0800f70a   0x00000010   Code   RO         5048    i.lv_obj_clear_protect  lv_obj.o
    0x0800f71a   0x0800f71a   0x00000002   PAD
    0x0800f71c   0x0800f71c   0x00000360   Code   RO         5050    i.lv_obj_create     lv_obj.o
    0x0800fa7c   0x0800fa7c   0x000000bc   Code   RO         5052    i.lv_obj_design     lv_obj.o
    0x0800fb38   0x0800fb38   0x00000022   Code   RO         5054    i.lv_obj_get_child  lv_obj.o
    0x0800fb5a   0x0800fb5a   0x0000000c   Code   RO         5056    i.lv_obj_get_click  lv_obj.o
    0x0800fb66   0x0800fb66   0x00000012   Code   RO         5057    i.lv_obj_get_coords  lv_obj.o
    0x0800fb78   0x0800fb78   0x00000006   Code   RO         5058    i.lv_obj_get_design_func  lv_obj.o
    0x0800fb7e   0x0800fb7e   0x0000000c   Code   RO         5059    i.lv_obj_get_drag   lv_obj.o
    0x0800fb8a   0x0800fb8a   0x0000000c   Code   RO         5060    i.lv_obj_get_drag_parent  lv_obj.o
    0x0800fb96   0x0800fb96   0x0000000c   Code   RO         5061    i.lv_obj_get_drag_throw  lv_obj.o
    0x0800fba2   0x0800fba2   0x00000006   Code   RO         5062    i.lv_obj_get_ext_attr  lv_obj.o
    0x0800fba8   0x0800fba8   0x00000006   Code   RO         5066    i.lv_obj_get_group  lv_obj.o
    0x0800fbae   0x0800fbae   0x00000010   Code   RO         5067    i.lv_obj_get_height  lv_obj.o
    0x0800fbbe   0x0800fbbe   0x0000000c   Code   RO         5068    i.lv_obj_get_hidden  lv_obj.o
    0x0800fbca   0x0800fbca   0x00000028   Code   RO         5069    i.lv_obj_get_opa_scale  lv_obj.o
    0x0800fbf2   0x0800fbf2   0x00000006   Code   RO         5071    i.lv_obj_get_parent  lv_obj.o
    0x0800fbf8   0x0800fbf8   0x0000001a   Code   RO         5073    i.lv_obj_get_screen  lv_obj.o
    0x0800fc12   0x0800fc12   0x00000006   Code   RO         5074    i.lv_obj_get_signal_func  lv_obj.o
    0x0800fc18   0x0800fc18   0x00000070   Code   RO         5075    i.lv_obj_get_style  lv_obj.o
    0x0800fc88   0x0800fc88   0x00000010   Code   RO         5078    i.lv_obj_get_width  lv_obj.o
    0x0800fc98   0x0800fc98   0x00000018   Code   RO         5079    i.lv_obj_get_x      lv_obj.o
    0x0800fcb0   0x0800fcb0   0x00000018   Code   RO         5080    i.lv_obj_get_y      lv_obj.o
    0x0800fcc8   0x0800fcc8   0x000000be   Code   RO         5081    i.lv_obj_invalidate  lv_obj.o
    0x0800fd86   0x0800fd86   0x0000001a   Code   RO         5082    i.lv_obj_is_focused  lv_obj.o
    0x0800fda0   0x0800fda0   0x00000012   Code   RO         5083    i.lv_obj_is_protected  lv_obj.o
    0x0800fdb2   0x0800fdb2   0x0000003e   Code   RO         5084    i.lv_obj_realign    lv_obj.o
    0x0800fdf0   0x0800fdf0   0x0000001a   Code   RO         5085    i.lv_obj_refresh_ext_size  lv_obj.o
    0x0800fe0a   0x0800fe0a   0x0000001c   Code   RO         5086    i.lv_obj_refresh_style  lv_obj.o
    0x0800fe26   0x0800fe26   0x00000012   Code   RO         5089    i.lv_obj_set_click  lv_obj.o
    0x0800fe38   0x0800fe38   0x00000004   Code   RO         5090    i.lv_obj_set_design_func  lv_obj.o
    0x0800fe3c   0x0800fe3c   0x0000001a   Code   RO         5096    i.lv_obj_set_height  lv_obj.o
    0x0800fe56   0x0800fe56   0x000000a2   Code   RO         5101    i.lv_obj_set_pos    lv_obj.o
    0x0800fef8   0x0800fef8   0x0000000c   Code   RO         5102    i.lv_obj_set_protect  lv_obj.o
    0x0800ff04   0x0800ff04   0x00000004   Code   RO         5103    i.lv_obj_set_signal_func  lv_obj.o
    0x0800ff08   0x0800ff08   0x0000007c   Code   RO         5104    i.lv_obj_set_size   lv_obj.o
    0x0800ff84   0x0800ff84   0x00000016   Code   RO         5105    i.lv_obj_set_style  lv_obj.o
    0x0800ff9a   0x0800ff9a   0x0000001a   Code   RO         5108    i.lv_obj_set_x      lv_obj.o
    0x0800ffb4   0x0800ffb4   0x0000001a   Code   RO         5109    i.lv_obj_set_y      lv_obj.o
    0x0800ffce   0x0800ffce   0x00000002   PAD
    0x0800ffd0   0x0800ffd0   0x00000084   Code   RO         5110    i.lv_obj_signal     lv_obj.o
    0x08010054   0x08010054   0x00000094   Code   RO         5598    i.lv_refr_area_part_vdb  lv_refr.o
    0x080100e8   0x080100e8   0x00000160   Code   RO         5599    i.lv_refr_area_with_vdb  lv_refr.o
    0x08010248   0x08010248   0x00000064   Code   RO         5600    i.lv_refr_areas     lv_refr.o
    0x080102ac   0x080102ac   0x0000000c   Code   RO         5601    i.lv_refr_get_buf_size  lv_refr.o
    0x080102b8   0x080102b8   0x0000007a   Code   RO         5602    i.lv_refr_get_top_obj  lv_refr.o
    0x08010332   0x08010332   0x00000002   PAD
    0x08010334   0x08010334   0x00000034   Code   RO         5603    i.lv_refr_init      lv_refr.o
    0x08010368   0x08010368   0x000000d0   Code   RO         5604    i.lv_refr_join_area  lv_refr.o
    0x08010438   0x08010438   0x00000100   Code   RO         5606    i.lv_refr_obj       lv_refr.o
    0x08010538   0x08010538   0x00000078   Code   RO         5607    i.lv_refr_obj_and_children  lv_refr.o
    0x080105b0   0x080105b0   0x00000020   Code   RO         5608    i.lv_refr_pop_from_buf  lv_refr.o
    0x080105d0   0x080105d0   0x000000fc   Code   RO         5611    i.lv_refr_task      lv_refr.o
    0x080106cc   0x080106cc   0x0000000c   Code   RO         5111    i.lv_scr_act        lv_obj.o
    0x080106d8   0x080106d8   0x00000014   Code   RO         5112    i.lv_scr_load       lv_obj.o
    0x080106ec   0x080106ec   0x00000012   Code   RO         5714    i.lv_style_copy     lv_style.o
    0x080106fe   0x080106fe   0x00000002   PAD
    0x08010700   0x08010700   0x00000494   Code   RO         5715    i.lv_style_init     lv_style.o
    0x08010b94   0x08010b94   0x00000368   Code   RO         5716    i.lv_style_mix      lv_style.o
    0x08010efc   0x08010efc   0x000000fc   Code   RO         7622    i.lv_task_create    lv_task.o
    0x08010ff8   0x08010ff8   0x00000030   Code   RO         7623    i.lv_task_del       lv_task.o
    0x08011028   0x08011028   0x0000000c   Code   RO         7624    i.lv_task_enable    lv_task.o
    0x08011034   0x08011034   0x0000004c   Code   RO         7625    i.lv_task_exec      lv_task.o
    0x08011080   0x08011080   0x000001d0   Code   RO         7627    i.lv_task_handler   lv_task.o
    0x08011250   0x08011250   0x00000018   Code   RO         7628    i.lv_task_init      lv_task.o
    0x08011268   0x08011268   0x00000012   Code   RO         7630    i.lv_task_ready     lv_task.o
    0x0801127a   0x0801127a   0x00000002   PAD
    0x0801127c   0x0801127c   0x00000018   Code   RO        12403    i.lv_theme_get_current  lv_theme.o
    0x08011294   0x08011294   0x0000001a   Code   RO         6894    i.lv_tick_elaps     lv_hal_tick.o
    0x080112ae   0x080112ae   0x00000002   PAD
    0x080112b0   0x080112b0   0x00000020   Code   RO         6895    i.lv_tick_get       lv_hal_tick.o
    0x080112d0   0x080112d0   0x0000001c   Code   RO         6896    i.lv_tick_inc       lv_hal_tick.o
    0x080112ec   0x080112ec   0x00000214   Code   RO         7711    i.lv_txt_get_next_line  lv_txt.o
    0x08011500   0x08011500   0x000000cc   Code   RO         7712    i.lv_txt_get_size   lv_txt.o
    0x080115cc   0x080115cc   0x00000084   Code   RO         7713    i.lv_txt_get_width  lv_txt.o
    0x08011650   0x08011650   0x00000048   Code   RO         7715    i.lv_txt_is_cmd     lv_txt.o
    0x08011698   0x08011698   0x000000a4   Code   RO         7716    i.lv_txt_unicode_to_utf8  lv_txt.o
    0x0801173c   0x0801173c   0x0000003e   Code   RO         7717    i.lv_txt_utf8_conv_wc  lv_txt.o
    0x0801177a   0x0801177a   0x00000002   PAD
    0x0801177c   0x0801177c   0x00000028   Code   RO         7718    i.lv_txt_utf8_get_byte_id  lv_txt.o
    0x080117a4   0x080117a4   0x00000028   Code   RO         7719    i.lv_txt_utf8_get_char_id  lv_txt.o
    0x080117cc   0x080117cc   0x00000028   Code   RO         7720    i.lv_txt_utf8_get_length  lv_txt.o
    0x080117f4   0x080117f4   0x00000148   Code   RO         7721    i.lv_txt_utf8_next  lv_txt.o
    0x0801193c   0x0801193c   0x00000060   Code   RO         7722    i.lv_txt_utf8_prev  lv_txt.o
    0x0801199c   0x0801199c   0x0000003c   Code   RO         7723    i.lv_txt_utf8_size  lv_txt.o
    0x080119d8   0x080119d8   0x00000022   Code   RO         7812    i.lv_ufs_close      lv_ufs.o
    0x080119fa   0x080119fa   0x00000006   Code   RO         7814    i.lv_ufs_dir_close  lv_ufs.o
    0x08011a00   0x08011a00   0x00000014   Code   RO         7815    i.lv_ufs_dir_open   lv_ufs.o
    0x08011a14   0x08011a14   0x0000003c   Code   RO         7816    i.lv_ufs_dir_read   lv_ufs.o
    0x08011a50   0x08011a50   0x00000034   Code   RO         7817    i.lv_ufs_ent_get    lv_ufs.o
    0x08011a84   0x08011a84   0x0000009c   Code   RO         7818    i.lv_ufs_ent_new    lv_ufs.o
    0x08011b20   0x08011b20   0x0000001e   Code   RO         7819    i.lv_ufs_free       lv_ufs.o
    0x08011b3e   0x08011b3e   0x00000002   PAD
    0x08011b40   0x08011b40   0x000000b0   Code   RO         7820    i.lv_ufs_init       lv_ufs.o
    0x08011bf0   0x08011bf0   0x00000070   Code   RO         7821    i.lv_ufs_open       lv_ufs.o
    0x08011c60   0x08011c60   0x0000006e   Code   RO         7822    i.lv_ufs_read       lv_ufs.o
    0x08011cce   0x08011cce   0x00000002   PAD
    0x08011cd0   0x08011cd0   0x0000000c   Code   RO         7823    i.lv_ufs_ready      lv_ufs.o
    0x08011cdc   0x08011cdc   0x0000004c   Code   RO         7824    i.lv_ufs_remove     lv_ufs.o
    0x08011d28   0x08011d28   0x00000080   Code   RO         7825    i.lv_ufs_seek       lv_ufs.o
    0x08011da8   0x08011da8   0x00000010   Code   RO         7826    i.lv_ufs_size       lv_ufs.o
    0x08011db8   0x08011db8   0x0000000c   Code   RO         7827    i.lv_ufs_tell       lv_ufs.o
    0x08011dc4   0x08011dc4   0x00000074   Code   RO         7828    i.lv_ufs_trunc      lv_ufs.o
    0x08011e38   0x08011e38   0x000000b0   Code   RO         7829    i.lv_ufs_write      lv_ufs.o
    0x08011ee8   0x08011ee8   0x00000070   Code   RO         5768    i.lv_vdb_flush      lv_vdb.o
    0x08011f58   0x08011f58   0x00000018   Code   RO         5769    i.lv_vdb_get        lv_vdb.o
    0x08011f70   0x08011f70   0x0000022c   Code   RO         6463    i.lv_vfill          lv_draw_vbasic.o
    0x0801219c   0x0801219c   0x000003b4   Code   RO         6464    i.lv_vletter        lv_draw_vbasic.o
    0x08012550   0x08012550   0x00000360   Code   RO         6465    i.lv_vmap           lv_draw_vbasic.o
    0x080128b0   0x080128b0   0x00000114   Code   RO         6466    i.lv_vpx            lv_draw_vbasic.o
    0x080129c4   0x080129c4   0x0000014c   Code   RO            3    i.main              main.o
    0x08012b10   0x08012b10   0x00000318   Code   RO          547    i.main_task         pageui.o
    0x08012e28   0x08012e28   0x0000006c   Code   RO        13914    i.malloc            mc_w.l(malloc.o)
    0x08012e94   0x08012e94   0x00000030   Code   RO         7420    i.node_set_next     lv_ll.o
    0x08012ec4   0x08012ec4   0x0000002c   Code   RO         7421    i.node_set_prev     lv_ll.o
    0x08012ef0   0x08012ef0   0x00000048   Code   RO          478    i.nrf_func_init     project_confi.o
    0x08012f38   0x08012f38   0x00000050   Code   RO         5113    i.refresh_children_position  lv_obj.o
    0x08012f88   0x08012f88   0x00000042   Code   RO         5114    i.refresh_children_style  lv_obj.o
    0x08012fca   0x08012fca   0x00000144   Code   RO         6467    i.sw_color_fill     lv_draw_vbasic.o
    0x0801310e   0x0801310e   0x00000050   Code   RO         6468    i.sw_mem_blend      lv_draw_vbasic.o
    0x0801315e   0x0801315e   0x00000002   PAD
    0x08013160   0x08013160   0x0000002c   Code   RO        13648    i.tft_fill          tft.o
    0x0801318c   0x0801318c   0x00000080   Code   RO        13649    i.tft_flush         tft.o
    0x0801320c   0x0801320c   0x0000002c   Code   RO        13650    i.tft_init          tft.o
    0x08013238   0x08013238   0x0000007c   Code   RO        13651    i.tft_map           tft.o
    0x080132b4   0x080132b4   0x00000002   Code   RO          662    i.usbVCP_DataRX_Handle  driver_usbvcp.o
    0x080132b6   0x080132b6   0x00000002   PAD
    0x080132b8   0x080132b8   0x00000028   Code   RO          663    i.usbVCP_Init       driver_usbvcp.o
    0x080132e0   0x080132e0   0x00000040   Code   RO          664    i.usbVCP_Printf     driver_usbvcp.o
    0x08013320   0x08013320   0x00000018   Code   RO          665    i.usbVCP_SendBuffer  driver_usbvcp.o
    0x08013338   0x08013338   0x0000002c   Code   RO          666    i.usbVCP_SendByte   driver_usbvcp.o
    0x08013364   0x08013364   0x00000018   Code   RO          667    i.usbVCP_SendString  driver_usbvcp.o
    0x0801337c   0x0801337c   0x00000034   Code   RO          479    i.usb_func_init     project_confi.o
    0x080133b0   0x080133b0   0x000000b0   Code   RO          668    i.usbd_cdc_DataIn   driver_usbvcp.o
    0x08013460   0x08013460   0x00000038   Code   RO          669    i.usbd_cdc_DataOut  driver_usbvcp.o
    0x08013498   0x08013498   0x0000002c   Code   RO          670    i.usbd_cdc_DeInit   driver_usbvcp.o
    0x080134c4   0x080134c4   0x00000038   Code   RO          671    i.usbd_cdc_EP0_RxReady  driver_usbvcp.o
    0x080134fc   0x080134fc   0x00000058   Code   RO          672    i.usbd_cdc_Init     driver_usbvcp.o
    0x08013554   0x08013554   0x00000028   Code   RO          673    i.usbd_cdc_SOF      driver_usbvcp.o
    0x0801357c   0x0801357c   0x000000c8   Code   RO          674    i.usbd_cdc_Setup    driver_usbvcp.o
    0x08013644   0x08013644   0x00000004   Data   RO            4    .constdata          main.o
    0x08013648   0x08013648   0x00000026   Data   RO          549    .constdata          pageui.o
    0x0801366e   0x0801366e   0x00000dde   Data   RO         1060    .constdata          gui.o
    0x0801444c   0x0801444c   0x0000000a   Data   RO         1336    .constdata          nrf24l01.o
    0x08014456   0x08014456   0x00000002   PAD
    0x08014458   0x08014458   0x000000c6   Data   RO         5720    .constdata          lv_style.o
    0x0801451e   0x0801451e   0x00000002   PAD
    0x08014520   0x08014520   0x00000034   Data   RO         5868    .constdata          lv_draw.o
    0x08014554   0x08014554   0x00000008   Data   RO         6347    .constdata          lv_draw_rect.o
    0x0801455c   0x0801455c   0x00000002   Data   RO         6470    .constdata          lv_draw_vbasic.o
    0x0801455e   0x0801455e   0x00000002   PAD
    0x08014560   0x08014560   0x00002260   Data   RO         6590    .constdata          lv_font_dejavu_20.o
    0x080167c0   0x080167c0   0x00001c6c   Data   RO         6604    .constdata          lv_font_dejavu_20_cyrillic.o
    0x0801842c   0x0801842c   0x00002430   Data   RO         6618    .constdata          lv_font_dejavu_20_latin_sup.o
    0x0801a85c   0x0801a85c   0x00002418   Data   RO         6688    .constdata          lv_font_symbol_20.o
    0x0801cc74   0x0801cc74   0x00000050   Data   RO         5613    .conststring        lv_refr.o
    0x0801ccc4   0x0801ccc4   0x00000020   Data   RO        13982    Region$$Table       anon$$obj.o


    Execution Region RW_IRAM1 (Exec base: 0x20000000, Load base: 0x0801cce4, Size: 0x0001a3b8, Max: 0x00020000, ABSOLUTE, COMPRESSED[0x00000174])

    Exec Addr    Load Addr    Size         Type   Attr      Idx    E Section Name        Object

    0x20000000   COMPRESSED   0x00000030   Data   RW          550    .data               pageui.o
    0x20000030   COMPRESSED   0x00000124   Data   RW          676    .data               driver_usbvcp.o
    0x20000154   COMPRESSED   0x00000008   Data   RW          943    .data               bsp_adc.o
    0x2000015c   COMPRESSED   0x0000000c   Data   RW          990    .data               bsp_key.o
    0x20000168   COMPRESSED   0x00000001   Data   RW         1294    .data               timer.o
    0x20000169   COMPRESSED   0x00000010   Data   RW         2322    .data               stm32f4xx_rcc.o
    0x20000179   COMPRESSED   0x00000001   PAD
    0x2000017a   COMPRESSED   0x00000004   Data   RW         3767    .data               delay.o
    0x2000017e   COMPRESSED   0x00000002   PAD
    0x20000180   COMPRESSED   0x00000006   Data   RW         3826    .data               usart.o
    0x20000186   COMPRESSED   0x00000002   PAD
    0x20000188   COMPRESSED   0x00000034   Data   RW         3884    .data               usbd_core.o
    0x200001bc   COMPRESSED   0x0000000d   Data   RW         4034    .data               usbd_req.o
    0x200001c9   COMPRESSED   0x00000003   PAD
    0x200001cc   COMPRESSED   0x00000004   Data   RW         4852    .data               lv_indev.o
    0x200001d0   COMPRESSED   0x00000001   Data   RW         5116    .data               lv_obj.o
    0x200001d1   COMPRESSED   0x00000003   PAD
    0x200001d4   COMPRESSED   0x00000010   Data   RW         5614    .data               lv_refr.o
    0x200001e4   COMPRESSED   0x0000000d   Data   RW         5775    .data               lv_vdb.o
    0x200001f1   COMPRESSED   0x00000003   PAD
    0x200001f4   COMPRESSED   0x00000020   Data   RW         5869    .data               lv_draw.o
    0x20000214   COMPRESSED   0x00000002   Data   RW         6471    .data               lv_draw_vbasic.o
    0x20000216   COMPRESSED   0x00000002   PAD
    0x20000218   COMPRESSED   0x00000028   Data   RW         6591    .data               lv_font_dejavu_20.o
    0x20000240   COMPRESSED   0x00000028   Data   RW         6605    .data               lv_font_dejavu_20_cyrillic.o
    0x20000268   COMPRESSED   0x00000028   Data   RW         6619    .data               lv_font_dejavu_20_latin_sup.o
    0x20000290   COMPRESSED   0x00000028   Data   RW         6689    .data               lv_font_symbol_20.o
    0x200002b8   COMPRESSED   0x00000004   Data   RW         6726    .data               lv_hal_disp.o
    0x200002bc   COMPRESSED   0x00000005   Data   RW         6897    .data               lv_hal_tick.o
    0x200002c1   COMPRESSED   0x00000003   PAD
    0x200002c4   COMPRESSED   0x00000005   Data   RW         6937    .data               lv_anim.o
    0x200002c9   COMPRESSED   0x00000003   PAD
    0x200002cc   COMPRESSED   0x0000001c   Data   RW         7395    .data               lv_gc.o
    0x200002e8   COMPRESSED   0x00000004   Data   RW         7509    .data               lv_log.o
    0x200002ec   COMPRESSED   0x00000008   Data   RW         7567    .data               lv_mem.o
    0x200002f4   COMPRESSED   0x00000014   Data   RW         7634    .data               lv_task.o
    0x20000308   COMPRESSED   0x00000020   Data   RW         7724    .data               lv_txt.o
    0x20000328   COMPRESSED   0x00000001   Data   RW         7830    .data               lv_ufs.o
    0x20000329   COMPRESSED   0x00000003   PAD
    0x2000032c   COMPRESSED   0x00000018   Data   RW         8249    .data               lv_btn.o
    0x20000344   COMPRESSED   0x00000008   Data   RW         9025    .data               lv_chart.o
    0x2000034c   COMPRESSED   0x00000004   Data   RW         9214    .data               lv_cont.o
    0x20000350   COMPRESSED   0x00000004   Data   RW         9907    .data               lv_label.o
    0x20000354   COMPRESSED   0x00000001   Data   RW        12406    .data               lv_theme.o
    0x20000355   COMPRESSED   0x00000003   PAD
    0x20000358   COMPRESSED   0x00000004   Data   RW        13959    .data               mc_w.l(mvars.o)
    0x2000035c   COMPRESSED   0x00000004   Data   RW        13960    .data               mc_w.l(mvars.o)
    0x20000360        -       0x000000bc   Zero   RW          480    .bss                project_confi.o
    0x2000041c        -       0x00000168   Zero   RW          548    .bss                pageui.o
    0x20000584        -       0x00000920   Zero   RW          599    .bss                datahandle.o
    0x20000ea4        -       0x00000f78   Zero   RW          675    .bss                driver_usbvcp.o
    0x20001e1c        -       0x000000c8   Zero   RW         3825    .bss                usart.o
    0x20001ee4        -       0x00000140   Zero   RW         5612    .bss                lv_refr.o
    0x20002024        -       0x0000030c   Zero   RW         5719    .bss                lv_style.o
    0x20002330        -       0x00003c00   Zero   RW         5774    .bss                lv_vdb.o
    0x20005f30        -       0x00000280   Zero   RW         6469    .bss                lv_draw_vbasic.o
    0x200061b0        -       0x0000003c   Zero   RW         7394    .bss                lv_gc.o
    0x200061ec        -       0x0000a000   Zero   RW         7566    .bss                lv_mem.o
    0x200101ec        -       0x00001dc8   Zero   RW        12405    .bss                lv_theme.o
    0x20011fb4   COMPRESSED   0x00000004   PAD
    0x20011fb8        -       0x00000400   Zero   RW         1410    HEAP                startup_stm32f40_41xxx.o
    0x200123b8        -       0x00008000   Zero   RW         1409    STACK               startup_stm32f40_41xxx.o


==============================================================================

Image component sizes


      Code (inc. data)   RO Data    RW Data    ZI Data      Debug   Object Name

       472         22          0          8          0       3071   bsp_adc.o
       270         12          0         12          0       3350   bsp_key.o
        56          6          0          0          0        554   bsp_led.o
         8          0          0          0       2336       1656   datahandle.o
       268         16          0          4          0       2491   delay.o
      1848        344          0        292       3960      33271   driver_usbvcp.o
      2374         24       3550          0          0       9923   gui.o
      1062         42          0          0          0       7628   lcd_driver.o
       820        142          0          5          0       7504   lv_anim.o
         0          0          0          0          0      14078   lv_arc.o
       452          0          0          0          0       5610   lv_area.o
         0          0          0          0          0       9885   lv_bar.o
      2646        244          0         24          0      11185   lv_btn.o
         0          0          0          0          0       1148   lv_calendar.o
      3328        248          0          8          0      26903   lv_chart.o
        98          0          0          0          0       2745   lv_circ.o
      2638        116          0          4          0      11819   lv_cont.o
       260         16         52         32          0      12973   lv_draw.o
      1018         18          0          0          0       7966   lv_draw_label.o
      5072         30          0          0          0       8815   lv_draw_line.o
         0          0          0          0          0       3940   lv_draw_rbasic.o
     11590         82          8          0          0      24673   lv_draw_rect.o
      3186        302          2          2        640      13367   lv_draw_vbasic.o
       326          0          0          0          0       7763   lv_font.o
        52         16          0          0          0        535   lv_font_builtin.o
         0          0          0          0          0       1116   lv_font_dejavu_10.o
         0          0       8800         40          0        780   lv_font_dejavu_20.o
         0          0       7276         40          0        841   lv_font_dejavu_20_cyrillic.o
         0          0       9264         40          0        846   lv_font_dejavu_20_latin_sup.o
         0          0       9240         40          0        780   lv_font_symbol_20.o
       112         50          0          0          0       3069   lv_fs.o
         0          0          0         28         60        678   lv_gc.o
       868         86          0          0          0      19796   lv_group.o
       544        192          0          4          0      12983   lv_hal_disp.o
       208        108          0          0          0      12202   lv_hal_indev.o
        86         20          0          5          0       2324   lv_hal_tick.o
      3012        114          0          4          0      24162   lv_indev.o
      3360        232          0          4          0      25672   lv_label.o
       670          0          0          0          0      10239   lv_ll.o
        56          4          0          4          0       2117   lv_log.o
       780        142          0          8      40960       6775   lv_mem.o
      4592        330          0          1          0      43720   lv_obj.o
      1866        306         80         16        320      10759   lv_refr.o
      2186         68        198          0        780       5705   lv_style.o
       894        202          0         20          0       6141   lv_task.o
        24         10          0          1       7624      11701   lv_theme.o
      1814         48          0         32          0      14635   lv_txt.o
      1292        268          0          1          0      14629   lv_ufs.o
       148         68          0         13      15360       6369   lv_vdb.o
       332         12          4          0          0     362267   main.o
       180         24          0          0          0       2277   misc.o
       824         72         10          0          0       7855   nrf24l01.o
      1036        146         38         48        360       2475   pageui.o
       460        194          0          0        188       5649   project_confi.o
        36          8        392          0      33792        848   startup_stm32f40_41xxx.o
       438         24          0          0          0       7529   stm32f4xx_adc.o
       110          6          0          0          0       2533   stm32f4xx_dma.o
       240          0          0          0          0       3743   stm32f4xx_gpio.o
        26          0          0          0          0       4382   stm32f4xx_it.o
       360         42          0         16          0       5428   stm32f4xx_rcc.o
       214         28          0          0          0       3890   stm32f4xx_tim.o
        94          0          0          0          0       2168   stm32f4xx_usart.o
       340         32          0          0          0       1733   system_stm32f4xx.o
       340         24          0          0          0       7810   tft.o
       228         28          0          1          0       1426   timer.o
       136         14          0          6        200       2556   usart.o
      3430         18          0          0          0      22652   usb_core.o
       666          0          0          0          0       6504   usb_dcd.o
      2240         98          0          0          0      10479   usb_dcd_int.o
       784          6          0         52          0      11364   usbd_core.o
       224          0          0          0          0       4984   usbd_ioreq.o
      1756         56          0         13          0      11478   usbd_req.o

    ----------------------------------------------------------------------
     74942       4760      38952        856     106584     962922   Object Totals
         0          0         32          0          0          0   (incl. Generated)
        92          0          6         28          4          0   (incl. Padding)

    ----------------------------------------------------------------------

      Code (inc. data)   RO Data    RW Data    ZI Data      Debug   Library Member Name

        86          0          0          0          0          0   __dczerorl2.o
         0          0          0          0          0          0   entry.o
         0          0          0          0          0          0   entry10a.o
         0          0          0          0          0          0   entry11a.o
         8          4          0          0          0          0   entry2.o
         4          0          0          0          0          0   entry5.o
         0          0          0          0          0          0   entry7b.o
         0          0          0          0          0          0   entry8b.o
         8          4          0          0          0          0   entry9a.o
        30          0          0          0          0          0   handlers.o
        36          8          0          0          0         68   init.o
         0          0          0          0          0          0   iusefp.o
        30          0          0          0          0         68   llshl.o
        36          0          0          0          0         68   llsshr.o
        32          0          0          0          0         68   llushr.o
       188         20          0          0          0        160   malloc.o
        36          0          0          0          0         68   memcpya.o
        36          0          0          0          0        108   memseta.o
         0          0          0          8          0          0   mvars.o
      2292         84          0          0          0        516   printfa.o
        28          0          0          0          0         76   strcmp.o
        18          0          0          0          0         68   strcpy.o
        14          0          0          0          0         68   strlen.o
        44          0          0          0          0         80   uidiv.o
        98          0          0          0          0         92   uldiv.o
        48          0          0          0          0         68   cdrcmple.o
       334          0          0          0          0        148   dadd.o
       222          0          0          0          0        100   ddiv.o
       186          0          0          0          0        176   depilogue.o
        48          0          0          0          0         68   dfixul.o
       228          0          0          0          0         96   dmul.o

    ----------------------------------------------------------------------
      4094        120          0          8          0       2164   Library Totals
         4          0          0          0          0          0   (incl. Padding)

    ----------------------------------------------------------------------

      Code (inc. data)   RO Data    RW Data    ZI Data      Debug   Library Name

      3024        120          0          8          0       1508   mc_w.l
      1066          0          0          0          0        656   mf_w.l

    ----------------------------------------------------------------------
      4094        120          0          8          0       2164   Library Totals

    ----------------------------------------------------------------------

==============================================================================


      Code (inc. data)   RO Data    RW Data    ZI Data      Debug   

     79036       4880      38952        864     106584     911826   Grand Totals
     79036       4880      38952        372     106584     911826   ELF Image Totals (compressed)
     79036       4880      38952        372          0          0   ROM Totals

==============================================================================

    Total RO  Size (Code + RO Data)               117988 ( 115.22kB)
    Total RW  Size (RW Data + ZI Data)            107448 ( 104.93kB)
    Total ROM Size (Code + RO Data + RW Data)     118360 ( 115.59kB)

==============================================================================

