Component: ARM Compiler 5.06 update 6 (build 750) Tool: armlink [4d35ed]

==============================================================================

Section Cross References

    main.o(.text) refers to usart.o(.text) for uart_init
    main.o(.text) refers to delay.o(.text) for delay_init
    main.o(.text) refers to driver_usbvcp.o(.text) for usbVCP_Init
    main.o(.text) refers to __2printf.o(.text) for __2printf
    main.o(.text) refers to bsp_adc.o(.data) for adc
    main.o(.text) refers to project_confi.o(.bss) for bsp
    project_confi.o(.text) refers to lcd.o(.text) for LCD_Init
    project_confi.o(.text) refers to project_confi.o(.bss) for bsp
    project_confi.o(.text) refers to bsp_adc.o(.text) for Rheostat_Init
    project_confi.o(.text) refers to stm32f4xx_adc.o(.text) for ADC_SoftwareStartConv
    project_confi.o(.text) refers to driver_usbvcp.o(.text) for usbVCP_Init
    driver_usbvcp.o(.text) refers to usb_dcd.o(.text) for DCD_EP_Open
    driver_usbvcp.o(.text) refers to usbd_ioreq.o(.text) for USBD_CtlSendData
    driver_usbvcp.o(.text) refers to usbd_req.o(.text) for USBD_CtlError
    driver_usbvcp.o(.text) refers to driver_usbvcp.o(.data) for USBD_DeviceDesc
    driver_usbvcp.o(.text) refers to driver_usbvcp.o(.bss) for USB_Rx_Buffer
    driver_usbvcp.o(.text) refers to stm32f4xx_rcc.o(.text) for RCC_AHB1PeriphClockCmd
    driver_usbvcp.o(.text) refers to stm32f4xx_gpio.o(.text) for GPIO_Init
    driver_usbvcp.o(.text) refers to misc.o(.text) for NVIC_PriorityGroupConfig
    driver_usbvcp.o(.text) refers to usb_dcd_int.o(.text) for USBD_OTG_ISR_Handler
    driver_usbvcp.o(.text) refers to usbd_core.o(.text) for USBD_Init
    driver_usbvcp.o(.text) refers to vsnprintf.o(.text) for vsnprintf
    driver_usbvcp.o(.data) refers to driver_usbvcp.o(.text) for usbd_cdc_Init
    lcd.o(.text) refers to stm32f4xx_rcc.o(.text) for RCC_AHB1PeriphClockCmd
    lcd.o(.text) refers to stm32f4xx_gpio.o(.text) for GPIO_Init
    lcd.o(.text) refers to delay.o(.text) for delay_us
    lcd.o(.text) refers to rt_memcpy_w.o(.text) for __aeabi_memcpy4
    lcd.o(.text) refers to lcd.o(.constdata) for .constdata
    bsp_adc.o(.text) refers to stm32f4xx_rcc.o(.text) for RCC_AHB1PeriphClockCmd
    bsp_adc.o(.text) refers to stm32f4xx_gpio.o(.text) for GPIO_Init
    bsp_adc.o(.text) refers to stm32f4xx_dma.o(.text) for DMA_Init
    bsp_adc.o(.text) refers to stm32f4xx_adc.o(.text) for ADC_CommonInit
    bsp_adc.o(.text) refers to bsp_adc.o(.data) for ADC_ConvertedValue
    startup_stm32f40_41xxx.o(STACK) refers (Special) to heapauxi.o(.text) for __use_two_region_memory
    startup_stm32f40_41xxx.o(HEAP) refers (Special) to heapauxi.o(.text) for __use_two_region_memory
    startup_stm32f40_41xxx.o(RESET) refers (Special) to heapauxi.o(.text) for __use_two_region_memory
    startup_stm32f40_41xxx.o(RESET) refers to startup_stm32f40_41xxx.o(STACK) for __initial_sp
    startup_stm32f40_41xxx.o(RESET) refers to startup_stm32f40_41xxx.o(.text) for Reset_Handler
    startup_stm32f40_41xxx.o(RESET) refers to stm32f4xx_it.o(.text) for NMI_Handler
    startup_stm32f40_41xxx.o(RESET) refers to usart.o(.text) for USART1_IRQHandler
    startup_stm32f40_41xxx.o(RESET) refers to driver_usbvcp.o(.text) for OTG_FS_IRQHandler
    startup_stm32f40_41xxx.o(.text) refers (Special) to heapauxi.o(.text) for __use_two_region_memory
    startup_stm32f40_41xxx.o(.text) refers to system_stm32f4xx.o(.text) for SystemInit
    startup_stm32f40_41xxx.o(.text) refers to __main.o(!!!main) for __main
    startup_stm32f40_41xxx.o(.text) refers to startup_stm32f40_41xxx.o(HEAP) for Heap_Mem
    startup_stm32f40_41xxx.o(.text) refers to startup_stm32f40_41xxx.o(STACK) for Stack_Mem
    system_stm32f4xx.o(.text) refers to system_stm32f4xx.o(.data) for SystemCoreClock
    stm32f4xx_adc.o(.text) refers to stm32f4xx_rcc.o(.text) for RCC_APB2PeriphResetCmd
    stm32f4xx_dac.o(.text) refers to stm32f4xx_rcc.o(.text) for RCC_APB1PeriphResetCmd
    stm32f4xx_fsmc.o(.text) refers to stm32f4xx_fsmc.o(.constdata) for FSMC_DefaultTimingStruct
    stm32f4xx_gpio.o(.text) refers to stm32f4xx_rcc.o(.text) for RCC_AHB1PeriphResetCmd
    stm32f4xx_rcc.o(.text) refers to stm32f4xx_rcc.o(.data) for APBAHBPrescTable
    stm32f4xx_spi.o(.text) refers to stm32f4xx_rcc.o(.text) for RCC_APB2PeriphResetCmd
    stm32f4xx_syscfg.o(.text) refers to stm32f4xx_rcc.o(.text) for RCC_APB2PeriphResetCmd
    stm32f4xx_tim.o(.text) refers to stm32f4xx_rcc.o(.text) for RCC_APB2PeriphResetCmd
    stm32f4xx_usart.o(.text) refers to stm32f4xx_rcc.o(.text) for RCC_APB2PeriphResetCmd
    stm32f4xx_wwdg.o(.text) refers to stm32f4xx_rcc.o(.text) for RCC_APB1PeriphResetCmd
    delay.o(.text) refers to misc.o(.text) for SysTick_CLKSourceConfig
    delay.o(.text) refers to delay.o(.data) for fac_us
    usart.o(.rev16_text) refers (Special) to use_no_semi_2.o(.text) for __use_no_semihosting
    usart.o(.revsh_text) refers (Special) to use_no_semi_2.o(.text) for __use_no_semihosting
[...]
    .text                                    0x080044a4   Section        0  __2printf.o(.text)
    .text                                    0x080044bc   Section        0  heapauxi.o(.text)
    .text                                    0x080044c2   Section        2  use_no_semi.o(.text)
    .text                                    0x080044c4   Section        0  _printf_pad.o(.text)
    .text                                    0x08004512   Section        0  _printf_truncate.o(.text)
    .text                                    0x08004536   Section        0  _printf_str.o(.text)
    .text                                    0x08004588   Section        0  _printf_dec.o(.text)
    .text                                    0x08004600   Section        0  _printf_charcount.o(.text)
    .text                                    0x08004628   Section        0  _printf_char_common.o(.text)
    _printf_input_char                       0x08004629   Thumb Code    10  _printf_char_common.o(.text)
    .text                                    0x08004658   Section        0  _sputc.o(.text)
    .text                                    0x08004662   Section        0  _snputc.o(.text)
    .text                                    0x08004674   Section        0  _printf_char_file.o(.text)
    .text                                    0x08004698   Section        0  _printf_wctomb.o(.text)
    .text                                    0x08004754   Section        0  _printf_longlong_dec.o(.text)
    .text                                    0x080047d0   Section        0  _printf_oct_int_ll.o(.text)
    _printf_longlong_oct_internal            0x080047d1   Thumb Code     0  _printf_oct_int_ll.o(.text)
    .text                                    0x08004840   Section        0  _printf_hex_int_ll_ptr.o(.text)
    _printf_hex_common                       0x08004841   Thumb Code     0  _printf_hex_int_ll_ptr.o(.text)
    .text                                    0x080048d4   Section        0  __printf_flags_ss_wp.o(.text)
    .text                                    0x08004a5c   Section      138  lludiv10.o(.text)
    .text                                    0x08004ae6   Section        0  _printf_intcommon.o(.text)
    .text                                    0x08004b98   Section        0  _printf_fp_dec.o(.text)
    _fp_digits                               0x08004b9b   Thumb Code   432  _printf_fp_dec.o(.text)
    .text                                    0x08004fb8   Section        0  _printf_fp_hex.o(.text)
    .text                                    0x080052b4   Section        0  _printf_char.o(.text)
    .text                                    0x080052e0   Section        0  _printf_wchar.o(.text)
    .text                                    0x0800530c   Section        0  ferror.o(.text)
    .text                                    0x08005314   Section        0  _wcrtomb.o(.text)
    .text                                    0x08005354   Section       74  sys_stackheap_outer.o(.text)
    .text                                    0x080053a0   Section       16  rt_ctype_table.o(.text)
    .text                                    0x080053b0   Section        8  rt_locale_intlibspace.o(.text)
    .text                                    0x080053b8   Section        0  _printf_fp_infnan.o(.text)
    .text                                    0x08005438   Section        0  bigflt0.o(.text)
    .text                                    0x0800551c   Section        0  exit.o(.text)
    .text                                    0x08005530   Section        8  libspace.o(.text)
    .text                                    0x08005538   Section      128  strcmpv7m.o(.text)
    CL$$btod_d2e                             0x080055b8   Section       62  btod.o(CL$$btod_d2e)
    CL$$btod_d2e_denorm_low                  0x080055f6   Section       70  btod.o(CL$$btod_d2e_denorm_low)
    CL$$btod_d2e_norm_op1                    0x0800563c   Section       96  btod.o(CL$$btod_d2e_norm_op1)
    CL$$btod_div_common                      0x0800569c   Section      824  btod.o(CL$$btod_div_common)
    CL$$btod_e2e                             0x080059d4   Section      220  btod.o(CL$$btod_e2e)
    CL$$btod_ediv                            0x08005ab0   Section       42  btod.o(CL$$btod_ediv)
    CL$$btod_emul                            0x08005ada   Section       42  btod.o(CL$$btod_emul)
    CL$$btod_mult_common                     0x08005b04   Section      580  btod.o(CL$$btod_mult_common)
    i.__ARM_fpclassify                       0x08005d48   Section        0  fpclassify.o(i.__ARM_fpclassify)
    i._is_digit                              0x08005d78   Section        0  __printf_wp.o(i._is_digit)
    locale$$code                             0x08005d88   Section       44  lc_numeric_c.o(locale$$code)
    locale$$code                             0x08005db4   Section       44  lc_ctype_c.o(locale$$code)
    x$fpl$fpinit                             0x08005de0   Section       10  fpinit.o(x$fpl$fpinit)
    $v0                                      0x08005de0   Number         0  fpinit.o(x$fpl$fpinit)
    x$fpl$printf1                            0x08005dea   Section        4  printf1.o(x$fpl$printf1)
    $v0                                      0x08005dea   Number         0  printf1.o(x$fpl$printf1)
    x$fpl$printf2                            0x08005dee   Section        4  printf2.o(x$fpl$printf2)
    $v0                                      0x08005dee   Number         0  printf2.o(x$fpl$printf2)
    x$fpl$usenofp                            0x08005df2   Section        0  usenofp.o(x$fpl$usenofp)
    .constdata                               0x08005df4   Section        8  _printf_wctomb.o(.constdata)
    initial_mbstate                          0x08005df4   Data           8  _printf_wctomb.o(.constdata)
    .constdata                               0x08005dfc   Section       40  _printf_hex_int_ll_ptr.o(.constdata)
    uc_hextab                                0x08005dfc   Data          20  _printf_hex_int_ll_ptr.o(.constdata)
    lc_hextab                                0x08005e10   Data          20  _printf_hex_int_ll_ptr.o(.constdata)
    .constdata                               0x08005e24   Section       17  __printf_flags_ss_wp.o(.constdata)
    maptable                                 0x08005e24   Data          17  __printf_flags_ss_wp.o(.constdata)
    .constdata                               0x08005e35   Section       38  _printf_fp_hex.o(.constdata)
    lc_hextab                                0x08005e35   Data          19  _printf_fp_hex.o(.constdata)
    uc_hextab                                0x08005e48   Data          19  _printf_fp_hex.o(.constdata)
    .constdata                               0x08005e5c   Section      148  bigflt0.o(.constdata)
    tenpwrs_x                                0x08005e5c   Data          60  bigflt0.o(.constdata)
    tenpwrs_i                                0x08005e98   Data          64  bigflt0.o(.constdata)
    locale$$data                             0x08005f10   Section       28  lc_numeric_c.o(locale$$data)
    __lcnum_c_name                           0x08005f14   Data           2  lc_numeric_c.o(locale$$data)
    __lcnum_c_start                          0x08005f1c   Data           0  lc_numeric_c.o(locale$$data)
    __lcnum_c_point                          0x08005f28   Data           0  lc_numeric_c.o(locale$$data)
    __lcnum_c_thousands                      0x08005f2a   Data           0  lc_numeric_c.o(locale$$data)
    __lcnum_c_grouping                       0x08005f2b   Data           0  lc_numeric_c.o(locale$$data)
    locale$$data                             0x08005f2c   Section      272  lc_ctype_c.o(locale$$data)
    __lcnum_c_end                            0x08005f2c   Data           0  lc_numeric_c.o(locale$$data)
    __lcctype_c_name                         0x08005f30   Data           2  lc_ctype_c.o(locale$$data)
    __lcctype_c_start                        0x08005f38   Data           0  lc_ctype_c.o(locale$$data)
    __lcctype_c_end                          0x0800603c   Data           0  lc_ctype_c.o(locale$$data)
    .data                                    0x20000000   Section      292  driver_usbvcp.o(.data)
    usbd_cdc_AltSet                          0x20000000   Data           4  driver_usbvcp.o(.data)
    cdcCmd                                   0x2000001c   Data           4  driver_usbvcp.o(.data)
    cdcLen                                   0x20000020   Data           4  driver_usbvcp.o(.data)
    FrameCount                               0x20000120   Data           4  driver_usbvcp.o(.data)
    .data                                    0x20000124   Section       14  bsp_adc.o(.data)
    .data                                    0x20000134   Section       20  system_stm32f4xx.o(.data)
    .data                                    0x20000148   Section       16  stm32f4xx_rcc.o(.data)
    APBAHBPrescTable                         0x20000148   Data          16  stm32f4xx_rcc.o(.data)
    .data                                    0x20000158   Section        4  delay.o(.data)
    fac_us                                   0x20000158   Data           1  delay.o(.data)
    fac_ms                                   0x2000015a   Data           2  delay.o(.data)
    .data                                    0x2000015c   Section        6  usart.o(.data)
    .data                                    0x20000164   Section       52  usbd_core.o(.data)
    .data                                    0x20000198   Section       13  usbd_req.o(.data)
    cfgidx                                   0x200001a4   Data           1  usbd_req.o(.data)
    .bss                                     0x200001a8   Section       84  project_confi.o(.bss)
    .bss                                     0x200001fc   Section     3980  driver_usbvcp.o(.bss)
    .bss                                     0x20001188   Section      200  usart.o(.bss)
    .bss                                     0x20001250   Section       96  libspace.o(.bss)
    HEAP                                     0x200012b0   Section     1024  startup_stm32f40_41xxx.o(HEAP)
    Heap_Mem                                 0x200012b0   Data        1024  startup_stm32f40_41xxx.o(HEAP)
    STACK                                    0x200016b0   Section     1024  startup_stm32f40_41xxx.o(STACK)
    Stack_Mem                                0x200016b0   Data        1024  startup_stm32f40_41xxx.o(STACK)
    __initial_sp                             0x20001ab0   Data           0  startup_stm32f40_41xxx.o(STACK)

    Global Symbols

    Symbol Name                              Value     Ov Type        Size  Object(Section)

    BuildAttributes$$THM_ISAv4$E$P$D$K$B$S$7EM$VFPi3$EXTD16$VFPS$VFMA$PE$A:L22UL41UL21$X:L11$S22US41US21$IEEE1$IW$USESV6$~STKCKD$USESV7$~SHL$OTIME$ROPI$IEEEJ$EBA8$UX$STANDARDLIB$REQ8$PRES8$EABIv2 0x00000000   Number         0  anon$$obj.o ABSOLUTE
    __ARM_use_no_argv                        0x00000000   Number         0  main.o ABSOLUTE
    _printf_flags                            0x00000000   Number         0  printf_stubs.o ABSOLUTE
    _printf_return_value                     0x00000000   Number         0  printf_stubs.o ABSOLUTE
    _printf_sizespec                         0x00000000   Number         0  printf_stubs.o ABSOLUTE
    _printf_widthprec                        0x00000000   Number         0  printf_stubs.o ABSOLUTE
    __ARM_exceptions_init                     - Undefined Weak Reference
    __alloca_initialize                       - Undefined Weak Reference
    __arm_preinit_                            - Undefined Weak Reference
    __cpp_initialize__aeabi_                  - Undefined Weak Reference
    __cxa_finalize                            - Undefined Weak Reference
    __sigvec_lookup                           - Undefined Weak Reference
    _atexit_init                              - Undefined Weak Reference
    _call_atexit_fns                          - Undefined Weak Reference
    _clock_init                               - Undefined Weak Reference
    _fp_trap_init                             - Undefined Weak Reference
    _fp_trap_shutdown                         - Undefined Weak Reference
    _get_lc_collate                           - Undefined Weak Reference
    _get_lc_monetary                          - Undefined Weak Reference
    _get_lc_time                              - Undefined Weak Reference
    _getenv_init                              - Undefined Weak Reference
    _handle_redirection                       - Undefined Weak Reference
    _init_alloc                               - Undefined Weak Reference
    _init_user_alloc                          - Undefined Weak Reference
    _initio                                   - Undefined Weak Reference
    _mutex_acquire                            - Undefined Weak Reference
    _mutex_release                            - Undefined Weak Reference
    _printf_mbtowc                            - Undefined Weak Reference
    _printf_wc                                - Undefined Weak Reference
    _rand_init                                - Undefined Weak Reference
    _signal_finish                            - Undefined Weak Reference
    _signal_init                              - Undefined Weak Reference
    _terminate_alloc                          - Undefined Weak Reference
    _terminate_user_alloc                     - Undefined Weak Reference
    _terminateio                              - Undefined Weak Reference
    __Vectors_Size                           0x00000188   Number         0  startup_stm32f40_41xxx.o ABSOLUTE
    __Vectors                                0x08000000   Data           4  startup_stm32f40_41xxx.o(RESET)
    __Vectors_End                            0x08000188   Data           0  startup_stm32f40_41xxx.o(RESET)
    __main                                   0x08000189   Thumb Code     8  __main.o(!!!main)
    __scatterload                            0x08000191   Thumb Code     0  __scatter.o(!!!scatter)
    __scatterload_rt2                        0x08000191   Thumb Code    44  __scatter.o(!!!scatter)
    __scatterload_rt2_thumb_only             0x08000191   Thumb Code     0  __scatter.o(!!!scatter)
    __scatterload_null                       0x0800019f   Thumb Code     0  __scatter.o(!!!scatter)
    __decompress                             0x080001c5   Thumb Code    90  __dczerorl2.o(!!dczerorl2)
    __decompress1                            0x080001c5   Thumb Code     0  __dczerorl2.o(!!dczerorl2)
    __scatterload_zeroinit                   0x08000221   Thumb Code    28  __scatter_zi.o(!!handler_zi)
    _printf_n                                0x0800023d   Thumb Code     0  _printf_n.o(.ARM.Collect$$_printf_percent$$00000001)
    _printf_percent                          0x0800023d   Thumb Code     0  _printf_percent.o(.ARM.Collect$$_printf_percent$$00000000)
    _printf_p                                0x08000243   Thumb Code     0  _printf_p.o(.ARM.Collect$$_printf_percent$$00000002)
    _printf_f                                0x08000249   Thumb Code     0  _printf_f.o(.ARM.Collect$$_printf_percent$$00000003)
    _printf_e                                0x0800024f   Thumb Code     0  _printf_e.o(.ARM.Collect$$_printf_percent$$00000004)
    _printf_g                                0x08000255   Thumb Code     0  _printf_g.o(.ARM.Collect$$_printf_percent$$00000005)
    _printf_a                                0x0800025b   Thumb Code     0  _printf_a.o(.ARM.Collect$$_printf_percent$$00000006)
    _printf_ll                               0x08000261   Thumb Code     0  _printf_ll.o(.ARM.Collect$$_printf_percent$$00000007)
    _printf_i                                0x0800026b   Thumb Code     0  _printf_i.o(.ARM.Collect$$_printf_percent$$00000008)
    _printf_d                                0x08000271   Thumb Code     0  _printf_d.o(.ARM.Collect$$_printf_percent$$00000009)
    _printf_u                                0x08000277   Thumb Code     0  _printf_u.o(.ARM.Collect$$_printf_percent$$0000000A)
    _printf_o                                0x0800027d   Thumb Code     0  _printf_o.o(.ARM.Collect$$_printf_percent$$0000000B)
    _printf_x                                0x08000283   Thumb Code     0  _printf_x.o(.ARM.Collect$$_printf_percent$$0000000C)
    _printf_lli                              0x08000289   Thumb Code     0  _printf_lli.o(.ARM.Collect$$_printf_percent$$0000000D)
    _printf_lld                              0x0800028f   Thumb Code     0  _printf_lld.o(.ARM.Collect$$_printf_percent$$0000000E)
    _printf_llu                              0x08000295   Thumb Code     0  _printf_llu.o(.ARM.Collect$$_printf_percent$$0000000F)
    _printf_llo                              0x0800029b   Thumb Code     0  _printf_llo.o(.ARM.Collect$$_printf_percent$$00000010)
    _printf_llx                              0x080002a1   Thumb Code     0  _printf_llx.o(.ARM.Collect$$_printf_percent$$00000011)
    _printf_l                                0x080002a7   Thumb Code     0  _printf_l.o(.ARM.Collect$$_printf_percent$$00000012)
    _printf_c                                0x080002b1   Thumb Code     0  _printf_c.o(.ARM.Collect$$_printf_percent$$00000013)
    _printf_s                                0x080002b7   Thumb Code     0  _printf_s.o(.ARM.Collect$$_printf_percent$$00000014)
    _printf_lc                               0x080002bd   Thumb Code     0  _printf_lc.o(.ARM.Collect$$_printf_percent$$00000015)
    _printf_ls                               0x080002c3   Thumb Code     0  _printf_ls.o(.ARM.Collect$$_printf_percent$$00000016)
    _printf_percent_end                      0x080002c9   Thumb Code     0  _printf_percent_end.o(.ARM.Collect$$_printf_percent$$00000017)
    __rt_lib_init                            0x080002cd   Thumb Code     0  libinit.o(.ARM.Collect$$libinit$$00000000)
    __rt_lib_init_fp_1                       0x080002cf   Thumb Code     0  libinit2.o(.ARM.Collect$$libinit$$00000001)
    __rt_lib_init_heap_1                     0x080002d3   Thumb Code     0  libinit2.o(.ARM.Collect$$libinit$$0000000A)
    __rt_lib_init_lc_common                  0x080002d3   Thumb Code     0  libinit2.o(.ARM.Collect$$libinit$$0000000F)
    __rt_lib_init_preinit_1                  0x080002d3   Thumb Code     0  libinit2.o(.ARM.Collect$$libinit$$00000004)
    __rt_lib_init_rand_1                     0x080002d3   Thumb Code     0  libinit2.o(.ARM.Collect$$libinit$$0000000E)
    __rt_lib_init_user_alloc_1               0x080002d3   Thumb Code     0  libinit2.o(.ARM.Collect$$libinit$$0000000C)
    __rt_lib_init_lc_collate_1               0x080002d9   Thumb Code     0  libinit2.o(.ARM.Collect$$libinit$$00000011)
    __rt_lib_init_lc_ctype_2                 0x080002d9   Thumb Code     0  libinit2.o(.ARM.Collect$$libinit$$00000012)
    __rt_lib_init_lc_ctype_1                 0x080002e5   Thumb Code     0  libinit2.o(.ARM.Collect$$libinit$$00000013)
    __rt_lib_init_lc_monetary_1              0x080002e5   Thumb Code     0  libinit2.o(.ARM.Collect$$libinit$$00000015)
    __rt_lib_init_lc_numeric_2               0x080002e5   Thumb Code     0  libinit2.o(.ARM.Collect$$libinit$$00000016)
    __rt_lib_init_alloca_1                   0x080002ef   Thumb Code     0  libinit2.o(.ARM.Collect$$libinit$$0000002E)
    __rt_lib_init_argv_1                     0x080002ef   Thumb Code     0  libinit2.o(.ARM.Collect$$libinit$$0000002C)
    __rt_lib_init_atexit_1                   0x080002ef   Thumb Code     0  libinit2.o(.ARM.Collect$$libinit$$0000001B)
    __rt_lib_init_clock_1                    0x080002ef   Thumb Code     0  libinit2.o(.ARM.Collect$$libinit$$00000021)
    __rt_lib_init_cpp_1                      0x080002ef   Thumb Code     0  libinit2.o(.ARM.Collect$$libinit$$00000032)
    __rt_lib_init_exceptions_1               0x080002ef   Thumb Code     0  libinit2.o(.ARM.Collect$$libinit$$00000030)
    __rt_lib_init_fp_trap_1                  0x080002ef   Thumb Code     0  libinit2.o(.ARM.Collect$$libinit$$0000001F)
    __rt_lib_init_getenv_1                   0x080002ef   Thumb Code     0  libinit2.o(.ARM.Collect$$libinit$$00000023)
    __rt_lib_init_lc_numeric_1               0x080002ef   Thumb Code     0  libinit2.o(.ARM.Collect$$libinit$$00000017)
    __rt_lib_init_lc_time_1                  0x080002ef   Thumb Code     0  libinit2.o(.ARM.Collect$$libinit$$00000019)
    __rt_lib_init_return                     0x080002ef   Thumb Code     0  libinit2.o(.ARM.Collect$$libinit$$00000033)
    __rt_lib_init_signal_1                   0x080002ef   Thumb Code     0  libinit2.o(.ARM.Collect$$libinit$$0000001D)
    __rt_lib_init_stdio_1                    0x080002ef   Thumb Code     0  libinit2.o(.ARM.Collect$$libinit$$00000025)
    __rt_lib_shutdown                        0x080002f1   Thumb Code     0  libshutdown.o(.ARM.Collect$$libshutdown$$00000000)
    __rt_lib_shutdown_cpp_1                  0x080002f3   Thumb Code     0  libshutdown2.o(.ARM.Collect$$libshutdown$$00000002)
    __rt_lib_shutdown_fp_trap_1              0x080002f3   Thumb Code     0  libshutdown2.o(.ARM.Collect$$libshutdown$$00000007)
    __rt_lib_shutdown_heap_1                 0x080002f3   Thumb Code     0  libshutdown2.o(.ARM.Collect$$libshutdown$$0000000F)
    __rt_lib_shutdown_return                 0x080002f3   Thumb Code     0  libshutdown2.o(.ARM.Collect$$libshutdown$$00000010)
    __rt_lib_shutdown_signal_1               0x080002f3   Thumb Code     0  libshutdown2.o(.ARM.Collect$$libshutdown$$0000000A)
    __rt_lib_shutdown_stdio_1                0x080002f3   Thumb Code     0  libshutdown2.o(.ARM.Collect$$libshutdown$$00000004)
    __rt_lib_shutdown_user_alloc_1           0x080002f3   Thumb Code     0  libshutdown2.o(.ARM.Collect$$libshutdown$$0000000C)
    __rt_entry                               0x080002f5   Thumb Code     0  __rtentry.o(.ARM.Collect$$rtentry$$00000000)
    __rt_entry_presh_1                       0x080002f5   Thumb Code     0  __rtentry2.o(.ARM.Collect$$rtentry$$00000002)
    __rt_entry_sh                            0x080002f5   Thumb Code     0  __rtentry4.o(.ARM.Collect$$rtentry$$00000004)
    __rt_entry_li                            0x080002fb   Thumb Code     0  __rtentry2.o(.ARM.Collect$$rtentry$$0000000A)
    __rt_entry_postsh_1                      0x080002fb   Thumb Code     0  __rtentry2.o(.ARM.Collect$$rtentry$$00000009)
    __rt_entry_main                          0x080002ff   Thumb Code     0  __rtentry2.o(.ARM.Collect$$rtentry$$0000000D)
    __rt_entry_postli_1                      0x080002ff   Thumb Code     0  __rtentry2.o(.ARM.Collect$$rtentry$$0000000C)
    __rt_exit                                0x08000307   Thumb Code     0  rtexit.o(.ARM.Collect$$rtexit$$00000000)
    __rt_exit_ls                             0x08000309   Thumb Code     0  rtexit2.o(.ARM.Collect$$rtexit$$00000003)
    __rt_exit_prels_1                        0x08000309   Thumb Code     0  rtexit2.o(.ARM.Collect$$rtexit$$00000002)
    __rt_exit_exit                           0x0800030d   Thumb Code     0  rtexit2.o(.ARM.Collect$$rtexit$$00000004)
    main                                     0x08000315   Thumb Code   146  main.o(.text)
    usbd_cdc_Init                            0x080003c5   Thumb Code    74  driver_usbvcp.o(.text)
    usbd_cdc_DeInit                          0x0800040f   Thumb Code    40  driver_usbvcp.o(.text)
    usbd_cdc_Setup                           0x08000437   Thumb Code   176  driver_usbvcp.o(.text)
    usbd_cdc_EP0_RxReady                     0x080004e7   Thumb Code    38  driver_usbvcp.o(.text)
    usbd_cdc_DataIn                          0x0800050d   Thumb Code   160  driver_usbvcp.o(.text)
    usbd_cdc_DataOut                         0x080005ad   Thumb Code    48  driver_usbvcp.o(.text)
    usbd_cdc_SOF                             0x080006a5   Thumb Code    36  driver_usbvcp.o(.text)
    usbVCP_DataRX_Handle                     0x080006e5   Thumb Code     2  driver_usbvcp.o(.text)
    USBD_USR_DeviceDescriptor                0x080006ff   Thumb Code    10  driver_usbvcp.o(.text)
    USBD_USR_LangIDStrDescriptor             0x08000709   Thumb Code    10  driver_usbvcp.o(.text)
    USBD_USR_ProductStrDescriptor            0x08000713   Thumb Code    34  driver_usbvcp.o(.text)
    USBD_USR_ManufacturerStrDescriptor       0x08000735   Thumb Code    20  driver_usbvcp.o(.text)
    USBD_USR_SerialStrDescriptor             0x080007b1   Thumb Code    20  driver_usbvcp.o(.text)
    USBD_USR_ConfigStrDescriptor             0x080007c5   Thumb Code   216  driver_usbvcp.o(.text)
    USBD_USR_InterfaceStrDescriptor          0x0800089d   Thumb Code    34  driver_usbvcp.o(.text)
    USB_OTG_BSP_Init                         0x080008bf   Thumb Code    96  driver_usbvcp.o(.text)
    USB_OTG_BSP_EnableInterrupt              0x0800091f   Thumb Code    48  driver_usbvcp.o(.text)
    USB_OTG_BSP_uDelay                       0x0800094f   Thumb Code    30  driver_usbvcp.o(.text)
    USB_OTG_BSP_mDelay                       0x0800096d   Thumb Code    18  driver_usbvcp.o(.text)
    USBD_USR_Init                            0x0800097f   Thumb Code     2  driver_usbvcp.o(.text)
    USBD_USR_DeviceReset                     0x08000981   Thumb Code     2  driver_usbvcp.o(.text)
    USBD_USR_DeviceConfigured                0x08000983   Thumb Code     8  driver_usbvcp.o(.text)
    USBD_USR_DeviceSuspended                 0x0800098b   Thumb Code     8  driver_usbvcp.o(.text)
    USBD_USR_DeviceResumed                   0x08000993   Thumb Code     8  driver_usbvcp.o(.text)
    USBD_USR_DeviceConnected                 0x0800099b   Thumb Code     8  driver_usbvcp.o(.text)
    USBD_USR_DeviceDisconnected              0x080009a3   Thumb Code     8  driver_usbvcp.o(.text)
    OTG_FS_IRQHandler                        0x080009ab   Thumb Code    10  driver_usbvcp.o(.text)
    usbVCP_Init                              0x080009b5   Thumb Code    24  driver_usbvcp.o(.text)
    usbVCP_SendByte                          0x080009cd   Thumb Code    34  driver_usbvcp.o(.text)
    usbVCP_SendBuffer                        0x080009ef   Thumb Code    24  driver_usbvcp.o(.text)
    usbVCP_SendString                        0x08000a07   Thumb Code    24  driver_usbvcp.o(.text)
    usbVCP_Printf                            0x08000a1f   Thumb Code    64  driver_usbvcp.o(.text)
    Reset_Handler                            0x08000a9d   Thumb Code     8  startup_stm32f40_41xxx.o(.text)
    ADC_IRQHandler                           0x08000ab7   Thumb Code     0  startup_stm32f40_41xxx.o(.text)
    CAN1_RX0_IRQHandler                      0x08000ab7   Thumb Code     0  startup_stm32f40_41xxx.o(.text)
    CAN1_RX1_IRQHandler                      0x08000ab7   Thumb Code     0  startup_stm32f40_41xxx.o(.text)
    CAN1_SCE_IRQHandler                      0x08000ab7   Thumb Code     0  startup_stm32f40_41xxx.o(.text)
    CAN1_TX_IRQHandler                       0x08000ab7   Thumb Code     0  startup_stm32f40_41xxx.o(.text)
    CAN2_RX0_IRQHandler                      0x08000ab7   Thumb Code     0  startup_stm32f40_41xxx.o(.text)
    CAN2_RX1_IRQHandler                      0x08000ab7   Thumb Code     0  startup_stm32f40_41xxx.o(.text)
    CAN2_SCE_IRQHandler                      0x08000ab7   Thumb Code     0  startup_stm32f40_41xxx.o(.text)
    CAN2_TX_IRQHandler                       0x08000ab7   Thumb Code     0  startup_stm32f40_41xxx.o(.text)
    CRYP_IRQHandler                          0x08000ab7   Thumb Code     0  startup_stm32f40_41xxx.o(.text)
    DCMI_IRQHandler                          0x08000ab7   Thumb Code     0  startup_stm32f40_41xxx.o(.text)
    DMA1_Stream0_IRQHandler                  0x08000ab7   Thumb Code     0  startup_stm32f40_41xxx.o(.text)
    DMA1_Stream1_IRQHandler                  0x08000ab7   Thumb Code     0  startup_stm32f40_41xxx.o(.text)
    DMA1_Stream2_IRQHandler                  0x08000ab7   Thumb Code     0  startup_stm32f40_41xxx.o(.text)
    DMA1_Stream3_IRQHandler                  0x08000ab7   Thumb Code     0  startup_stm32f40_41xxx.o(.text)
    DMA1_Stream4_IRQHandler                  0x08000ab7   Thumb Code     0  startup_stm32f40_41xxx.o(.text)
    DMA1_Stream5_IRQHandler                  0x08000ab7   Thumb Code     0  startup_stm32f40_41xxx.o(.text)
    DMA1_Stream6_IRQHandler                  0x08000ab7   Thumb Code     0  startup_stm32f40_41xxx.o(.text)
    DMA1_Stream7_IRQHandler                  0x08000ab7   Thumb Code     0  startup_stm32f40_41xxx.o(.text)
    DMA2_Stream0_IRQHandler                  0x08000ab7   Thumb Code     0  startup_stm32f40_41xxx.o(.text)
    DMA2_Stream1_IRQHandler                  0x08000ab7   Thumb Code     0  startup_stm32f40_41xxx.o(.text)
    DMA2_Stream2_IRQHandler                  0x08000ab7   Thumb Code     0  startup_stm32f40_41xxx.o(.text)
    DMA2_Stream3_IRQHandler                  0x08000ab7   Thumb Code     0  startup_stm32f40_41xxx.o(.text)
    DMA2_Stream4_IRQHandler                  0x08000ab7   Thumb Code     0  startup_stm32f40_41xxx.o(.text)
    DMA2_Stream5_IRQHandler                  0x08000ab7   Thumb Code     0  startup_stm32f40_41xxx.o(.text)
    DMA2_Stream6_IRQHandler                  0x08000ab7   Thumb Code     0  startup_stm32f40_41xxx.o(.text)
    DMA2_Stream7_IRQHandler                  0x08000ab7   Thumb Code     0  startup_stm32f40_41xxx.o(.text)
    ETH_IRQHandler                           0x08000ab7   Thumb Code     0  startup_stm32f40_41xxx.o(.text)
    ETH_WKUP_IRQHandler                      0x08000ab7   Thumb Code     0  startup_stm32f40_41xxx.o(.text)
    EXTI0_IRQHandler                         0x08000ab7   Thumb Code     0  startup_stm32f40_41xxx.o(.text)
    EXTI15_10_IRQHandler                     0x08000ab7   Thumb Code     0  startup_stm32f40_41xxx.o(.text)
    EXTI1_IRQHandler                         0x08000ab7   Thumb Code     0  startup_stm32f40_41xxx.o(.text)
    EXTI2_IRQHandler                         0x08000ab7   Thumb Code     0  startup_stm32f40_41xxx.o(.text)
    EXTI3_IRQHandler                         0x08000ab7   Thumb Code     0  startup_stm32f40_41xxx.o(.text)
    EXTI4_IRQHandler                         0x08000ab7   Thumb Code     0  startup_stm32f40_41xxx.o(.text)
    EXTI9_5_IRQHandler                       0x08000ab7   Thumb Code     0  startup_stm32f40_41xxx.o(.text)
    FLASH_IRQHandler                         0x08000ab7   Thumb Code     0  startup_stm32f40_41xxx.o(.text)
    FPU_IRQHandler                           0x08000ab7   Thumb Code     0  startup_stm32f40_41xxx.o(.text)
    FSMC_IRQHandler                          0x08000ab7   Thumb Code     0  startup_stm32f40_41xxx.o(.text)
    HASH_RNG_IRQHandler                      0x08000ab7   Thumb Code     0  startup_stm32f40_41xxx.o(.text)
    I2C1_ER_IRQHandler                       0x08000ab7   Thumb Code     0  startup_stm32f40_41xxx.o(.text)
    I2C1_EV_IRQHandler                       0x08000ab7   Thumb Code     0  startup_stm32f40_41xxx.o(.text)
    I2C2_ER_IRQHandler                       0x08000ab7   Thumb Code     0  startup_stm32f40_41xxx.o(.text)
    I2C2_EV_IRQHandler                       0x08000ab7   Thumb Code     0  startup_stm32f40_41xxx.o(.text)
    I2C3_ER_IRQHandler                       0x08000ab7   Thumb Code     0  startup_stm32f40_41xxx.o(.text)
    I2C3_EV_IRQHandler                       0x08000ab7   Thumb Code     0  startup_stm32f40_41xxx.o(.text)
    OTG_FS_WKUP_IRQHandler                   0x08000ab7   Thumb Code     0  startup_stm32f40_41xxx.o(.text)
    OTG_HS_EP1_IN_IRQHandler                 0x08000ab7   Thumb Code     0  startup_stm32f40_41xxx.o(.text)
    OTG_HS_EP1_OUT_IRQHandler                0x08000ab7   Thumb Code     0  startup_stm32f40_41xxx.o(.text)
    OTG_HS_IRQHandler                        0x08000ab7   Thumb Code     0  startup_stm32f40_41xxx.o(.text)
    OTG_HS_WKUP_IRQHandler                   0x08000ab7   Thumb Code     0  startup_stm32f40_41xxx.o(.text)
    PVD_IRQHandler                           0x08000ab7   Thumb Code     0  startup_stm32f40_41xxx.o(.text)
    RCC_IRQHandler                           0x08000ab7   Thumb Code     0  startup_stm32f40_41xxx.o(.text)
    RTC_Alarm_IRQHandler                     0x08000ab7   Thumb Code     0  startup_stm32f40_41xxx.o(.text)
    RTC_WKUP_IRQHandler                      0x08000ab7   Thumb Code     0  startup_stm32f40_41xxx.o(.text)
    SDIO_IRQHandler                          0x08000ab7   Thumb Code     0  startup_stm32f40_41xxx.o(.text)
    SPI1_IRQHandler                          0x08000ab7   Thumb Code     0  startup_stm32f40_41xxx.o(.text)
    SPI2_IRQHandler                          0x08000ab7   Thumb Code     0  startup_stm32f40_41xxx.o(.text)
    SPI3_IRQHandler                          0x08000ab7   Thumb Code     0  startup_stm32f40_41xxx.o(.text)
    TAMP_STAMP_IRQHandler                    0x08000ab7   Thumb Code     0  startup_stm32f40_41xxx.o(.text)
    TIM1_BRK_TIM9_IRQHandler                 0x08000ab7   Thumb Code     0  startup_stm32f40_41xxx.o(.text)
    TIM1_CC_IRQHandler                       0x08000ab7   Thumb Code     0  startup_stm32f40_41xxx.o(.text)
    TIM1_TRG_COM_TIM11_IRQHandler            0x08000ab7   Thumb Code     0  startup_stm32f40_41xxx.o(.text)
    TIM1_UP_TIM10_IRQHandler                 0x08000ab7   Thumb Code     0  startup_stm32f40_41xxx.o(.text)
    TIM2_IRQHandler                          0x08000ab7   Thumb Code     0  startup_stm32f40_41xxx.o(.text)
    TIM3_IRQHandler                          0x08000ab7   Thumb Code     0  startup_stm32f40_41xxx.o(.text)
    TIM4_IRQHandler                          0x08000ab7   Thumb Code     0  startup_stm32f40_41xxx.o(.text)
    TIM5_IRQHandler                          0x08000ab7   Thumb Code     0  startup_stm32f40_41xxx.o(.text)
    TIM6_DAC_IRQHandler                      0x08000ab7   Thumb Code     0  startup_stm32f40_41xxx.o(.text)
    TIM7_IRQHandler                          0x08000ab7   Thumb Code     0  startup_stm32f40_41xxx.o(.text)
    TIM8_BRK_TIM12_IRQHandler                0x08000ab7   Thumb Code     0  startup_stm32f40_41xxx.o(.text)
    TIM8_CC_IRQHandler                       0x08000ab7   Thumb Code     0  startup_stm32f40_41xxx.o(.text)
    TIM8_TRG_COM_TIM14_IRQHandler            0x08000ab7   Thumb Code     0  startup_stm32f40_41xxx.o(.text)
    TIM8_UP_TIM13_IRQHandler                 0x08000ab7   Thumb Code     0  startup_stm32f40_41xxx.o(.text)
    UART4_IRQHandler                         0x08000ab7   Thumb Code     0  startup_stm32f40_41xxx.o(.text)
    UART5_IRQHandler                         0x08000ab7   Thumb Code     0  startup_stm32f40_41xxx.o(.text)
    USART2_IRQHandler                        0x08000ab7   Thumb Code     0  startup_stm32f40_41xxx.o(.text)
    USART3_IRQHandler                        0x08000ab7   Thumb Code     0  startup_stm32f40_41xxx.o(.text)
    USART6_IRQHandler                        0x08000ab7   Thumb Code     0  startup_stm32f40_41xxx.o(.text)
    WWDG_IRQHandler                          0x08000ab7   Thumb Code     0  startup_stm32f40_41xxx.o(.text)
    __user_initial_stackheap                 0x08000ab9   Thumb Code     0  startup_stm32f40_41xxx.o(.text)
    NMI_Handler                              0x08000add   Thumb Code     2  stm32f4xx_it.o(.text)
    HardFault_Handler                        0x08000adf   Thumb Code     4  stm32f4xx_it.o(.text)
    MemManage_Handler                        0x08000ae3   Thumb Code     4  stm32f4xx_it.o(.text)
    BusFault_Handler                         0x08000ae7   Thumb Code     4  stm32f4xx_it.o(.text)
    UsageFault_Handler                       0x08000aeb   Thumb Code     4  stm32f4xx_it.o(.text)
    SVC_Handler                              0x08000aef   Thumb Code     2  stm32f4xx_it.o(.text)
    DebugMon_Handler                         0x08000af1   Thumb Code     2  stm32f4xx_it.o(.text)
    PendSV_Handler                           0x08000af3   Thumb Code     2  stm32f4xx_it.o(.text)
    SysTick_Handler                          0x08000af5   Thumb Code     2  stm32f4xx_it.o(.text)
    SystemInit                               0x08000bd5   Thumb Code    88  system_stm32f4xx.o(.text)
    SystemCoreClockUpdate                    0x08000c2d   Thumb Code   174  system_stm32f4xx.o(.text)
    NVIC_PriorityGroupConfig                 0x08000d09   Thumb Code    10  misc.o(.text)
    NVIC_Init                                0x08000d13   Thumb Code   106  misc.o(.text)
    NVIC_SetVectorTable                      0x08000d7d   Thumb Code    14  misc.o(.text)
    NVIC_SystemLPConfig                      0x08000d8b   Thumb Code    34  misc.o(.text)
    SysTick_CLKSourceConfig                  0x08000dad   Thumb Code    40  misc.o(.text)
    GPIO_DeInit                              0x08000de9   Thumb Code   268  stm32f4xx_gpio.o(.text)
    GPIO_Init                                0x08000ef5   Thumb Code   144  stm32f4xx_gpio.o(.text)
    GPIO_StructInit                          0x08000f85   Thumb Code    18  stm32f4xx_gpio.o(.text)
    GPIO_PinLockConfig                       0x08000f97   Thumb Code    34  stm32f4xx_gpio.o(.text)
    GPIO_ReadInputDataBit                    0x08000fb9   Thumb Code    18  stm32f4xx_gpio.o(.text)
    GPIO_ReadInputData                       0x08000fcb   Thumb Code     8  stm32f4xx_gpio.o(.text)
    GPIO_ReadOutputDataBit                   0x08000fd3   Thumb Code    18  stm32f4xx_gpio.o(.text)
    GPIO_ReadOutputData                      0x08000fe5   Thumb Code     8  stm32f4xx_gpio.o(.text)
    GPIO_SetBits                             0x08000fed   Thumb Code     4  stm32f4xx_gpio.o(.text)
    GPIO_ResetBits                           0x08000ff1   Thumb Code     4  stm32f4xx_gpio.o(.text)
    GPIO_WriteBit                            0x08000ff5   Thumb Code    10  stm32f4xx_gpio.o(.text)
    GPIO_Write                               0x08000fff   Thumb Code     4  stm32f4xx_gpio.o(.text)
    GPIO_ToggleBits                          0x08001003   Thumb Code     8  stm32f4xx_gpio.o(.text)
    GPIO_PinAFConfig                         0x0800100b   Thumb Code    70  stm32f4xx_gpio.o(.text)
    RCC_DeInit                               0x0800107d   Thumb Code    82  stm32f4xx_rcc.o(.text)
    RCC_HSEConfig                            0x080010cf   Thumb Code    14  stm32f4xx_rcc.o(.text)
    RCC_GetFlagStatus                        0x080010dd   Thumb Code    60  stm32f4xx_rcc.o(.text)
    RCC_WaitForHSEStartUp                    0x08001119   Thumb Code    56  stm32f4xx_rcc.o(.text)
    RCC_AdjustHSICalibrationValue            0x08001151   Thumb Code    20  stm32f4xx_rcc.o(.text)
    RCC_HSICmd                               0x08001165   Thumb Code     6  stm32f4xx_rcc.o(.text)
    RCC_LSEConfig                            0x0800116b   Thumb Code    46  stm32f4xx_rcc.o(.text)
    RCC_LSICmd                               0x08001199   Thumb Code     6  stm32f4xx_rcc.o(.text)
    RCC_PLLConfig                            0x0800119f   Thumb Code    32  stm32f4xx_rcc.o(.text)
    RCC_PLLCmd                               0x080011bf   Thumb Code     6  stm32f4xx_rcc.o(.text)
    RCC_PLLI2SConfig                         0x080011c5   Thumb Code    14  stm32f4xx_rcc.o(.text)
    RCC_PLLI2SCmd                            0x080011d3   Thumb Code     6  stm32f4xx_rcc.o(.text)
    RCC_PLLSAIConfig                         0x080011d9   Thumb Code    20  stm32f4xx_rcc.o(.text)
    RCC_PLLSAICmd                            0x080011ed   Thumb Code     6  stm32f4xx_rcc.o(.text)
    RCC_ClockSecuritySystemCmd               0x080011f3   Thumb Code     6  stm32f4xx_rcc.o(.text)
    RCC_MCO1Config                           0x080011f9   Thumb Code    28  stm32f4xx_rcc.o(.text)
    RCC_MCO2Config                           0x08001215   Thumb Code    28  stm32f4xx_rcc.o(.text)
    RCC_SYSCLKConfig                         0x08001231   Thumb Code    20  stm32f4xx_rcc.o(.text)
    RCC_GetSYSCLKSource                      0x08001245   Thumb Code    12  stm32f4xx_rcc.o(.text)
    RCC_HCLKConfig                           0x08001251   Thumb Code    20  stm32f4xx_rcc.o(.text)
    RCC_PCLK1Config                          0x08001265   Thumb Code    20  stm32f4xx_rcc.o(.text)
    RCC_PCLK2Config                          0x08001279   Thumb Code    22  stm32f4xx_rcc.o(.text)
    RCC_GetClocksFreq                        0x0800128f   Thumb Code   222  stm32f4xx_rcc.o(.text)
    RCC_RTCCLKConfig                         0x0800136d   Thumb Code    54  stm32f4xx_rcc.o(.text)
    RCC_RTCCLKCmd                            0x080013a3   Thumb Code     8  stm32f4xx_rcc.o(.text)
    RCC_BackupResetCmd                       0x080013ab   Thumb Code     8  stm32f4xx_rcc.o(.text)
    RCC_I2SCLKConfig                         0x080013b3   Thumb Code     6  stm32f4xx_rcc.o(.text)
    RCC_SAIPLLI2SClkDivConfig                0x080013b9   Thumb Code    26  stm32f4xx_rcc.o(.text)
    RCC_SAIPLLSAIClkDivConfig                0x080013d3   Thumb Code    28  stm32f4xx_rcc.o(.text)
    RCC_SAIBlockACLKConfig                   0x080013ef   Thumb Code    20  stm32f4xx_rcc.o(.text)
    RCC_SAIBlockBCLKConfig                   0x08001403   Thumb Code    20  stm32f4xx_rcc.o(.text)
    RCC_LTDCCLKDivConfig                     0x08001417   Thumb Code    20  stm32f4xx_rcc.o(.text)
    RCC_TIMCLKPresConfig                     0x0800142b   Thumb Code     6  stm32f4xx_rcc.o(.text)
    RCC_AHB1PeriphClockCmd                   0x08001431   Thumb Code    34  stm32f4xx_rcc.o(.text)
    RCC_AHB2PeriphClockCmd                   0x08001453   Thumb Code    78  stm32f4xx_rcc.o(.text)
    RCC_AHB3PeriphClockCmd                   0x080014a1   Thumb Code    34  stm32f4xx_rcc.o(.text)
    RCC_APB1PeriphClockCmd                   0x080014c3   Thumb Code    34  stm32f4xx_rcc.o(.text)
    RCC_APB2PeriphClockCmd                   0x080014e5   Thumb Code    34  stm32f4xx_rcc.o(.text)
    RCC_AHB1PeriphResetCmd                   0x08001507   Thumb Code    34  stm32f4xx_rcc.o(.text)
    RCC_AHB2PeriphResetCmd                   0x08001529   Thumb Code    34  stm32f4xx_rcc.o(.text)
    RCC_AHB3PeriphResetCmd                   0x0800154b   Thumb Code    34  stm32f4xx_rcc.o(.text)
    RCC_APB1PeriphResetCmd                   0x0800156d   Thumb Code    34  stm32f4xx_rcc.o(.text)
    RCC_APB2PeriphResetCmd                   0x0800158f   Thumb Code    34  stm32f4xx_rcc.o(.text)
    RCC_AHB1PeriphClockLPModeCmd             0x080015b1   Thumb Code    34  stm32f4xx_rcc.o(.text)
    RCC_AHB2PeriphClockLPModeCmd             0x080015d3   Thumb Code    34  stm32f4xx_rcc.o(.text)
    RCC_AHB3PeriphClockLPModeCmd             0x080015f5   Thumb Code    34  stm32f4xx_rcc.o(.text)
    RCC_APB1PeriphClockLPModeCmd             0x08001617   Thumb Code    34  stm32f4xx_rcc.o(.text)
    RCC_APB2PeriphClockLPModeCmd             0x08001639   Thumb Code    34  stm32f4xx_rcc.o(.text)
    RCC_LSEModeConfig                        0x0800165b   Thumb Code    40  stm32f4xx_rcc.o(.text)
    RCC_ITConfig                             0x08001683   Thumb Code    34  stm32f4xx_rcc.o(.text)
    RCC_ClearFlag                            0x080016a5   Thumb Code    18  stm32f4xx_rcc.o(.text)
    RCC_GetITStatus                          0x080016b7   Thumb Code    22  stm32f4xx_rcc.o(.text)
    RCC_ClearITPendingBit                    0x080016cd   Thumb Code     8  stm32f4xx_rcc.o(.text)
    USART_DeInit                             0x080016d9   Thumb Code   206  stm32f4xx_usart.o(.text)
    USART_Init                               0x080017a7   Thumb Code   204  stm32f4xx_usart.o(.text)
    USART_StructInit                         0x08001873   Thumb Code    24  stm32f4xx_usart.o(.text)
    USART_ClockInit                          0x0800188b   Thumb Code    32  stm32f4xx_usart.o(.text)
    USART_ClockStructInit                    0x080018ab   Thumb Code    12  stm32f4xx_usart.o(.text)
    USART_Cmd                                0x080018b7   Thumb Code    24  stm32f4xx_usart.o(.text)
    USART_SetPrescaler                       0x080018cf   Thumb Code    16  stm32f4xx_usart.o(.text)
    USART_OverSampling8Cmd                   0x080018df   Thumb Code    22  stm32f4xx_usart.o(.text)
    USART_OneBitMethodCmd                    0x080018f5   Thumb Code    24  stm32f4xx_usart.o(.text)
    USART_SendData                           0x0800190d   Thumb Code     8  stm32f4xx_usart.o(.text)
    USART_ReceiveData                        0x08001915   Thumb Code    10  stm32f4xx_usart.o(.text)
    USART_SetAddress                         0x0800191f   Thumb Code    18  stm32f4xx_usart.o(.text)
    USART_ReceiverWakeUpCmd                  0x08001931   Thumb Code    24  stm32f4xx_usart.o(.text)
    USART_WakeUpConfig                       0x08001949   Thumb Code    18  stm32f4xx_usart.o(.text)
    USART_LINBreakDetectLengthConfig         0x0800195b   Thumb Code    18  stm32f4xx_usart.o(.text)
    USART_LINCmd                             0x0800196d   Thumb Code    24  stm32f4xx_usart.o(.text)
    USART_SendBreak                          0x08001985   Thumb Code    10  stm32f4xx_usart.o(.text)
    USART_HalfDuplexCmd                      0x0800198f   Thumb Code    24  stm32f4xx_usart.o(.text)
    USART_SetGuardTime                       0x080019a7   Thumb Code    16  stm32f4xx_usart.o(.text)
    USART_SmartCardCmd                       0x080019b7   Thumb Code    24  stm32f4xx_usart.o(.text)
    USART_SmartCardNACKCmd                   0x080019cf   Thumb Code    24  stm32f4xx_usart.o(.text)
    USART_IrDAConfig                         0x080019e7   Thumb Code    18  stm32f4xx_usart.o(.text)
    USART_IrDACmd                            0x080019f9   Thumb Code    24  stm32f4xx_usart.o(.text)
    USART_DMACmd                             0x08001a11   Thumb Code    18  stm32f4xx_usart.o(.text)
    USART_ITConfig                           0x08001a23   Thumb Code    74  stm32f4xx_usart.o(.text)
    USART_GetFlagStatus                      0x08001a6d   Thumb Code    26  stm32f4xx_usart.o(.text)
    USART_ClearFlag                          0x08001a87   Thumb Code    18  stm32f4xx_usart.o(.text)
    USART_GetITStatus                        0x08001a99   Thumb Code   118  stm32f4xx_usart.o(.text)
    USART_ClearITPendingBit                  0x08001b0f   Thumb Code    30  stm32f4xx_usart.o(.text)
    delay_init                               0x08001b2d   Thumb Code    52  delay.o(.text)
    delay_us                                 0x08001b61   Thumb Code    72  delay.o(.text)
    delay_xms                                0x08001ba9   Thumb Code    72  delay.o(.text)
    delay_ms                                 0x08001bf1   Thumb Code    56  delay.o(.text)
    _sys_exit                                0x08001c31   Thumb Code     4  usart.o(.text)
    fputc                                    0x08001c35   Thumb Code    22  usart.o(.text)
    uart_init                                0x08001c4b   Thumb Code   164  usart.o(.text)
    USART1_IRQHandler                        0x08001cef   Thumb Code   122  usart.o(.text)
    USBD_DeInit                              0x08001d79   Thumb Code     6  usbd_core.o(.text)
    USBD_Init                                0x08001d7f   Thumb Code    66  usbd_core.o(.text)
    USBD_SetCfg                              0x0800202b   Thumb Code    30  usbd_core.o(.text)
    USBD_ClrCfg                              0x08002049   Thumb Code    22  usbd_core.o(.text)
    USBD_CtlSendData                         0x08002089   Thumb Code    46  usbd_ioreq.o(.text)
    USBD_CtlContinueSendData                 0x080020b7   Thumb Code    30  usbd_ioreq.o(.text)
    USBD_CtlPrepareRx                        0x080020d5   Thumb Code    46  usbd_ioreq.o(.text)
    USBD_CtlContinueRx                       0x08002103   Thumb Code    30  usbd_ioreq.o(.text)
    USBD_CtlSendStatus                       0x08002121   Thumb Code    36  usbd_ioreq.o(.text)
    USBD_CtlReceiveStatus                    0x08002145   Thumb Code    36  usbd_ioreq.o(.text)
    USBD_GetRxCount                          0x08002169   Thumb Code    20  usbd_ioreq.o(.text)
    USBD_CtlError                            0x0800217d   Thumb Code    30  usbd_req.o(.text)
    USBD_StdDevReq                           0x08002561   Thumb Code   114  usbd_req.o(.text)
    USBD_StdItfReq                           0x080025d3   Thumb Code    76  usbd_req.o(.text)
    USBD_StdEPReq                            0x0800261f   Thumb Code   386  usbd_req.o(.text)
    USBD_ParseSetupRequest                   0x080027a1   Thumb Code    72  usbd_req.o(.text)
    USBD_GetString                           0x080027fd   Thumb Code    82  usbd_req.o(.text)
    USB_OTG_WritePacket                      0x080028f5   Thumb Code    64  usb_core.o(.text)
    USB_OTG_ReadPacket                       0x08002935   Thumb Code    40  usb_core.o(.text)
    USB_OTG_SelectCore                       0x0800295d   Thumb Code   204  usb_core.o(.text)
    USB_OTG_CoreInit                         0x08002a29   Thumb Code   294  usb_core.o(.text)
    USB_OTG_EnableGlobalInt                  0x08002b4f   Thumb Code    34  usb_core.o(.text)
    USB_OTG_DisableGlobalInt                 0x08002b71   Thumb Code    34  usb_core.o(.text)
    USB_OTG_FlushTxFifo                      0x08002b93   Thumb Code    80  usb_core.o(.text)
    USB_OTG_FlushRxFifo                      0x08002be3   Thumb Code    70  usb_core.o(.text)
    USB_OTG_SetCurrentMode                   0x08002c29   Thumb Code    78  usb_core.o(.text)
    USB_OTG_GetMode                          0x08002c77   Thumb Code    22  usb_core.o(.text)
    USB_OTG_IsDeviceMode                     0x08002c8d   Thumb Code    22  usb_core.o(.text)
    USB_OTG_IsHostMode                       0x08002ca3   Thumb Code    20  usb_core.o(.text)
    USB_OTG_ReadCoreItr                      0x08002cb7   Thumb Code    16  usb_core.o(.text)
    USB_OTG_ReadOtgItr                       0x08002cc7   Thumb Code     8  usb_core.o(.text)
    USB_OTG_InitDevSpeed                     0x08002ccf   Thumb Code    24  usb_core.o(.text)
    USB_OTG_EnableDevInt                     0x08002ce7   Thumb Code   154  usb_core.o(.text)
    USB_OTG_CoreInitDev                      0x08002d81   Thumb Code   526  usb_core.o(.text)
    USB_OTG_GetDeviceSpeed                   0x08002f8f   Thumb Code    56  usb_core.o(.text)
    USB_OTG_EP0Activate                      0x08002fc7   Thumb Code   116  usb_core.o(.text)
    USB_OTG_EPActivate                       0x0800303b   Thumb Code   152  usb_core.o(.text)
    USB_OTG_EPDeactivate                     0x080030d3   Thumb Code    94  usb_core.o(.text)
    USB_OTG_EPStartXfer                      0x08003131   Thumb Code   510  usb_core.o(.text)
    USB_OTG_EP0StartXfer                     0x0800332f   Thumb Code   342  usb_core.o(.text)
    USB_OTG_EPSetStall                       0x08003485   Thumb Code   100  usb_core.o(.text)
    USB_OTG_EPClearStall                     0x080034e9   Thumb Code    80  usb_core.o(.text)
    USB_OTG_ReadDevAllOutEp_itr              0x08003539   Thumb Code    16  usb_core.o(.text)
    USB_OTG_ReadDevOutEP_itr                 0x08003549   Thumb Code    20  usb_core.o(.text)
    USB_OTG_ReadDevAllInEPItr                0x0800355d   Thumb Code    16  usb_core.o(.text)
    USB_OTG_EP0_OutStart                     0x0800356d   Thumb Code    98  usb_core.o(.text)
    USB_OTG_ActiveRemoteWakeup               0x080035cf   Thumb Code   108  usb_core.o(.text)
    USB_OTG_UngateClock                      0x0800363b   Thumb Code    56  usb_core.o(.text)
    USB_OTG_StopDevice                       0x08003673   Thumb Code    82  usb_core.o(.text)
    USB_OTG_GetEPStatus                      0x080036c5   Thumb Code   106  usb_core.o(.text)
    USB_OTG_SetEPStatus                      0x0800372f   Thumb Code   282  usb_core.o(.text)
    DCD_Init                                 0x08003849   Thumb Code   156  usb_dcd.o(.text)
    DCD_EP_Open                              0x080038e5   Thumb Code   104  usb_dcd.o(.text)
    DCD_EP_Close                             0x0800394d   Thumb Code    74  usb_dcd.o(.text)
    DCD_EP_PrepareRx                         0x08003997   Thumb Code    82  usb_dcd.o(.text)
    DCD_EP_Tx                                0x080039e9   Thumb Code    78  usb_dcd.o(.text)
    DCD_EP_Stall                             0x08003a37   Thumb Code    72  usb_dcd.o(.text)
    DCD_EP_ClrStall                          0x08003a7f   Thumb Code    72  usb_dcd.o(.text)
    DCD_EP_Flush                             0x08003ac7   Thumb Code    36  usb_dcd.o(.text)
    DCD_EP_SetAddress                        0x08003aeb   Thumb Code    28  usb_dcd.o(.text)
    DCD_DevConnect                           0x08003b07   Thumb Code    32  usb_dcd.o(.text)
    DCD_DevDisconnect                        0x08003b27   Thumb Code    34  usb_dcd.o(.text)
    DCD_GetEPStatus                          0x08003b49   Thumb Code    64  usb_dcd.o(.text)
    DCD_SetEPStatus                          0x08003b89   Thumb Code    62  usb_dcd.o(.text)
    USBD_OTG_ISR_Handler                     0x08004383   Thumb Code   236  usb_dcd_int.o(.text)
    __use_no_semihosting                     0x0800446f   Thumb Code     2  use_no_semi_2.o(.text)
    vsnprintf                                0x08004471   Thumb Code    48  vsnprintf.o(.text)
    __2printf                                0x080044a5   Thumb Code    20  __2printf.o(.text)
    __use_two_region_memory                  0x080044bd   Thumb Code     2  heapauxi.o(.text)
    __rt_heap_escrow$2region                 0x080044bf   Thumb Code     2  heapauxi.o(.text)
    __rt_heap_expand$2region                 0x080044c1   Thumb Code     2  heapauxi.o(.text)
    __I$use$semihosting                      0x080044c3   Thumb Code     0  use_no_semi.o(.text)
    __use_no_semihosting_swi                 0x080044c3   Thumb Code     2  use_no_semi.o(.text)
    _printf_pre_padding                      0x080044c5   Thumb Code    44  _printf_pad.o(.text)
    _printf_post_padding                     0x080044f1   Thumb Code    34  _printf_pad.o(.text)
    _printf_truncate_signed                  0x08004513   Thumb Code    18  _printf_truncate.o(.text)
    _printf_truncate_unsigned                0x08004525   Thumb Code    18  _printf_truncate.o(.text)
    _printf_str                              0x08004537   Thumb Code    82  _printf_str.o(.text)
    _printf_int_dec                          0x08004589   Thumb Code   104  _printf_dec.o(.text)
    _printf_charcount                        0x08004601   Thumb Code    40  _printf_charcount.o(.text)
    _printf_char_common                      0x08004633   Thumb Code    32  _printf_char_common.o(.text)
    _sputc                                   0x08004659   Thumb Code    10  _sputc.o(.text)
    _snputc                                  0x08004663   Thumb Code    16  _snputc.o(.text)
    _printf_char_file                        0x08004675   Thumb Code    32  _printf_char_file.o(.text)
    _printf_wctomb                           0x08004699   Thumb Code   182  _printf_wctomb.o(.text)
    _printf_longlong_dec                     0x08004755   Thumb Code   108  _printf_longlong_dec.o(.text)
    _printf_longlong_oct                     0x080047d1   Thumb Code    66  _printf_oct_int_ll.o(.text)
    _printf_int_oct                          0x08004813   Thumb Code    24  _printf_oct_int_ll.o(.text)
    _printf_ll_oct                           0x0800482b   Thumb Code    12  _printf_oct_int_ll.o(.text)
    _printf_longlong_hex                     0x08004841   Thumb Code    86  _printf_hex_int_ll_ptr.o(.text)
    _printf_int_hex                          0x08004897   Thumb Code    28  _printf_hex_int_ll_ptr.o(.text)
    _printf_ll_hex                           0x080048b3   Thumb Code    12  _printf_hex_int_ll_ptr.o(.text)
    _printf_hex_ptr                          0x080048bf   Thumb Code    18  _printf_hex_int_ll_ptr.o(.text)
    __printf                                 0x080048d5   Thumb Code   388  __printf_flags_ss_wp.o(.text)
    _ll_udiv10                               0x08004a5d   Thumb Code   138  lludiv10.o(.text)
    _printf_int_common                       0x08004ae7   Thumb Code   178  _printf_intcommon.o(.text)
    __lib_sel_fp_printf                      0x08004b99   Thumb Code     2  _printf_fp_dec.o(.text)
    _printf_fp_dec_real                      0x08004d4b   Thumb Code   620  _printf_fp_dec.o(.text)
    _printf_fp_hex_real                      0x08004fb9   Thumb Code   756  _printf_fp_hex.o(.text)
    _printf_cs_common                        0x080052b5   Thumb Code    20  _printf_char.o(.text)
    _printf_char                             0x080052c9   Thumb Code    16  _printf_char.o(.text)
    _printf_string                           0x080052d9   Thumb Code     8  _printf_char.o(.text)
    _printf_lcs_common                       0x080052e1   Thumb Code    20  _printf_wchar.o(.text)
    _printf_wchar                            0x080052f5   Thumb Code    16  _printf_wchar.o(.text)
    _printf_wstring                          0x08005305   Thumb Code     8  _printf_wchar.o(.text)
    ferror                                   0x0800530d   Thumb Code     8  ferror.o(.text)
    _wcrtomb                                 0x08005315   Thumb Code    64  _wcrtomb.o(.text)
    __user_setup_stackheap                   0x08005355   Thumb Code    74  sys_stackheap_outer.o(.text)
    __rt_ctype_table                         0x080053a1   Thumb Code    16  rt_ctype_table.o(.text)
    __rt_locale                              0x080053b1   Thumb Code     8  rt_locale_intlibspace.o(.text)
    _printf_fp_infnan                        0x080053b9   Thumb Code   112  _printf_fp_infnan.o(.text)
    _btod_etento                             0x08005439   Thumb Code   224  bigflt0.o(.text)
    exit                                     0x0800551d   Thumb Code    18  exit.o(.text)
    __user_libspace                          0x08005531   Thumb Code     8  libspace.o(.text)
    __user_perproc_libspace                  0x08005531   Thumb Code     0  libspace.o(.text)
    __user_perthread_libspace                0x08005531   Thumb Code     0  libspace.o(.text)
    strcmp                                   0x08005539   Thumb Code   128  strcmpv7m.o(.text)
    _btod_d2e                                0x080055b9   Thumb Code    62  btod.o(CL$$btod_d2e)
    _d2e_denorm_low                          0x080055f7   Thumb Code    70  btod.o(CL$$btod_d2e_denorm_low)
    _d2e_norm_op1                            0x0800563d   Thumb Code    96  btod.o(CL$$btod_d2e_norm_op1)
    __btod_div_common                        0x0800569d   Thumb Code   696  btod.o(CL$$btod_div_common)
    _e2e                                     0x080059d5   Thumb Code   220  btod.o(CL$$btod_e2e)
    _btod_ediv                               0x08005ab1   Thumb Code    42  btod.o(CL$$btod_ediv)
    _btod_emul                               0x08005adb   Thumb Code    42  btod.o(CL$$btod_emul)
    __btod_mult_common                       0x08005b05   Thumb Code   580  btod.o(CL$$btod_mult_common)
    __ARM_fpclassify                         0x08005d49   Thumb Code    48  fpclassify.o(i.__ARM_fpclassify)
    _is_digit                                0x08005d79   Thumb Code    14  __printf_wp.o(i._is_digit)
    _get_lc_numeric                          0x08005d89   Thumb Code    44  lc_numeric_c.o(locale$$code)
    _get_lc_ctype                            0x08005db5   Thumb Code    44  lc_ctype_c.o(locale$$code)
    _fp_init                                 0x08005de1   Thumb Code    10  fpinit.o(x$fpl$fpinit)
    __fplib_config_fpu_vfp                   0x08005de9   Thumb Code     0  fpinit.o(x$fpl$fpinit)
    __fplib_config_pureend_doubles           0x08005de9   Thumb Code     0  fpinit.o(x$fpl$fpinit)
    _printf_fp_dec                           0x08005deb   Thumb Code     4  printf1.o(x$fpl$printf1)
    _printf_fp_hex                           0x08005def   Thumb Code     4  printf2.o(x$fpl$printf2)
    __I$use$fp                               0x08005df2   Number         0  usenofp.o(x$fpl$usenofp)
    Region$$Table$$Base                      0x08005ef0   Number         0  anon$$obj.o(Region$$Table)
    Region$$Table$$Limit                     0x08005f10   Number         0  anon$$obj.o(Region$$Table)
    __ctype                                  0x08005f39   Data           0  lc_ctype_c.o(locale$$data)
    CmdBuff                                  0x20000004   Data           8  driver_usbvcp.o(.data)
    APP_Rx_ptr_in                            0x2000000c   Data           4  driver_usbvcp.o(.data)
    APP_Rx_ptr_out                           0x20000010   Data           4  driver_usbvcp.o(.data)
    APP_Rx_length                            0x20000014   Data           4  driver_usbvcp.o(.data)
    USB_Tx_State                             0x20000018   Data           1  driver_usbvcp.o(.data)
    USBD_CDC_cb                              0x20000024   Data          44  driver_usbvcp.o(.data)
    usbd_cdc_CfgDesc                         0x20000050   Data          67  driver_usbvcp.o(.data)
    VCP_fops                                 0x20000094   Data          20  driver_usbvcp.o(.data)
    USR_desc                                 0x200000a8   Data          28  driver_usbvcp.o(.data)
    USBD_DeviceDesc                          0x200000c4   Data          18  driver_usbvcp.o(.data)
    USBD_DeviceQualifierDesc                 0x200000d6   Data          10  driver_usbvcp.o(.data)
    USBD_LangIDDesc                          0x200000e0   Data           4  driver_usbvcp.o(.data)
    USBD_StringSerial                        0x200000e4   Data          26  driver_usbvcp.o(.data)
    USR_cb                                   0x20000100   Data          28  driver_usbvcp.o(.data)
    usbStatus                                0x2000011c   Data           1  driver_usbvcp.o(.data)
    usbPreemptionPriority                    0x2000011d   Data           1  driver_usbvcp.o(.data)
    usbSubPriority                           0x2000011e   Data           1  driver_usbvcp.o(.data)
    adc                                      0x20000124   Data           8  bsp_adc.o(.data)
    ADC_ConvertedValue                       0x2000012c   Data           6  bsp_adc.o(.data)
    SystemCoreClock                          0x20000134   Data           4  system_stm32f4xx.o(.data)
    AHBPrescTable                            0x20000138   Data          16  system_stm32f4xx.o(.data)
    __stdout                                 0x2000015c   Data           4  usart.o(.data)
    USART_RX_STA                             0x20000160   Data           2  usart.o(.data)
    SET_TEST_MODE                            0x20000164   Data           4  usbd_core.o(.data)
    USBD_DCD_INT_cb                          0x20000168   Data          44  usbd_core.o(.data)
    USBD_DCD_INT_fops                        0x20000194   Data           4  usbd_core.o(.data)
    USBD_ep_status                           0x20000198   Data           4  usbd_req.o(.data)
    USBD_default_cfg                         0x2000019c   Data           4  usbd_req.o(.data)
    USBD_cfg_status                          0x200001a0   Data           4  usbd_req.o(.data)
    bsp                                      0x200001a8   Data          84  project_confi.o(.bss)
    usbd_cdc_OtherCfgDesc                    0x200001fc   Data          67  driver_usbvcp.o(.bss)
    USB_Rx_Buffer                            0x2000023f   Data          64  driver_usbvcp.o(.bss)
    APP_Rx_Buffer                            0x2000027f   Data        2048  driver_usbvcp.o(.bss)
    USBD_StrDesc                             0x20000a7f   Data         255  driver_usbvcp.o(.bss)
    usb                                      0x20000b80   Data          20  driver_usbvcp.o(.bss)
    USB_OTG_dev                              0x20000b94   Data        1524  driver_usbvcp.o(.bss)
    USART_RX_BUF                             0x20001188   Data         200  usart.o(.bss)
    __libspace_start                         0x20001250   Data          96  libspace.o(.bss)
    __temporary_stack_top$libspace           0x200012b0   Data           0  libspace.o(.bss)



==============================================================================

Memory Map of the image

  Image Entry point : 0x08000189

  Load Region LR_IROM1 (Base: 0x08000000, Size: 0x000061e4, Max: 0x00100000, ABSOLUTE, COMPRESSED[0x0000612c])

    Execution Region ER_IROM1 (Exec base: 0x08000000, Load base: 0x08000000, Size: 0x0000603c, Max: 0x00100000, ABSOLUTE)

    Exec Addr    Load Addr    Size         Type   Attr      Idx    E Section Name        Object

    0x08000000   0x08000000   0x00000188   Data   RO          365    RESET               startup_stm32f40_41xxx.o
    0x08000188   0x08000188   0x00000008   Code   RO          923  * !!!main             c_w.l(__main.o)
    0x08000190   0x08000190   0x00000034   Code   RO         1252    !!!scatter          c_w.l(__scatter.o)
    0x080001c4   0x080001c4   0x0000005a   Code   RO         1250    !!dczerorl2         c_w.l(__dczerorl2.o)
    0x0800021e   0x0800021e   0x00000002   PAD
    0x08000220   0x08000220   0x0000001c   Code   RO         1254    !!handler_zi        c_w.l(__scatter_zi.o)
    0x0800023c   0x0800023c   0x00000000   Code   RO         1013    .ARM.Collect$$_printf_percent$$00000000  c_w.l(_printf_percent.o)
    0x0800023c   0x0800023c   0x00000006   Code   RO         1002    .ARM.Collect$$_printf_percent$$00000001  c_w.l(_printf_n.o)
    0x08000242   0x08000242   0x00000006   Code   RO         1004    .ARM.Collect$$_printf_percent$$00000002  c_w.l(_printf_p.o)
    0x08000248   0x08000248   0x00000006   Code   RO         1009    .ARM.Collect$$_printf_percent$$00000003  c_w.l(_printf_f.o)
    0x0800024e   0x0800024e   0x00000006   Code   RO         1010    .ARM.Collect$$_printf_percent$$00000004  c_w.l(_printf_e.o)
    0x08000254   0x08000254   0x00000006   Code   RO         1011    .ARM.Collect$$_printf_percent$$00000005  c_w.l(_printf_g.o)
    0x0800025a   0x0800025a   0x00000006   Code   RO         1012    .ARM.Collect$$_printf_percent$$00000006  c_w.l(_printf_a.o)
    0x08000260   0x08000260   0x0000000a   Code   RO         1017    .ARM.Collect$$_printf_percent$$00000007  c_w.l(_printf_ll.o)
    0x0800026a   0x0800026a   0x00000006   Code   RO         1006    .ARM.Collect$$_printf_percent$$00000008  c_w.l(_printf_i.o)
    0x08000270   0x08000270   0x00000006   Code   RO         1007    .ARM.Collect$$_printf_percent$$00000009  c_w.l(_printf_d.o)
    0x08000276   0x08000276   0x00000006   Code   RO         1008    .ARM.Collect$$_printf_percent$$0000000A  c_w.l(_printf_u.o)
    0x0800027c   0x0800027c   0x00000006   Code   RO         1005    .ARM.Collect$$_printf_percent$$0000000B  c_w.l(_printf_o.o)
    0x08000282   0x08000282   0x00000006   Code   RO         1003    .ARM.Collect$$_printf_percent$$0000000C  c_w.l(_printf_x.o)
    0x08000288   0x08000288   0x00000006   Code   RO         1014    .ARM.Collect$$_printf_percent$$0000000D  c_w.l(_printf_lli.o)
    0x0800028e   0x0800028e   0x00000006   Code   RO         1015    .ARM.Collect$$_printf_percent$$0000000E  c_w.l(_printf_lld.o)
    0x08000294   0x08000294   0x00000006   Code   RO         1016    .ARM.Collect$$_printf_percent$$0000000F  c_w.l(_printf_llu.o)
    0x0800029a   0x0800029a   0x00000006   Code   RO         1021    .ARM.Collect$$_printf_percent$$00000010  c_w.l(_printf_llo.o)
    0x080002a0   0x080002a0   0x00000006   Code   RO         1022    .ARM.Collect$$_printf_percent$$00000011  c_w.l(_printf_llx.o)
    0x080002a6   0x080002a6   0x0000000a   Code   RO         1018    .ARM.Collect$$_printf_percent$$00000012  c_w.l(_printf_l.o)
    0x080002b0   0x080002b0   0x00000006   Code   RO         1000    .ARM.Collect$$_printf_percent$$00000013  c_w.l(_printf_c.o)
    0x080002b6   0x080002b6   0x00000006   Code   RO         1001    .ARM.Collect$$_printf_percent$$00000014  c_w.l(_printf_s.o)
    0x080002bc   0x080002bc   0x00000006   Code   RO         1019    .ARM.Collect$$_printf_percent$$00000015  c_w.l(_printf_lc.o)
    0x080002c2   0x080002c2   0x00000006   Code   RO         1020    .ARM.Collect$$_printf_percent$$00000016  c_w.l(_printf_ls.o)
    0x080002c8   0x080002c8   0x00000004   Code   RO         1061    .ARM.Collect$$_printf_percent$$00000017  c_w.l(_printf_percent_end.o)
    0x080002cc   0x080002cc   0x00000002   Code   RO         1114    .ARM.Collect$$libinit$$00000000  c_w.l(libinit.o)
    0x080002ce   0x080002ce   0x00000004   Code   RO         1130    .ARM.Collect$$libinit$$00000001  c_w.l(libinit2.o)
    0x080002d2   0x080002d2   0x00000000   Code   RO         1133    .ARM.Collect$$libinit$$00000004  c_w.l(libinit2.o)
    0x080002d2   0x080002d2   0x00000000   Code   RO         1136    .ARM.Collect$$libinit$$0000000A  c_w.l(libinit2.o)
    0x080002d2   0x080002d2   0x00000000   Code   RO         1138    .ARM.Collect$$libinit$$0000000C  c_w.l(libinit2.o)
    0x080002d2   0x080002d2   0x00000000   Code   RO         1140    .ARM.Collect$$libinit$$0000000E  c_w.l(libinit2.o)
    0x080002d2   0x080002d2   0x00000006   Code   RO         1141    .ARM.Collect$$libinit$$0000000F  c_w.l(libinit2.o)
    0x080002d8   0x080002d8   0x00000000   Code   RO         1143    .ARM.Collect$$libinit$$00000011  c_w.l(libinit2.o)
    0x080002d8   0x080002d8   0x0000000c   Code   RO         1144    .ARM.Collect$$libinit$$00000012  c_w.l(libinit2.o)
    0x080002e4   0x080002e4   0x00000000   Code   RO         1145    .ARM.Collect$$libinit$$00000013  c_w.l(libinit2.o)
    0x080002e4   0x080002e4   0x00000000   Code   RO         1147    .ARM.Collect$$libinit$$00000015  c_w.l(libinit2.o)
    0x080002e4   0x080002e4   0x0000000a   Code   RO         1148    .ARM.Collect$$libinit$$00000016  c_w.l(libinit2.o)
    0x080002ee   0x080002ee   0x00000000   Code   RO         1149    .ARM.Collect$$libinit$$00000017  c_w.l(libinit2.o)
    0x080002ee   0x080002ee   0x00000000   Code   RO         1151    .ARM.Collect$$libinit$$00000019  c_w.l(libinit2.o)
    0x080002ee   0x080002ee   0x00000000   Code   RO         1153    .ARM.Collect$$libinit$$0000001B  c_w.l(libinit2.o)
    0x080002ee   0x080002ee   0x00000000   Code   RO         1155    .ARM.Collect$$libinit$$0000001D  c_w.l(libinit2.o)
    0x080002ee   0x080002ee   0x00000000   Code   RO         1157    .ARM.Collect$$libinit$$0000001F  c_w.l(libinit2.o)
    0x080002ee   0x080002ee   0x00000000   Code   RO         1159    .ARM.Collect$$libinit$$00000021  c_w.l(libinit2.o)
    0x080002ee   0x080002ee   0x00000000   Code   RO         1161    .ARM.Collect$$libinit$$00000023  c_w.l(libinit2.o)
    0x080002ee   0x080002ee   0x00000000   Code   RO         1163    .ARM.Collect$$libinit$$00000025  c_w.l(libinit2.o)
    0x080002ee   0x080002ee   0x00000000   Code   RO         1167    .ARM.Collect$$libinit$$0000002C  c_w.l(libinit2.o)
    0x080002ee   0x080002ee   0x00000000   Code   RO         1169    .ARM.Collect$$libinit$$0000002E  c_w.l(libinit2.o)
    0x080002ee   0x080002ee   0x00000000   Code   RO         1171    .ARM.Collect$$libinit$$00000030  c_w.l(libinit2.o)
    0x080002ee   0x080002ee   0x00000000   Code   RO         1173    .ARM.Collect$$libinit$$00000032  c_w.l(libinit2.o)
    0x080002ee   0x080002ee   0x00000002   Code   RO         1174    .ARM.Collect$$libinit$$00000033  c_w.l(libinit2.o)
    0x080002f0   0x080002f0   0x00000002   Code   RO         1192    .ARM.Collect$$libshutdown$$00000000  c_w.l(libshutdown.o)
    0x080002f2   0x080002f2   0x00000000   Code   RO         1202    .ARM.Collect$$libshutdown$$00000002  c_w.l(libshutdown2.o)
    0x080002f2   0x080002f2   0x00000000   Code   RO         1204    .ARM.Collect$$libshutdown$$00000004  c_w.l(libshutdown2.o)
    0x080002f2   0x080002f2   0x00000000   Code   RO         1207    .ARM.Collect$$libshutdown$$00000007  c_w.l(libshutdown2.o)
    0x080002f2   0x080002f2   0x00000000   Code   RO         1210    .ARM.Collect$$libshutdown$$0000000A  c_w.l(libshutdown2.o)
    0x080002f2   0x080002f2   0x00000000   Code   RO         1212    .ARM.Collect$$libshutdown$$0000000C  c_w.l(libshutdown2.o)
    0x080002f2   0x080002f2   0x00000000   Code   RO         1215    .ARM.Collect$$libshutdown$$0000000F  c_w.l(libshutdown2.o)
    0x080002f2   0x080002f2   0x00000002   Code   RO         1216    .ARM.Collect$$libshutdown$$00000010  c_w.l(libshutdown2.o)
    0x080002f4   0x080002f4   0x00000000   Code   RO          927    .ARM.Collect$$rtentry$$00000000  c_w.l(__rtentry.o)
    0x080002f4   0x080002f4   0x00000000   Code   RO         1032    .ARM.Collect$$rtentry$$00000002  c_w.l(__rtentry2.o)
    0x080002f4   0x080002f4   0x00000006   Code   RO         1044    .ARM.Collect$$rtentry$$00000004  c_w.l(__rtentry4.o)
    0x080002fa   0x080002fa   0x00000000   Code   RO         1034    .ARM.Collect$$rtentry$$00000009  c_w.l(__rtentry2.o)
    0x080002fa   0x080002fa   0x00000004   Code   RO         1035    .ARM.Collect$$rtentry$$0000000A  c_w.l(__rtentry2.o)
    0x080002fe   0x080002fe   0x00000000   Code   RO         1037    .ARM.Collect$$rtentry$$0000000C  c_w.l(__rtentry2.o)
    0x080002fe   0x080002fe   0x00000008   Code   RO         1038    .ARM.Collect$$rtentry$$0000000D  c_w.l(__rtentry2.o)
    0x08000306   0x08000306   0x00000002   Code   RO         1123    .ARM.Collect$$rtexit$$00000000  c_w.l(rtexit.o)
    0x08000308   0x08000308   0x00000000   Code   RO         1176    .ARM.Collect$$rtexit$$00000002  c_w.l(rtexit2.o)
    0x08000308   0x08000308   0x00000004   Code   RO         1177    .ARM.Collect$$rtexit$$00000003  c_w.l(rtexit2.o)
    0x0800030c   0x0800030c   0x00000006   Code   RO         1178    .ARM.Collect$$rtexit$$00000004  c_w.l(rtexit2.o)
    0x08000312   0x08000312   0x00000002   PAD
    0x08000314   0x08000314   0x000000b0   Code   RO            3    .text               main.o
    0x080003c4   0x080003c4   0x000006d8   Code   RO          234    .text               driver_usbvcp.o
    0x08000a9c   0x08000a9c   0x00000040   Code   RO          366    .text               startup_stm32f40_41xxx.o
    0x08000adc   0x08000adc   0x0000001a   Code   RO          372    .text               stm32f4xx_it.o
    0x08000af6   0x08000af6   0x00000002   PAD
    0x08000af8   0x08000af8   0x00000210   Code   RO          395    .text               system_stm32f4xx.o
    0x08000d08   0x08000d08   0x000000e0   Code   RO          421    .text               misc.o
    0x08000de8   0x08000de8   0x00000294   Code   RO          524    .text               stm32f4xx_gpio.o
    0x0800107c   0x0800107c   0x0000065c   Code   RO          564    .text               stm32f4xx_rcc.o
    0x080016d8   0x080016d8   0x00000454   Code   RO          646    .text               stm32f4xx_usart.o
    0x08001b2c   0x08001b2c   0x00000104   Code   RO          706    .text               delay.o
    0x08001c30   0x08001c30   0x00000148   Code   RO          746    .text               usart.o
    0x08001d78   0x08001d78   0x00000310   Code   RO          777    .text               usbd_core.o
    0x08002088   0x08002088   0x000000f4   Code   RO          803    .text               usbd_ioreq.o
    0x0800217c   0x0800217c   0x000006d8   Code   RO          823    .text               usbd_req.o
    0x08002854   0x08002854   0x00000ff4   Code   RO          847    .text               usb_core.o
    0x08003848   0x08003848   0x0000037e   Code   RO          867    .text               usb_dcd.o
    0x08003bc6   0x08003bc6   0x00000002   PAD
    0x08003bc8   0x08003bc8   0x000008a6   Code   RO          887    .text               usb_dcd_int.o
    0x0800446e   0x0800446e   0x00000002   Code   RO          911    .text               c_w.l(use_no_semi_2.o)
    0x08004470   0x08004470   0x00000034   Code   RO          913    .text               c_w.l(vsnprintf.o)
    0x080044a4   0x080044a4   0x00000018   Code   RO          915    .text               c_w.l(__2printf.o)
    0x080044bc   0x080044bc   0x00000006   Code   RO          921    .text               c_w.l(heapauxi.o)
    0x080044c2   0x080044c2   0x00000002   Code   RO          925    .text               c_w.l(use_no_semi.o)
    0x080044c4   0x080044c4   0x0000004e   Code   RO          930    .text               c_w.l(_printf_pad.o)
    0x08004512   0x08004512   0x00000024   Code   RO          932    .text               c_w.l(_printf_truncate.o)
    0x08004536   0x08004536   0x00000052   Code   RO          934    .text               c_w.l(_printf_str.o)
    0x08004588   0x08004588   0x00000078   Code   RO          936    .text               c_w.l(_printf_dec.o)
    0x08004600   0x08004600   0x00000028   Code   RO          938    .text               c_w.l(_printf_charcount.o)
    0x08004628   0x08004628   0x00000030   Code   RO          940    .text               c_w.l(_printf_char_common.o)
    0x08004658   0x08004658   0x0000000a   Code   RO          942    .text               c_w.l(_sputc.o)
    0x08004662   0x08004662   0x00000010   Code   RO          944    .text               c_w.l(_snputc.o)
    0x08004672   0x08004672   0x00000002   PAD
    0x08004674   0x08004674   0x00000024   Code   RO          946    .text               c_w.l(_printf_char_file.o)
    0x08004698   0x08004698   0x000000bc   Code   RO          948    .text               c_w.l(_printf_wctomb.o)
    0x08004754   0x08004754   0x0000007c   Code   RO          951    .text               c_w.l(_printf_longlong_dec.o)
    0x080047d0   0x080047d0   0x00000070   Code   RO          957    .text               c_w.l(_printf_oct_int_ll.o)
    0x08004840   0x08004840   0x00000094   Code   RO          977    .text               c_w.l(_printf_hex_int_ll_ptr.o)
    0x080048d4   0x080048d4   0x00000188   Code   RO          997    .text               c_w.l(__printf_flags_ss_wp.o)
    0x08004a5c   0x08004a5c   0x0000008a   Code   RO         1046    .text               c_w.l(lludiv10.o)
    0x08004ae6   0x08004ae6   0x000000b2   Code   RO         1048    .text               c_w.l(_printf_intcommon.o)
    0x08004b98   0x08004b98   0x0000041e   Code   RO         1050    .text               c_w.l(_printf_fp_dec.o)
    0x08004fb6   0x08004fb6   0x00000002   PAD
    0x08004fb8   0x08004fb8   0x000002fc   Code   RO         1052    .text               c_w.l(_printf_fp_hex.o)
    0x080052b4   0x080052b4   0x0000002c   Code   RO         1057    .text               c_w.l(_printf_char.o)
    0x080052e0   0x080052e0   0x0000002c   Code   RO         1059    .text               c_w.l(_printf_wchar.o)
    0x0800530c   0x0800530c   0x00000008   Code   RO         1062    .text               c_w.l(ferror.o)
    0x08005314   0x08005314   0x00000040   Code   RO         1066    .text               c_w.l(_wcrtomb.o)
    0x08005354   0x08005354   0x0000004a   Code   RO         1068    .text               c_w.l(sys_stackheap_outer.o)
    0x0800539e   0x0800539e   0x00000002   PAD
    0x080053a0   0x080053a0   0x00000010   Code   RO         1070    .text               c_w.l(rt_ctype_table.o)
    0x080053b0   0x080053b0   0x00000008   Code   RO         1075    .text               c_w.l(rt_locale_intlibspace.o)
    0x080053b8   0x080053b8   0x00000080   Code   RO         1077    .text               c_w.l(_printf_fp_infnan.o)
    0x08005438   0x08005438   0x000000e4   Code   RO         1079    .text               c_w.l(bigflt0.o)
    0x0800551c   0x0800551c   0x00000012   Code   RO         1107    .text               c_w.l(exit.o)
    0x0800552e   0x0800552e   0x00000002   PAD
    0x08005530   0x08005530   0x00000008   Code   RO         1120    .text               c_w.l(libspace.o)
    0x08005538   0x08005538   0x00000080   Code   RO         1128    .text               c_w.l(strcmpv7m.o)
    0x080055b8   0x080055b8   0x0000003e   Code   RO         1082    CL$$btod_d2e        c_w.l(btod.o)
    0x080055f6   0x080055f6   0x00000046   Code   RO         1084    CL$$btod_d2e_denorm_low  c_w.l(btod.o)
    0x0800563c   0x0800563c   0x00000060   Code   RO         1083    CL$$btod_d2e_norm_op1  c_w.l(btod.o)
    0x0800569c   0x0800569c   0x00000338   Code   RO         1092    CL$$btod_div_common  c_w.l(btod.o)
    0x080059d4   0x080059d4   0x000000dc   Code   RO         1089    CL$$btod_e2e        c_w.l(btod.o)
    0x08005ab0   0x08005ab0   0x0000002a   Code   RO         1086    CL$$btod_ediv       c_w.l(btod.o)
    0x08005ada   0x08005ada   0x0000002a   Code   RO         1085    CL$$btod_emul       c_w.l(btod.o)
    0x08005b04   0x08005b04   0x00000244   Code   RO         1091    CL$$btod_mult_common  c_w.l(btod.o)
    0x08005d48   0x08005d48   0x00000030   Code   RO         1118    i.__ARM_fpclassify  m_wm.l(fpclassify.o)
    0x08005d78   0x08005d78   0x0000000e   Code   RO          990    i._is_digit         c_w.l(__printf_wp.o)
    0x08005d86   0x08005d86   0x00000002   PAD
    0x08005d88   0x08005d88   0x0000002c   Code   RO         1105    locale$$code        c_w.l(lc_numeric_c.o)
    0x08005db4   0x08005db4   0x0000002c   Code   RO         1126    locale$$code        c_w.l(lc_ctype_c.o)
    0x08005de0   0x08005de0   0x0000000a   Code   RO         1184    x$fpl$fpinit        fz_wm.l(fpinit.o)
    0x08005dea   0x08005dea   0x00000004   Code   RO         1023    x$fpl$printf1       fz_wm.l(printf1.o)
    0x08005dee   0x08005dee   0x00000004   Code   RO         1025    x$fpl$printf2       fz_wm.l(printf2.o)
    0x08005df2   0x08005df2   0x00000000   Code   RO         1117    x$fpl$usenofp       fz_wm.l(usenofp.o)
    0x08005df2   0x08005df2   0x00000002   PAD
    0x08005df4   0x08005df4   0x00000008   Data   RO          949    .constdata          c_w.l(_printf_wctomb.o)
    0x08005dfc   0x08005dfc   0x00000028   Data   RO          978    .constdata          c_w.l(_printf_hex_int_ll_ptr.o)
    0x08005e24   0x08005e24   0x00000011   Data   RO          998    .constdata          c_w.l(__printf_flags_ss_wp.o)
    0x08005e35   0x08005e35   0x00000026   Data   RO         1053    .constdata          c_w.l(_printf_fp_hex.o)
    0x08005e5b   0x08005e5b   0x00000001   PAD
    0x08005e5c   0x08005e5c   0x00000094   Data   RO         1080    .constdata          c_w.l(bigflt0.o)
    0x08005ef0   0x08005ef0   0x00000020   Data   RO         1248    Region$$Table       anon$$obj.o
    0x08005f10   0x08005f10   0x0000001c   Data   RO         1104    locale$$data        c_w.l(lc_numeric_c.o)
    0x08005f2c   0x08005f2c   0x00000110   Data   RO         1125    locale$$data        c_w.l(lc_ctype_c.o)


    Execution Region RW_IRAM1 (Exec base: 0x20000000, Load base: 0x0800603c, Size: 0x00001ab0, Max: 0x00020000, ABSOLUTE, COMPRESSED[0x000000f0])

    Exec Addr    Load Addr    Size         Type   Attr      Idx    E Section Name        Object

    0x20000000   COMPRESSED   0x00000124   Data   RW          236    .data               driver_usbvcp.o
    0x20000124   COMPRESSED   0x0000000e   Data   RW          339    .data               bsp_adc.o
    0x20000132   COMPRESSED   0x00000002   PAD
    0x20000134   COMPRESSED   0x00000014   Data   RW          396    .data               system_stm32f4xx.o
    0x20000148   COMPRESSED   0x00000010   Data   RW          565    .data               stm32f4xx_rcc.o
    0x20000158   COMPRESSED   0x00000004   Data   RW          707    .data               delay.o
    0x2000015c   COMPRESSED   0x00000006   Data   RW          748    .data               usart.o
    0x20000162   COMPRESSED   0x00000002   PAD
    0x20000164   COMPRESSED   0x00000034   Data   RW          778    .data               usbd_core.o
    0x20000198   COMPRESSED   0x0000000d   Data   RW          824    .data               usbd_req.o
    0x200001a5   COMPRESSED   0x00000003   PAD
    0x200001a8        -       0x00000054   Zero   RW          206    .bss                project_confi.o
    0x200001fc        -       0x00000f8c   Zero   RW          235    .bss                driver_usbvcp.o
    0x20001188        -       0x000000c8   Zero   RW          747    .bss                usart.o
    0x20001250        -       0x00000060   Zero   RW         1121    .bss                c_w.l(libspace.o)
    0x200012b0        -       0x00000400   Zero   RW          364    HEAP                startup_stm32f40_41xxx.o
    0x200016b0        -       0x00000400   Zero   RW          363    STACK               startup_stm32f40_41xxx.o


==============================================================================

Image component sizes


      Code (inc. data)   RO Data    RW Data    ZI Data      Debug   Object Name

         0          0          0         14          0       1766   bsp_adc.o
       260          8          0          4          0       1465   delay.o
      1752        240          0        292       3980      18101   driver_usbvcp.o
       176         30          0          0          0     286724   main.o
       224         20          0          0          0       1861   misc.o
         0          0          0          0         84        674   project_confi.o
        64         26        392          0       2048        848   startup_stm32f40_41xxx.o
       660         44          0          0          0       4201   stm32f4xx_gpio.o
        26          0          0          0          0       1254   stm32f4xx_it.o
      1628         52          0         16          0      13076   stm32f4xx_rcc.o
      1108         34          0          0          0       7920   stm32f4xx_usart.o
       528         46          0         20          0       1879   system_stm32f4xx.o
       328         16          0          6        200       3298   usart.o
      4084         10          0          0          0      13076   usb_core.o
       894          0          0          0          0       4768   usb_dcd.o
      2214         66          0          0          0       5415   usb_dcd_int.o
       784          6          0         52          0       5694   usbd_core.o
       244          0          0          0          0       2910   usbd_ioreq.o
      1752         52          0         13          0       5840   usbd_req.o

    ----------------------------------------------------------------------
     16730        650        424        424       6312     380770   Object Totals
         0          0         32          0          0          0   (incl. Generated)
         4          0          0          7          0          0   (incl. Padding)

    ----------------------------------------------------------------------

      Code (inc. data)   RO Data    RW Data    ZI Data      Debug   Library Member Name

        24          4          0          0          0         84   __2printf.o
        90          0          0          0          0          0   __dczerorl2.o
         8          0          0          0          0         68   __main.o
       392          4         17          0          0         92   __printf_flags_ss_wp.o
        14          0          0          0          0         68   __printf_wp.o
         0          0          0          0          0          0   __rtentry.o
        12          0          0          0          0          0   __rtentry2.o
         6          0          0          0          0          0   __rtentry4.o
        52          8          0          0          0          0   __scatter.o
        28          0          0          0          0          0   __scatter_zi.o
         6          0          0          0          0          0   _printf_a.o
         6          0          0          0          0          0   _printf_c.o
        44          0          0          0          0        108   _printf_char.o
        48          6          0          0          0         96   _printf_char_common.o
        36          4          0          0          0         80   _printf_char_file.o
        40          0          0          0          0         68   _printf_charcount.o
         6          0          0          0          0          0   _printf_d.o
       120         16          0          0          0         92   _printf_dec.o
         6          0          0          0          0          0   _printf_e.o
         6          0          0          0          0          0   _printf_f.o
      1054          0          0          0          0        216   _printf_fp_dec.o
       764          8         38          0          0        100   _printf_fp_hex.o
       128         16          0          0          0         84   _printf_fp_infnan.o
         6          0          0          0          0          0   _printf_g.o
       148          4         40          0          0        160   _printf_hex_int_ll_ptr.o
         6          0          0          0          0          0   _printf_i.o
       178          0          0          0          0         88   _printf_intcommon.o
        10          0          0          0          0          0   _printf_l.o
         6          0          0          0          0          0   _printf_lc.o
        10          0          0          0          0          0   _printf_ll.o
         6          0          0          0          0          0   _printf_lld.o
         6          0          0          0          0          0   _printf_lli.o
         6          0          0          0          0          0   _printf_llo.o
         6          0          0          0          0          0   _printf_llu.o
         6          0          0          0          0          0   _printf_llx.o
       124         16          0          0          0         92   _printf_longlong_dec.o
         6          0          0          0          0          0   _printf_ls.o
         6          0          0          0          0          0   _printf_n.o
         6          0          0          0          0          0   _printf_o.o
       112         10          0          0          0        124   _printf_oct_int_ll.o
         6          0          0          0          0          0   _printf_p.o
        78          0          0          0          0        108   _printf_pad.o
         0          0          0          0          0          0   _printf_percent.o
         4          0          0          0          0          0   _printf_percent_end.o
         6          0          0          0          0          0   _printf_s.o
        82          0          0          0          0         80   _printf_str.o
        36          0          0          0          0         84   _printf_truncate.o
         6          0          0          0          0          0   _printf_u.o
        44          0          0          0          0        108   _printf_wchar.o
       188          6          8          0          0         92   _printf_wctomb.o
         6          0          0          0          0          0   _printf_x.o
        16          0          0          0          0         68   _snputc.o
        10          0          0          0          0         68   _sputc.o
        64          0          0          0          0         92   _wcrtomb.o
       228          4        148          0          0         96   bigflt0.o
      1936        128          0          0          0        672   btod.o
        18          0          0          0          0         80   exit.o
         8          0          0          0          0         68   ferror.o
         6          0          0          0          0        152   heapauxi.o
        44         10        272          0          0         76   lc_ctype_c.o
        44         10         28          0          0         76   lc_numeric_c.o
         2          0          0          0          0          0   libinit.o
        34          0          0          0          0          0   libinit2.o
         2          0          0          0          0          0   libshutdown.o
         2          0          0          0          0          0   libshutdown2.o
         8          4          0          0         96         68   libspace.o
       138          0          0          0          0         80   lludiv10.o
        16          4          0          0          0         76   rt_ctype_table.o
         8          4          0          0          0         68   rt_locale_intlibspace.o
         2          0          0          0          0          0   rtexit.o
        10          0          0          0          0          0   rtexit2.o
       128          0          0          0          0         68   strcmpv7m.o
        74          0          0          0          0         80   sys_stackheap_outer.o
         2          0          0          0          0         68   use_no_semi.o
         2          0          0          0          0         68   use_no_semi_2.o
        52          4          0          0          0         80   vsnprintf.o
        10          0          0          0          0        116   fpinit.o
         4          0          0          0          0        116   printf1.o
         4          0          0          0          0        116   printf2.o
         0          0          0          0          0          0   usenofp.o
        48          0          0          0          0        124   fpclassify.o

    ----------------------------------------------------------------------
      6930        270        552          0         96       4668   Library Totals
        16          0          1          0          0          0   (incl. Padding)

    ----------------------------------------------------------------------

      Code (inc. data)   RO Data    RW Data    ZI Data      Debug   Library Name

      6848        270        551          0         96       4196   c_w.l
        18          0          0          0          0        348   fz_wm.l
        48          0          0          0          0        124   m_wm.l

    ----------------------------------------------------------------------
      6930        270        552          0         96       4668   Library Totals

    ----------------------------------------------------------------------

==============================================================================


      Code (inc. data)   RO Data    RW Data    ZI Data      Debug   

     23660        920        976        424       6408     379250   Grand Totals
     23660        920        976        240       6408     379250   ELF Image Totals (compressed)
     23660        920        976        240          0          0   ROM Totals

==============================================================================

    Total RO  Size (Code + RO Data)                24636 (  24.06kB)
    Total RW  Size (RW Data + ZI Data)              6832 (   6.67kB)
    Total ROM Size (Code + RO Data + RW Data)      24876 (  24.29kB)

==============================================================================

